Archive member included to satisfy reference by file (symbol)

/usr/lib/gcc/arm-none-eabi/4.9.3/../../../arm-none-eabi/lib/armv7e-m/libg_nano.a(lib_a-atexit.o)
                              /usr/lib/gcc/arm-none-eabi/4.9.3/../../../arm-none-eabi/lib/armv7e-m/crt0.o (atexit)
/usr/lib/gcc/arm-none-eabi/4.9.3/../../../arm-none-eabi/lib/armv7e-m/libg_nano.a(lib_a-errno.o)
                              syscalls.o (__errno)
/usr/lib/gcc/arm-none-eabi/4.9.3/../../../arm-none-eabi/lib/armv7e-m/libg_nano.a(lib_a-exit.o)
                              /usr/lib/gcc/arm-none-eabi/4.9.3/../../../arm-none-eabi/lib/armv7e-m/crt0.o (exit)
/usr/lib/gcc/arm-none-eabi/4.9.3/../../../arm-none-eabi/lib/armv7e-m/libg_nano.a(lib_a-fini.o)
                              /usr/lib/gcc/arm-none-eabi/4.9.3/../../../arm-none-eabi/lib/armv7e-m/crt0.o (__libc_fini_array)
/usr/lib/gcc/arm-none-eabi/4.9.3/../../../arm-none-eabi/lib/armv7e-m/libg_nano.a(lib_a-impure.o)
                              /usr/lib/gcc/arm-none-eabi/4.9.3/../../../arm-none-eabi/lib/armv7e-m/libg_nano.a(lib_a-exit.o) (_global_impure_ptr)
/usr/lib/gcc/arm-none-eabi/4.9.3/../../../arm-none-eabi/lib/armv7e-m/libg_nano.a(lib_a-init.o)
                              /usr/lib/gcc/arm-none-eabi/4.9.3/../../../arm-none-eabi/lib/armv7e-m/crt0.o (__libc_init_array)
/usr/lib/gcc/arm-none-eabi/4.9.3/../../../arm-none-eabi/lib/armv7e-m/libg_nano.a(lib_a-memset.o)
                              /usr/lib/gcc/arm-none-eabi/4.9.3/../../../arm-none-eabi/lib/armv7e-m/crt0.o (memset)
/usr/lib/gcc/arm-none-eabi/4.9.3/../../../arm-none-eabi/lib/armv7e-m/libg_nano.a(lib_a-puts.o)
                              src/stm32f4xx_usart_driver.o (puts)
/usr/lib/gcc/arm-none-eabi/4.9.3/../../../arm-none-eabi/lib/armv7e-m/libg_nano.a(lib_a-wbuf.o)
                              /usr/lib/gcc/arm-none-eabi/4.9.3/../../../arm-none-eabi/lib/armv7e-m/libg_nano.a(lib_a-puts.o) (__swbuf_r)
/usr/lib/gcc/arm-none-eabi/4.9.3/../../../arm-none-eabi/lib/armv7e-m/libg_nano.a(lib_a-wsetup.o)
                              /usr/lib/gcc/arm-none-eabi/4.9.3/../../../arm-none-eabi/lib/armv7e-m/libg_nano.a(lib_a-puts.o) (__swsetup_r)
/usr/lib/gcc/arm-none-eabi/4.9.3/../../../arm-none-eabi/lib/armv7e-m/libg_nano.a(lib_a-__atexit.o)
                              /usr/lib/gcc/arm-none-eabi/4.9.3/../../../arm-none-eabi/lib/armv7e-m/libg_nano.a(lib_a-atexit.o) (__register_exitproc)
/usr/lib/gcc/arm-none-eabi/4.9.3/../../../arm-none-eabi/lib/armv7e-m/libg_nano.a(lib_a-__call_atexit.o)
                              /usr/lib/gcc/arm-none-eabi/4.9.3/../../../arm-none-eabi/lib/armv7e-m/libg_nano.a(lib_a-__atexit.o) (__call_exitprocs)
/usr/lib/gcc/arm-none-eabi/4.9.3/../../../arm-none-eabi/lib/armv7e-m/libg_nano.a(lib_a-fflush.o)
                              /usr/lib/gcc/arm-none-eabi/4.9.3/../../../arm-none-eabi/lib/armv7e-m/libg_nano.a(lib_a-wbuf.o) (_fflush_r)
/usr/lib/gcc/arm-none-eabi/4.9.3/../../../arm-none-eabi/lib/armv7e-m/libg_nano.a(lib_a-findfp.o)
                              /usr/lib/gcc/arm-none-eabi/4.9.3/../../../arm-none-eabi/lib/armv7e-m/libg_nano.a(lib_a-puts.o) (__sinit)
/usr/lib/gcc/arm-none-eabi/4.9.3/../../../arm-none-eabi/lib/armv7e-m/libg_nano.a(lib_a-fwalk.o)
                              /usr/lib/gcc/arm-none-eabi/4.9.3/../../../arm-none-eabi/lib/armv7e-m/libg_nano.a(lib_a-findfp.o) (_fwalk)
/usr/lib/gcc/arm-none-eabi/4.9.3/../../../arm-none-eabi/lib/armv7e-m/libg_nano.a(lib_a-makebuf.o)
                              /usr/lib/gcc/arm-none-eabi/4.9.3/../../../arm-none-eabi/lib/armv7e-m/libg_nano.a(lib_a-wsetup.o) (__smakebuf_r)
/usr/lib/gcc/arm-none-eabi/4.9.3/../../../arm-none-eabi/lib/armv7e-m/libg_nano.a(lib_a-nano-freer.o)
                              /usr/lib/gcc/arm-none-eabi/4.9.3/../../../arm-none-eabi/lib/armv7e-m/libg_nano.a(lib_a-wsetup.o) (_free_r)
/usr/lib/gcc/arm-none-eabi/4.9.3/../../../arm-none-eabi/lib/armv7e-m/libg_nano.a(lib_a-nano-mallocr.o)
                              /usr/lib/gcc/arm-none-eabi/4.9.3/../../../arm-none-eabi/lib/armv7e-m/libg_nano.a(lib_a-findfp.o) (_malloc_r)
/usr/lib/gcc/arm-none-eabi/4.9.3/../../../arm-none-eabi/lib/armv7e-m/libg_nano.a(lib_a-sbrkr.o)
                              /usr/lib/gcc/arm-none-eabi/4.9.3/../../../arm-none-eabi/lib/armv7e-m/libg_nano.a(lib_a-nano-mallocr.o) (_sbrk_r)
/usr/lib/gcc/arm-none-eabi/4.9.3/../../../arm-none-eabi/lib/armv7e-m/libg_nano.a(lib_a-stdio.o)
                              /usr/lib/gcc/arm-none-eabi/4.9.3/../../../arm-none-eabi/lib/armv7e-m/libg_nano.a(lib_a-findfp.o) (__sread)
/usr/lib/gcc/arm-none-eabi/4.9.3/../../../arm-none-eabi/lib/armv7e-m/libg_nano.a(lib_a-writer.o)
                              /usr/lib/gcc/arm-none-eabi/4.9.3/../../../arm-none-eabi/lib/armv7e-m/libg_nano.a(lib_a-stdio.o) (_write_r)
/usr/lib/gcc/arm-none-eabi/4.9.3/../../../arm-none-eabi/lib/armv7e-m/libg_nano.a(lib_a-closer.o)
[...]
Memory Configuration

Name             Origin             Length             Attributes
FLASH            0x0000000008000000 0x0000000000100000 xr
SRAM             0x0000000020000000 0x0000000000020000 xrw
*default*        0x0000000000000000 0xffffffffffffffff

Linker script and memory map

LOAD /usr/lib/gcc/arm-none-eabi/4.9.3/armv7e-m/crti.o
LOAD /usr/lib/gcc/arm-none-eabi/4.9.3/armv7e-m/crtbegin.o
LOAD /usr/lib/gcc/arm-none-eabi/4.9.3/../../../arm-none-eabi/lib/armv7e-m/crt0.o
LOAD src/stm32f413xx_rcc_driver.o
LOAD src/stm32f4xx_usart_driver.o
LOAD src/stm32f413xx_spi_driver.o
LOAD src/stm32f413xx_gpio_driver.o
LOAD stm32_startup.o
LOAD syscalls.o
LOAD main.o
START GROUP
LOAD /usr/lib/gcc/arm-none-eabi/4.9.3/armv7e-m/libgcc.a
LOAD /usr/lib/gcc/arm-none-eabi/4.9.3/../../../arm-none-eabi/lib/armv7e-m/libg_nano.a
LOAD /usr/lib/gcc/arm-none-eabi/4.9.3/../../../arm-none-eabi/lib/armv7e-m/libc_nano.a
END GROUP
START GROUP
LOAD /usr/lib/gcc/arm-none-eabi/4.9.3/armv7e-m/libgcc.a
LOAD /usr/lib/gcc/arm-none-eabi/4.9.3/../../../arm-none-eabi/lib/armv7e-m/libc_nano.a
END GROUP
LOAD /usr/lib/gcc/arm-none-eabi/4.9.3/armv7e-m/crtend.o
LOAD /usr/lib/gcc/arm-none-eabi/4.9.3/armv7e-m/crtn.o

.text           0x0000000008000000     0x3674
 *(.isr_vector)
 *(.text)
 .text          0x0000000008000000        0x0 /usr/lib/gcc/arm-none-eabi/4.9.3/armv7e-m/crti.o
 .text          0x0000000008000000       0xa4 /usr/lib/gcc/arm-none-eabi/4.9.3/armv7e-m/crtbegin.o
 .text          0x00000000080000a4       0x68 /usr/lib/gcc/arm-none-eabi/4.9.3/../../../arm-none-eabi/lib/armv7e-m/crt0.o
                0x00000000080000a4                _mainCRTStartup
                0x00000000080000a4                _start
 .text          0x000000000800010c      0x170 src/stm32f413xx_rcc_driver.o
                0x000000000800010c                RCC_GetPCLK1Value
                0x00000000080001bc                RCC_GetPCLK2Value
                0x000000000800026c                RCC_GetPLLOutputClock
 .text          0x000000000800027c      0xf20 src/stm32f4xx_usart_driver.o
                0x000000000800027c                USART_clk
                0x0000000008000480                USART_init
                0x000000000800058c                USART_deinit
                0x000000000800071c                USART_transmit
                0x00000000080007ac                USART_receive
                0x0000000008000854                USART_txIT
                0x00000000080008b0                USART_rxIT
                0x00000000080008fc                USART_IRQconfig
                0x0000000008000a74                USART_IRQpriorityconfig
                0x0000000008000ac8                USART_IRQHandling
                0x0000000008000e60                USART_SetBaudRate
                0x0000000008000f58                USART_peripheral_control
                0x0000000008000f94                USART_GetFlagStatus
                0x0000000008000fd4                USART_ClearFlag
                0x0000000008000ffc                USART6_GPIO_init
                0x0000000008001048                USART6_initUSART
                0x00000000080010b4                put_char_usart
                0x00000000080010dc                get_char_usart
                0x0000000008001118                setUsartBaud
                0x000000000800114c                USART6_IRQHandler
                0x000000000800115c                USART_ApplicationEventCallback
 .text          0x000000000800119c      0x920 src/stm32f413xx_spi_driver.o
                0x000000000800119c                SPI_clk
                0x00000000080012b0                SPI_init
                0x0000000008001364                SPI_deinit
                0x0000000008001438                SPI_GetFlagStatus
                0x0000000008001464                SPI_transmit
                0x00000000080014d8                SPI_receive
                0x000000000800154c                SPI_txIT
                0x0000000008001594                SPI_rxIT
                0x00000000080015dc                SPI_IRQconfig
                0x0000000008001754                SPI_IRQpriorityconfig
                0x00000000080017a8                SPI_IRQHandling
                0x0000000008001840                SPI_peripheral_control
                0x000000000800187c                SPI_SSIConfig
                0x00000000080018b8                SPI_SSOEConfig
                0x00000000080018f4                SPI_CloseTransmission
                0x0000000008001928                SPI_CloseReception
                0x000000000800195c                SPI_ClearOVRFlag
                0x000000000800197c                SPI_app_event_callback
 .text          0x0000000008001abc      0xb00 src/stm32f413xx_gpio_driver.o
                0x0000000008001abc                GPIO_clk
                0x0000000008001c60                GPIO_init
                0x0000000008001f94                GPIO_deinit
                0x00000000080020d8                GPIO_readpin
                0x0000000008002108                GPIO_readport
                0x0000000008002128                GPIO_writepin
                0x0000000008002178                GPIO_writeport
                0x0000000008002194                GPIO_togglepin
                0x00000000080021bc                GPIO_toggleport
                0x00000000080021d8                GPIO_IRQconfig
                0x0000000008002350                GPIO_IRQpriorityconfig
                0x00000000080023a4                GPIO_IRQhandling
                0x00000000080023e0                GPIO_BoardLEDSInit
                0x0000000008002484                GPIO_BoardButtonInit
                0x00000000080024cc                delay
                0x00000000080024fc                delay_debounce
                0x0000000008002584                digitalWrite
 .text          0x00000000080025bc       0x88 stm32_startup.o
                0x00000000080025bc                Reset_Handler
 .text          0x0000000008002644      0x278 syscalls.o
                0x0000000008002644                initialise_monitor_handles
                0x0000000008002650                _getpid
                0x0000000008002660                _kill
                0x0000000008002680                _exit
                0x0000000008002694                _read
                0x00000000080026d0                _write
                0x0000000008002708                _close
                0x0000000008002720                _fstat
                0x0000000008002740                _isatty
                0x0000000008002758                _lseek
                0x0000000008002774                _open
                0x0000000008002790                _wait
                0x00000000080027b0                _unlink
                0x00000000080027d0                _times
                0x00000000080027e8                _stat
                0x0000000008002808                _link
                0x0000000008002828                _fork
                0x0000000008002840                _execve
                0x0000000008002864                _sbrk
 .text          0x00000000080028bc       0xa0 main.o
                0x00000000080028bc                main
 .text          0x000000000800295c        0x0 /usr/lib/gcc/arm-none-eabi/4.9.3/../../../arm-none-eabi/lib/armv7e-m/libg_nano.a(lib_a-atexit.o)
 .text          0x000000000800295c        0x0 /usr/lib/gcc/arm-none-eabi/4.9.3/../../../arm-none-eabi/lib/armv7e-m/libg_nano.a(lib_a-errno.o)
 .text          0x000000000800295c        0x0 /usr/lib/gcc/arm-none-eabi/4.9.3/../../../arm-none-eabi/lib/armv7e-m/libg_nano.a(lib_a-exit.o)
 .text          0x000000000800295c        0x0 /usr/lib/gcc/arm-none-eabi/4.9.3/../../../arm-none-eabi/lib/armv7e-m/libg_nano.a(lib_a-fini.o)
 .text          0x000000000800295c        0x0 /usr/lib/gcc/arm-none-eabi/4.9.3/../../../arm-none-eabi/lib/armv7e-m/libg_nano.a(lib_a-impure.o)
 .text          0x000000000800295c        0x0 /usr/lib/gcc/arm-none-eabi/4.9.3/../../../arm-none-eabi/lib/armv7e-m/libg_nano.a(lib_a-init.o)
 .text          0x000000000800295c        0x0 /usr/lib/gcc/arm-none-eabi/4.9.3/../../../arm-none-eabi/lib/armv7e-m/libg_nano.a(lib_a-memset.o)
 .text          0x000000000800295c        0x0 /usr/lib/gcc/arm-none-eabi/4.9.3/../../../arm-none-eabi/lib/armv7e-m/libg_nano.a(lib_a-puts.o)
 .text          0x000000000800295c        0x0 /usr/lib/gcc/arm-none-eabi/4.9.3/../../../arm-none-eabi/lib/armv7e-m/libg_nano.a(lib_a-wbuf.o)
 .text          0x000000000800295c        0x0 /usr/lib/gcc/arm-none-eabi/4.9.3/../../../arm-none-eabi/lib/armv7e-m/libg_nano.a(lib_a-wsetup.o)
 .text          0x000000000800295c        0x0 /usr/lib/gcc/arm-none-eabi/4.9.3/../../../arm-none-eabi/lib/armv7e-m/libg_nano.a(lib_a-__atexit.o)
 .text          0x000000000800295c        0x0 /usr/lib/gcc/arm-none-eabi/4.9.3/../../../arm-none-eabi/lib/armv7e-m/libg_nano.a(lib_a-__call_atexit.o)
 .text          0x000000000800295c        0x0 /usr/lib/gcc/arm-none-eabi/4.9.3/../../../arm-none-eabi/lib/armv7e-m/libg_nano.a(lib_a-fflush.o)
 .text          0x000000000800295c        0x0 /usr/lib/gcc/arm-none-eabi/4.9.3/../../../arm-none-eabi/lib/armv7e-m/libg_nano.a(lib_a-findfp.o)
 .text          0x000000000800295c        0x0 /usr/lib/gcc/arm-none-eabi/4.9.3/../../../arm-none-eabi/lib/armv7e-m/libg_nano.a(lib_a-fwalk.o)
 .text          0x000000000800295c        0x0 /usr/lib/gcc/arm-none-eabi/4.9.3/../../../arm-none-eabi/lib/armv7e-m/libg_nano.a(lib_a-makebuf.o)
 .text          0x000000000800295c        0x0 /usr/lib/gcc/arm-none-eabi/4.9.3/../../../arm-none-eabi/lib/armv7e-m/libg_nano.a(lib_a-nano-freer.o)
 .text          0x000000000800295c        0x0 /usr/lib/gcc/arm-none-eabi/4.9.3/../../../arm-none-eabi/lib/armv7e-m/libg_nano.a(lib_a-nano-mallocr.o)
 .text          0x000000000800295c        0x0 /usr/lib/gcc/arm-none-eabi/4.9.3/../../../arm-none-eabi/lib/armv7e-m/libg_nano.a(lib_a-sbrkr.o)
 .text          0x000000000800295c        0x0 /usr/lib/gcc/arm-none-eabi/4.9.3/../../../arm-none-eabi/lib/armv7e-m/libg_nano.a(lib_a-stdio.o)
 .text          0x000000000800295c        0x0 /usr/lib/gcc/arm-none-eabi/4.9.3/../../../arm-none-eabi/lib/armv7e-m/libg_nano.a(lib_a-writer.o)
 .text          0x000000000800295c        0x0 /usr/lib/gcc/arm-none-eabi/4.9.3/../../../arm-none-eabi/lib/armv7e-m/libg_nano.a(lib_a-closer.o)
 .text          0x000000000800295c        0x0 /usr/lib/gcc/arm-none-eabi/4.9.3/../../../arm-none-eabi/lib/armv7e-m/libg_nano.a(lib_a-fstatr.o)
 .text          0x000000000800295c        0x0 /usr/lib/gcc/arm-none-eabi/4.9.3/../../../arm-none-eabi/lib/armv7e-m/libg_nano.a(lib_a-isattyr.o)
 .text          0x000000000800295c        0x0 /usr/lib/gcc/arm-none-eabi/4.9.3/../../../arm-none-eabi/lib/armv7e-m/libg_nano.a(lib_a-lseekr.o)
 .text          0x000000000800295c        0x0 /usr/lib/gcc/arm-none-eabi/4.9.3/../../../arm-none-eabi/lib/armv7e-m/libg_nano.a(lib_a-readr.o)
 .text          0x000000000800295c        0x0 /usr/lib/gcc/arm-none-eabi/4.9.3/../../../arm-none-eabi/lib/armv7e-m/libg_nano.a(lib_a-reent.o)
 .text          0x000000000800295c        0x0 /usr/lib/gcc/arm-none-eabi/4.9.3/armv7e-m/crtend.o
 .text          0x000000000800295c        0x0 /usr/lib/gcc/arm-none-eabi/4.9.3/armv7e-m/crtn.o
 *(.text.*)
 .text.atexit   0x000000000800295c        0xc /usr/lib/gcc/arm-none-eabi/4.9.3/../../../arm-none-eabi/lib/armv7e-m/libg_nano.a(lib_a-atexit.o)
                0x000000000800295c                atexit
 .text.__errno  0x0000000008002968        0xc /usr/lib/gcc/arm-none-eabi/4.9.3/../../../arm-none-eabi/lib/armv7e-m/libg_nano.a(lib_a-errno.o)
                0x0000000008002968                __errno
 .text.exit     0x0000000008002974       0x28 /usr/lib/gcc/arm-none-eabi/4.9.3/../../../arm-none-eabi/lib/armv7e-m/libg_nano.a(lib_a-exit.o)
                0x0000000008002974                exit
 .text.__libc_fini_array
                0x000000000800299c       0x28 /usr/lib/gcc/arm-none-eabi/4.9.3/../../../arm-none-eabi/lib/armv7e-m/libg_nano.a(lib_a-fini.o)
                0x000000000800299c                __libc_fini_array
 .text.__libc_init_array
                0x00000000080029c4       0x4c /usr/lib/gcc/arm-none-eabi/4.9.3/../../../arm-none-eabi/lib/armv7e-m/libg_nano.a(lib_a-init.o)
                0x00000000080029c4                __libc_init_array
 .text.memset   0x0000000008002a10       0x10 /usr/lib/gcc/arm-none-eabi/4.9.3/../../../arm-none-eabi/lib/armv7e-m/libg_nano.a(lib_a-memset.o)
                0x0000000008002a10                memset
 .text._puts_r  0x0000000008002a20       0xf0 /usr/lib/gcc/arm-none-eabi/4.9.3/../../../arm-none-eabi/lib/armv7e-m/libg_nano.a(lib_a-puts.o)
                0x0000000008002a20                _puts_r
 .text.puts     0x0000000008002b10       0x10 /usr/lib/gcc/arm-none-eabi/4.9.3/../../../arm-none-eabi/lib/armv7e-m/libg_nano.a(lib_a-puts.o)
                0x0000000008002b10                puts
 .text.__swbuf_r
                0x0000000008002b20       0xa8 /usr/lib/gcc/arm-none-eabi/4.9.3/../../../arm-none-eabi/lib/armv7e-m/libg_nano.a(lib_a-wbuf.o)
                0x0000000008002b20                __swbuf_r
 .text.__swbuf  0x0000000008002bc8       0x14 /usr/lib/gcc/arm-none-eabi/4.9.3/../../../arm-none-eabi/lib/armv7e-m/libg_nano.a(lib_a-wbuf.o)
                0x0000000008002bc8                __swbuf
 .text.__swsetup_r
                0x0000000008002bdc       0xd8 /usr/lib/gcc/arm-none-eabi/4.9.3/../../../arm-none-eabi/lib/armv7e-m/libg_nano.a(lib_a-wsetup.o)
                0x0000000008002bdc                __swsetup_r
 .text.__register_exitproc
                0x0000000008002cb4       0xb8 /usr/lib/gcc/arm-none-eabi/4.9.3/../../../arm-none-eabi/lib/armv7e-m/libg_nano.a(lib_a-__atexit.o)
                0x0000000008002cb4                __register_exitproc
 .text.__call_exitprocs
                0x0000000008002d6c       0xd4 /usr/lib/gcc/arm-none-eabi/4.9.3/../../../arm-none-eabi/lib/armv7e-m/libg_nano.a(lib_a-__call_atexit.o)
                0x0000000008002d6c                __call_exitprocs
 .text.__sflush_r
                0x0000000008002e40      0x108 /usr/lib/gcc/arm-none-eabi/4.9.3/../../../arm-none-eabi/lib/armv7e-m/libg_nano.a(lib_a-fflush.o)
                0x0000000008002e40                __sflush_r
 .text._fflush_r
                0x0000000008002f48       0x54 /usr/lib/gcc/arm-none-eabi/4.9.3/../../../arm-none-eabi/lib/armv7e-m/libg_nano.a(lib_a-fflush.o)
                0x0000000008002f48                _fflush_r
 .text.fflush   0x0000000008002f9c       0x24 /usr/lib/gcc/arm-none-eabi/4.9.3/../../../arm-none-eabi/lib/armv7e-m/libg_nano.a(lib_a-fflush.o)
                0x0000000008002f9c                fflush
 .text.__fp_lock
                0x0000000008002fc0        0x4 /usr/lib/gcc/arm-none-eabi/4.9.3/../../../arm-none-eabi/lib/armv7e-m/libg_nano.a(lib_a-findfp.o)
 .text.__fp_unlock
                0x0000000008002fc4        0x4 /usr/lib/gcc/arm-none-eabi/4.9.3/../../../arm-none-eabi/lib/armv7e-m/libg_nano.a(lib_a-findfp.o)
 .text._cleanup_r
                0x0000000008002fc8        0xc /usr/lib/gcc/arm-none-eabi/4.9.3/../../../arm-none-eabi/lib/armv7e-m/libg_nano.a(lib_a-findfp.o)
                0x0000000008002fc8                _cleanup_r
 .text.std.isra.0
                0x0000000008002fd4       0x48 /usr/lib/gcc/arm-none-eabi/4.9.3/../../../arm-none-eabi/lib/armv7e-m/libg_nano.a(lib_a-findfp.o)
 .text.__sfmoreglue
                0x000000000800301c       0x2c /usr/lib/gcc/arm-none-eabi/4.9.3/../../../arm-none-eabi/lib/armv7e-m/libg_nano.a(lib_a-findfp.o)
                0x000000000800301c                __sfmoreglue
 .text._cleanup
                0x0000000008003048        0xc /usr/lib/gcc/arm-none-eabi/4.9.3/../../../arm-none-eabi/lib/armv7e-m/libg_nano.a(lib_a-findfp.o)
                0x0000000008003048                _cleanup
 .text.__sinit  0x0000000008003054       0x60 /usr/lib/gcc/arm-none-eabi/4.9.3/../../../arm-none-eabi/lib/armv7e-m/libg_nano.a(lib_a-findfp.o)
                0x0000000008003054                __sinit
 .text.__sfp    0x00000000080030b4       0x74 /usr/lib/gcc/arm-none-eabi/4.9.3/../../../arm-none-eabi/lib/armv7e-m/libg_nano.a(lib_a-findfp.o)
                0x00000000080030b4                __sfp
 .text.__sfp_lock_acquire
                0x0000000008003128        0x2 /usr/lib/gcc/arm-none-eabi/4.9.3/../../../arm-none-eabi/lib/armv7e-m/libg_nano.a(lib_a-findfp.o)
                0x0000000008003128                __sfp_lock_acquire
 .text.__sfp_lock_release
                0x000000000800312a        0x2 /usr/lib/gcc/arm-none-eabi/4.9.3/../../../arm-none-eabi/lib/armv7e-m/libg_nano.a(lib_a-findfp.o)
                0x000000000800312a                __sfp_lock_release
 .text.__sinit_lock_acquire
                0x000000000800312c        0x2 /usr/lib/gcc/arm-none-eabi/4.9.3/../../../arm-none-eabi/lib/armv7e-m/libg_nano.a(lib_a-findfp.o)
                0x000000000800312c                __sinit_lock_acquire
 .text.__sinit_lock_release
                0x000000000800312e        0x2 /usr/lib/gcc/arm-none-eabi/4.9.3/../../../arm-none-eabi/lib/armv7e-m/libg_nano.a(lib_a-findfp.o)
                0x000000000800312e                __sinit_lock_release
 .text.__fp_lock_all
                0x0000000008003130       0x14 /usr/lib/gcc/arm-none-eabi/4.9.3/../../../arm-none-eabi/lib/armv7e-m/libg_nano.a(lib_a-findfp.o)
                0x0000000008003130                __fp_lock_all
 .text.__fp_unlock_all
                0x0000000008003144       0x14 /usr/lib/gcc/arm-none-eabi/4.9.3/../../../arm-none-eabi/lib/armv7e-m/libg_nano.a(lib_a-findfp.o)
                0x0000000008003144                __fp_unlock_all
 .text._fwalk   0x0000000008003158       0x38 /usr/lib/gcc/arm-none-eabi/4.9.3/../../../arm-none-eabi/lib/armv7e-m/libg_nano.a(lib_a-fwalk.o)
                0x0000000008003158                _fwalk
 .text._fwalk_reent
                0x0000000008003190       0x3c /usr/lib/gcc/arm-none-eabi/4.9.3/../../../arm-none-eabi/lib/armv7e-m/libg_nano.a(lib_a-fwalk.o)
                0x0000000008003190                _fwalk_reent
 .text.__smakebuf_r
                0x00000000080031cc       0x9c /usr/lib/gcc/arm-none-eabi/4.9.3/../../../arm-none-eabi/lib/armv7e-m/libg_nano.a(lib_a-makebuf.o)
                0x00000000080031cc                __smakebuf_r
 .text._free_r  0x0000000008003268       0x88 /usr/lib/gcc/arm-none-eabi/4.9.3/../../../arm-none-eabi/lib/armv7e-m/libg_nano.a(lib_a-nano-freer.o)
                0x0000000008003268                _free_r
 .text._malloc_r
                0x00000000080032f0       0xac /usr/lib/gcc/arm-none-eabi/4.9.3/../../../arm-none-eabi/lib/armv7e-m/libg_nano.a(lib_a-nano-mallocr.o)
                0x00000000080032f0                _malloc_r
 .text._sbrk_r  0x000000000800339c       0x20 /usr/lib/gcc/arm-none-eabi/4.9.3/../../../arm-none-eabi/lib/armv7e-m/libg_nano.a(lib_a-sbrkr.o)
                0x000000000800339c                _sbrk_r
 .text.__sread  0x00000000080033bc       0x22 /usr/lib/gcc/arm-none-eabi/4.9.3/../../../arm-none-eabi/lib/armv7e-m/libg_nano.a(lib_a-stdio.o)
                0x00000000080033bc                __sread
 .text.__seofread
                0x00000000080033de        0x4 /usr/lib/gcc/arm-none-eabi/4.9.3/../../../arm-none-eabi/lib/armv7e-m/libg_nano.a(lib_a-stdio.o)
                0x00000000080033de                __seofread
 .text.__swrite
                0x00000000080033e2       0x38 /usr/lib/gcc/arm-none-eabi/4.9.3/../../../arm-none-eabi/lib/armv7e-m/libg_nano.a(lib_a-stdio.o)
                0x00000000080033e2                __swrite
 .text.__sseek  0x000000000800341a       0x24 /usr/lib/gcc/arm-none-eabi/4.9.3/../../../arm-none-eabi/lib/armv7e-m/libg_nano.a(lib_a-stdio.o)
                0x000000000800341a                __sseek
 .text.__sclose
                0x000000000800343e        0x8 /usr/lib/gcc/arm-none-eabi/4.9.3/../../../arm-none-eabi/lib/armv7e-m/libg_nano.a(lib_a-stdio.o)
                0x000000000800343e                __sclose
 *fill*         0x0000000008003446        0x2 
 .text._write_r
                0x0000000008003448       0x24 /usr/lib/gcc/arm-none-eabi/4.9.3/../../../arm-none-eabi/lib/armv7e-m/libg_nano.a(lib_a-writer.o)
                0x0000000008003448                _write_r
 .text._close_r
                0x000000000800346c       0x20 /usr/lib/gcc/arm-none-eabi/4.9.3/../../../arm-none-eabi/lib/armv7e-m/libg_nano.a(lib_a-closer.o)
                0x000000000800346c                _close_r
 .text._fstat_r
                0x000000000800348c       0x24 /usr/lib/gcc/arm-none-eabi/4.9.3/../../../arm-none-eabi/lib/armv7e-m/libg_nano.a(lib_a-fstatr.o)
                0x000000000800348c                _fstat_r
 .text._isatty_r
                0x00000000080034b0       0x20 /usr/lib/gcc/arm-none-eabi/4.9.3/../../../arm-none-eabi/lib/armv7e-m/libg_nano.a(lib_a-isattyr.o)
                0x00000000080034b0                _isatty_r
 .text._lseek_r
                0x00000000080034d0       0x24 /usr/lib/gcc/arm-none-eabi/4.9.3/../../../arm-none-eabi/lib/armv7e-m/libg_nano.a(lib_a-lseekr.o)
                0x00000000080034d0                _lseek_r
 .text._read_r  0x00000000080034f4       0x24 /usr/lib/gcc/arm-none-eabi/4.9.3/../../../arm-none-eabi/lib/armv7e-m/libg_nano.a(lib_a-readr.o)
                0x00000000080034f4                _read_r
 .text.cleanup_glue
                0x0000000008003518       0x1a /usr/lib/gcc/arm-none-eabi/4.9.3/../../../arm-none-eabi/lib/armv7e-m/libg_nano.a(lib_a-reent.o)
                0x0000000008003518                cleanup_glue
 *fill*         0x0000000008003532        0x2 
 .text._reclaim_reent
                0x0000000008003534       0xb4 /usr/lib/gcc/arm-none-eabi/4.9.3/../../../arm-none-eabi/lib/armv7e-m/libg_nano.a(lib_a-reent.o)
                0x0000000008003534                _reclaim_reent
 *(.init)
 .init          0x00000000080035e8        0x4 /usr/lib/gcc/arm-none-eabi/4.9.3/armv7e-m/crti.o
                0x00000000080035e8                _init
 .init          0x00000000080035ec        0x8 /usr/lib/gcc/arm-none-eabi/4.9.3/armv7e-m/crtn.o
 *(.fini)
 .fini          0x00000000080035f4        0x4 /usr/lib/gcc/arm-none-eabi/4.9.3/armv7e-m/crti.o
                0x00000000080035f4                _fini
 .fini          0x00000000080035f8        0x8 /usr/lib/gcc/arm-none-eabi/4.9.3/armv7e-m/crtn.o
 *(.rodata)
 .rodata        0x0000000008003600        0xc src/stm32f4xx_usart_driver.o
 *(.rodata.*)
 .rodata.str1.1
                0x000000000800360c        0x2 /usr/lib/gcc/arm-none-eabi/4.9.3/../../../arm-none-eabi/lib/armv7e-m/libg_nano.a(lib_a-impure.o)
 *fill*         0x000000000800360e        0x2 
 .rodata._global_impure_ptr
                0x0000000008003610        0x4 /usr/lib/gcc/arm-none-eabi/4.9.3/../../../arm-none-eabi/lib/armv7e-m/libg_nano.a(lib_a-impure.o)
                0x0000000008003610                _global_impure_ptr
 .rodata.__sf_fake_stdin
                0x0000000008003614       0x20 /usr/lib/gcc/arm-none-eabi/4.9.3/../../../arm-none-eabi/lib/armv7e-m/libg_nano.a(lib_a-findfp.o)
                0x0000000008003614                __sf_fake_stdin
 .rodata.__sf_fake_stdout
                0x0000000008003634       0x20 /usr/lib/gcc/arm-none-eabi/4.9.3/../../../arm-none-eabi/lib/armv7e-m/libg_nano.a(lib_a-findfp.o)
                0x0000000008003634                __sf_fake_stdout
 .rodata.__sf_fake_stderr
                0x0000000008003654       0x20 /usr/lib/gcc/arm-none-eabi/4.9.3/../../../arm-none-eabi/lib/armv7e-m/libg_nano.a(lib_a-findfp.o)
                0x0000000008003654                __sf_fake_stderr
                0x0000000008003674                . = ALIGN (0x4)
                0x0000000008003674                _etext = .
                0x0000000008003688                _la_data = LOADADDR (.data)

.eh_frame       0x0000000008003674        0x4
 .eh_frame      0x0000000008003674        0x0 /usr/lib/gcc/arm-none-eabi/4.9.3/armv7e-m/crtbegin.o
 .eh_frame      0x0000000008003674        0x4 /usr/lib/gcc/arm-none-eabi/4.9.3/armv7e-m/crtend.o

.ARM.extab      0x0000000008003678        0x0
 .ARM.extab     0x0000000008003678        0x0 /usr/lib/gcc/arm-none-eabi/4.9.3/../../../arm-none-eabi/lib/armv7e-m/crt0.o

.ARM.exidx      0x0000000008003678        0x8
 .ARM.exidx     0x0000000008003678        0x8 /usr/lib/gcc/arm-none-eabi/4.9.3/../../../arm-none-eabi/lib/armv7e-m/crt0.o

.glue_7         0x0000000008003680        0x0
 .glue_7        0x0000000008003680        0x0 linker stubs

.glue_7t        0x0000000008003680        0x0
 .glue_7t       0x0000000008003680        0x0 linker stubs

.vfp11_veneer   0x0000000008003680        0x0
 .vfp11_veneer  0x0000000008003680        0x0 linker stubs

.v4_bx          0x0000000008003680        0x0
 .v4_bx         0x0000000008003680        0x0 linker stubs

.iplt           0x0000000008003680        0x0
 .iplt          0x0000000008003680        0x0 /usr/lib/gcc/arm-none-eabi/4.9.3/armv7e-m/crtbegin.o

.isr_section    0x0000000008003680        0x8
 .isr_section   0x0000000008003680        0x8 stm32_startup.o
                0x0000000008003680                EXTI2_IRQHandler
                0x0000000008003680                TIM8_CC_IRQHandler
                0x0000000008003680                DebugMon_Handler
                0x0000000008003680                SPI4_IRQHandler
                0x0000000008003680                I2C2_EVT_IRQHandler
                0x0000000008003680                I2C1_ERR_IRQHandler
                0x0000000008003680                TIM1_CC_IRQHandler
                0x0000000008003680                QuadSPI_IRQHandler
                0x0000000008003680                DMA2_Stream5_IRQHandler
                0x0000000008003680                HardFault_Handler
                0x0000000008003680                DMA1_Stream5_IRQHandler
                0x0000000008003680                SysTick_Handler
                0x0000000008003680                CAN3_RX1_IRQHandler
                0x0000000008003680                PVD_IRQHandler
                0x0000000008003680                SDIO_IRQHandler
                0x0000000008003680                TAMP_STAMP_IRQHandler
                0x0000000008003680                PendSV_Handler
                0x0000000008003680                NMI_Handler
                0x0000000008003680                CAN2_RX1_IRQHandler
                0x0000000008003680                EXTI3_IRQHandler
                0x0000000008003680                TIM8_TRG_COM_TIM14_IRQHandler
                0x0000000008003680                DFSDM1_FLT1_IRQHandler
                0x0000000008003680                TIM1_UP_TIM10_IRQHandler
                0x0000000008003680                TIM8_UP_TIM13_IRQHandler
                0x0000000008003680                I2C3_ER_IRQHandler
                0x0000000008003680                USART8_IRQHandler
                0x0000000008003680                EXTI0_IRQHandler
                0x0000000008003680                DMA1_Stream2_IRQHandler
                0x0000000008003680                CAN1_RX0_IRQHandler
                0x0000000008003680                FPU_IRQHandler
                0x0000000008003680                CAN3_SCE_IRQHandler
                0x0000000008003680                UsageFault_Handler
                0x0000000008003680                CAN2_SCE_IRQHandler
                0x0000000008003680                DMA2_Stream2_IRQHandler
                0x0000000008003680                SPI1_IRQHandler
                0x0000000008003680                TIM1_BRK_TIM9_IRQHandler
                0x0000000008003680                CAN2_RX0_IRQHandler
                0x0000000008003680                DMA2_Stream3_IRQHandler
                0x0000000008003680                USART7_IRQHandler
                0x0000000008003680                CAN3_RX0_IRQHandler
                0x0000000008003680                USART3_IRQHandler
                0x0000000008003680                CAN1_RX1_IRQHandler
                0x0000000008003680                UART5_IRQHandler
                0x0000000008003680                DMA2_Stream0_IRQHandler
                0x0000000008003680                TIM4_IRQHandler
                0x0000000008003680                DMA1_Stream6_IRQHandler
                0x0000000008003680                USART4_IRQHandler
                0x0000000008003680                DFSDM2_FILTER3_IRQHandler
                0x0000000008003680                DMA1_Stream1_IRQHandler
                0x0000000008003680                TIM3_IRQHandler
                0x0000000008003680                RCC_IRQHandler
                0x0000000008003680                UART9_IRQHandler
                0x0000000008003680                TIM8_BRK_TIM12_IRQHandler
                0x0000000008003680                Default_Handler
                0x0000000008003680                lptim1_OR_it_eit_23_IRQHandler
                0x0000000008003680                EXTI15_10_IRQHandler
                0x0000000008003680                ADC_IRQHandler
                0x0000000008003680                DMA1_Stream7_IRQHandler
                0x0000000008003680                SPI5_IRQHandler
                0x0000000008003680                TIM7_IRQHandler
                0x0000000008003680                CAN2_TX_IRQHandler
                0x0000000008003680                TIM5_IRQHandler
                0x0000000008003680                DMA2_Stream7_IRQHandler
                0x0000000008003680                I2C3_EV_IRQHandler
                0x0000000008003680                EXTI9_5_IRQHandler
                0x0000000008003680                RTC_WKUP_IRQHandler
                0x0000000008003680                SPI2_IRQHandler
                0x0000000008003680                MemManage_Handler
                0x0000000008003680                DMA1_Stream0_IRQHandler
                0x0000000008003680                CAN1_TX_IRQHandler
                0x0000000008003680                SVC_Handler
                0x0000000008003680                EXTI4_IRQHandler
                0x0000000008003680                RNG_IRQHandler
                0x0000000008003680                I2C1_EVT_IRQHandler
                0x0000000008003680                FSMC_IRQHandler
                0x0000000008003680                CRYPTO_IRQHandler
                0x0000000008003680                CAN3_TX_IRQHandler
                0x0000000008003680                DFSDM2_FILTER2_IRQHandler
                0x0000000008003680                TIM2_IRQHandler
                0x0000000008003680                TIM1_TRG_COM_TIM11_IRQHandler
                0x0000000008003680                DFSDM2_FILTER4_IRQHandler
                0x0000000008003680                I2CFMP1event_IRQHandler
                0x0000000008003680                EXTI1_IRQHandler
                0x0000000008003680                TIM6_GLB_IT_DAC1_DAC2_IRQHandler
                0x0000000008003680                EXTI17_RTC_Alarm_IRQHandler
                0x0000000008003680                USART2_IRQHandler
                0x0000000008003680                DFSDM2_FILTER1_IRQHandler
                0x0000000008003680                DFSDM1_FLT0_IRQHandler
                0x0000000008003680                DMA2_Stream1_IRQHandler
                0x0000000008003680                CAN1_SCE_IRQHandler
                0x0000000008003680                FLASH_IRQHandler
                0x0000000008003680                I2C2_ERR_IRQHandler
                0x0000000008003680                DMA2_Stream4_IRQHandler
                0x0000000008003680                BusFault_Handler
                0x0000000008003680                USART1_IRQHandler
                0x0000000008003680                SPI3_IRQHandler
                0x0000000008003680                DMA1_Stream4_IRQHandler
                0x0000000008003680                I2CFMP1error_IRQHandler
                0x0000000008003680                DMA2_Stream6_IRQHandler
                0x0000000008003680                UART10_IRQHandler
                0x0000000008003680                SAI1_IRQHandler
                0x0000000008003680                DMA1_Stream3_IRQHandler

.rel.dyn        0x0000000008003688        0x0
 .rel.iplt      0x0000000008003688        0x0 /usr/lib/gcc/arm-none-eabi/4.9.3/armv7e-m/crtbegin.o

.data           0x0000000020000000      0x25c load address 0x0000000008003688
                0x0000000020000000                _sdata = .
 *(.data)
 .data          0x0000000020000000        0x0 /usr/lib/gcc/arm-none-eabi/4.9.3/armv7e-m/crti.o
 .data          0x0000000020000000        0x4 /usr/lib/gcc/arm-none-eabi/4.9.3/armv7e-m/crtbegin.o
                0x0000000020000000                __dso_handle
 .data          0x0000000020000004        0x0 /usr/lib/gcc/arm-none-eabi/4.9.3/../../../arm-none-eabi/lib/armv7e-m/crt0.o
 .data          0x0000000020000004       0x18 src/stm32f413xx_rcc_driver.o
                0x0000000020000004                AHB_Prescaler
                0x0000000020000018                APBx_Prescaler
 .data          0x000000002000001c        0x0 src/stm32f4xx_usart_driver.o
 .data          0x000000002000001c        0x0 src/stm32f413xx_spi_driver.o
 .data          0x000000002000001c        0x0 src/stm32f413xx_gpio_driver.o
 .data          0x000000002000001c      0x1d4 stm32_startup.o
                0x000000002000001c                vectors
 .data          0x00000000200001f0        0x4 syscalls.o
                0x00000000200001f0                environ
 .data          0x00000000200001f4        0x0 main.o
 .data          0x00000000200001f4        0x0 /usr/lib/gcc/arm-none-eabi/4.9.3/../../../arm-none-eabi/lib/armv7e-m/libg_nano.a(lib_a-atexit.o)
 .data          0x00000000200001f4        0x0 /usr/lib/gcc/arm-none-eabi/4.9.3/../../../arm-none-eabi/lib/armv7e-m/libg_nano.a(lib_a-errno.o)
 .data          0x00000000200001f4        0x0 /usr/lib/gcc/arm-none-eabi/4.9.3/../../../arm-none-eabi/lib/armv7e-m/libg_nano.a(lib_a-exit.o)
 .data          0x00000000200001f4        0x0 /usr/lib/gcc/arm-none-eabi/4.9.3/../../../arm-none-eabi/lib/armv7e-m/libg_nano.a(lib_a-fini.o)
 .data          0x00000000200001f4        0x0 /usr/lib/gcc/arm-none-eabi/4.9.3/../../../arm-none-eabi/lib/armv7e-m/libg_nano.a(lib_a-impure.o)
 .data          0x00000000200001f4        0x0 /usr/lib/gcc/arm-none-eabi/4.9.3/../../../arm-none-eabi/lib/armv7e-m/libg_nano.a(lib_a-init.o)
 .data          0x00000000200001f4        0x0 /usr/lib/gcc/arm-none-eabi/4.9.3/../../../arm-none-eabi/lib/armv7e-m/libg_nano.a(lib_a-memset.o)
 .data          0x00000000200001f4        0x0 /usr/lib/gcc/arm-none-eabi/4.9.3/../../../arm-none-eabi/lib/armv7e-m/libg_nano.a(lib_a-puts.o)
 .data          0x00000000200001f4        0x0 /usr/lib/gcc/arm-none-eabi/4.9.3/../../../arm-none-eabi/lib/armv7e-m/libg_nano.a(lib_a-wbuf.o)
 .data          0x00000000200001f4        0x0 /usr/lib/gcc/arm-none-eabi/4.9.3/../../../arm-none-eabi/lib/armv7e-m/libg_nano.a(lib_a-wsetup.o)
 .data          0x00000000200001f4        0x0 /usr/lib/gcc/arm-none-eabi/4.9.3/../../../arm-none-eabi/lib/armv7e-m/libg_nano.a(lib_a-__atexit.o)
 .data          0x00000000200001f4        0x0 /usr/lib/gcc/arm-none-eabi/4.9.3/../../../arm-none-eabi/lib/armv7e-m/libg_nano.a(lib_a-__call_atexit.o)
 .data          0x00000000200001f4        0x0 /usr/lib/gcc/arm-none-eabi/4.9.3/../../../arm-none-eabi/lib/armv7e-m/libg_nano.a(lib_a-fflush.o)
 .data          0x00000000200001f4        0x0 /usr/lib/gcc/arm-none-eabi/4.9.3/../../../arm-none-eabi/lib/armv7e-m/libg_nano.a(lib_a-findfp.o)
 .data          0x00000000200001f4        0x0 /usr/lib/gcc/arm-none-eabi/4.9.3/../../../arm-none-eabi/lib/armv7e-m/libg_nano.a(lib_a-fwalk.o)
 .data          0x00000000200001f4        0x0 /usr/lib/gcc/arm-none-eabi/4.9.3/../../../arm-none-eabi/lib/armv7e-m/libg_nano.a(lib_a-makebuf.o)
 .data          0x00000000200001f4        0x0 /usr/lib/gcc/arm-none-eabi/4.9.3/../../../arm-none-eabi/lib/armv7e-m/libg_nano.a(lib_a-nano-freer.o)
 .data          0x00000000200001f4        0x0 /usr/lib/gcc/arm-none-eabi/4.9.3/../../../arm-none-eabi/lib/armv7e-m/libg_nano.a(lib_a-nano-mallocr.o)
 .data          0x00000000200001f4        0x0 /usr/lib/gcc/arm-none-eabi/4.9.3/../../../arm-none-eabi/lib/armv7e-m/libg_nano.a(lib_a-sbrkr.o)
 .data          0x00000000200001f4        0x0 /usr/lib/gcc/arm-none-eabi/4.9.3/../../../arm-none-eabi/lib/armv7e-m/libg_nano.a(lib_a-stdio.o)
 .data          0x00000000200001f4        0x0 /usr/lib/gcc/arm-none-eabi/4.9.3/../../../arm-none-eabi/lib/armv7e-m/libg_nano.a(lib_a-writer.o)
 .data          0x00000000200001f4        0x0 /usr/lib/gcc/arm-none-eabi/4.9.3/../../../arm-none-eabi/lib/armv7e-m/libg_nano.a(lib_a-closer.o)
 .data          0x00000000200001f4        0x0 /usr/lib/gcc/arm-none-eabi/4.9.3/../../../arm-none-eabi/lib/armv7e-m/libg_nano.a(lib_a-fstatr.o)
 .data          0x00000000200001f4        0x0 /usr/lib/gcc/arm-none-eabi/4.9.3/../../../arm-none-eabi/lib/armv7e-m/libg_nano.a(lib_a-isattyr.o)
 .data          0x00000000200001f4        0x0 /usr/lib/gcc/arm-none-eabi/4.9.3/../../../arm-none-eabi/lib/armv7e-m/libg_nano.a(lib_a-lseekr.o)
 .data          0x00000000200001f4        0x0 /usr/lib/gcc/arm-none-eabi/4.9.3/../../../arm-none-eabi/lib/armv7e-m/libg_nano.a(lib_a-readr.o)
 .data          0x00000000200001f4        0x0 /usr/lib/gcc/arm-none-eabi/4.9.3/../../../arm-none-eabi/lib/armv7e-m/libg_nano.a(lib_a-reent.o)
 .data          0x00000000200001f4        0x0 /usr/lib/gcc/arm-none-eabi/4.9.3/armv7e-m/crtend.o
 .data          0x00000000200001f4        0x0 /usr/lib/gcc/arm-none-eabi/4.9.3/armv7e-m/crtn.o
 *(.data.*)
 .data.impure_data
                0x00000000200001f4       0x60 /usr/lib/gcc/arm-none-eabi/4.9.3/../../../arm-none-eabi/lib/armv7e-m/libg_nano.a(lib_a-impure.o)
 .data._impure_ptr
                0x0000000020000254        0x4 /usr/lib/gcc/arm-none-eabi/4.9.3/../../../arm-none-eabi/lib/armv7e-m/libg_nano.a(lib_a-impure.o)
                0x0000000020000254                _impure_ptr
 .data.__atexit_dummy
                0x0000000020000258        0x4 /usr/lib/gcc/arm-none-eabi/4.9.3/../../../arm-none-eabi/lib/armv7e-m/libg_nano.a(lib_a-__atexit.o)
                0x0000000020000258                __atexit_dummy
                0x000000002000025c                . = ALIGN (0x4)
                0x000000002000025c                _edata = .

.init_array     0x000000002000025c        0x4 load address 0x00000000080038e4
 .init_array    0x000000002000025c        0x4 /usr/lib/gcc/arm-none-eabi/4.9.3/armv7e-m/crtbegin.o

.fini_array     0x0000000020000260        0x4 load address 0x00000000080038e8
 .fini_array    0x0000000020000260        0x4 /usr/lib/gcc/arm-none-eabi/4.9.3/armv7e-m/crtbegin.o

.jcr            0x0000000020000264        0x4 load address 0x00000000080038ec
 .jcr           0x0000000020000264        0x0 /usr/lib/gcc/arm-none-eabi/4.9.3/armv7e-m/crtbegin.o
 .jcr           0x0000000020000264        0x4 /usr/lib/gcc/arm-none-eabi/4.9.3/armv7e-m/crtend.o

.tm_clone_table
                0x0000000020000268        0x0 load address 0x00000000080038f0
 .tm_clone_table
                0x0000000020000268        0x0 /usr/lib/gcc/arm-none-eabi/4.9.3/armv7e-m/crtbegin.o
 .tm_clone_table
                0x0000000020000268        0x0 /usr/lib/gcc/arm-none-eabi/4.9.3/armv7e-m/crtend.o

.igot.plt       0x0000000020000268        0x0 load address 0x00000000080038f0
 .igot.plt      0x0000000020000268        0x0 /usr/lib/gcc/arm-none-eabi/4.9.3/armv7e-m/crtbegin.o

.bss            0x0000000020000268       0xe8 load address 0x00000000080038f0
                0x0000000020000268                _sbss = .
                0x0000000020000268                __bss_start__ = _sbss
 *(.bss)
 .bss           0x0000000020000268        0x0 /usr/lib/gcc/arm-none-eabi/4.9.3/armv7e-m/crti.o
 .bss           0x0000000020000268       0x1c /usr/lib/gcc/arm-none-eabi/4.9.3/armv7e-m/crtbegin.o
 .bss           0x0000000020000284        0x0 /usr/lib/gcc/arm-none-eabi/4.9.3/../../../arm-none-eabi/lib/armv7e-m/crt0.o
 .bss           0x0000000020000284        0x0 src/stm32f413xx_rcc_driver.o
 .bss           0x0000000020000284        0x2 src/stm32f4xx_usart_driver.o
                0x0000000020000284                rxComplete
 .bss           0x0000000020000286        0x0 src/stm32f413xx_spi_driver.o
 .bss           0x0000000020000286        0x0 src/stm32f413xx_gpio_driver.o
 .bss           0x0000000020000286        0x0 stm32_startup.o
 *fill*         0x0000000020000286        0x2 
 .bss           0x0000000020000288        0x8 syscalls.o
                0x0000000020000288                __env
 .bss           0x0000000020000290        0x0 main.o
 .bss           0x0000000020000290        0x0 /usr/lib/gcc/arm-none-eabi/4.9.3/../../../arm-none-eabi/lib/armv7e-m/libg_nano.a(lib_a-atexit.o)
 .bss           0x0000000020000290        0x0 /usr/lib/gcc/arm-none-eabi/4.9.3/../../../arm-none-eabi/lib/armv7e-m/libg_nano.a(lib_a-errno.o)
 .bss           0x0000000020000290        0x0 /usr/lib/gcc/arm-none-eabi/4.9.3/../../../arm-none-eabi/lib/armv7e-m/libg_nano.a(lib_a-exit.o)
 .bss           0x0000000020000290        0x0 /usr/lib/gcc/arm-none-eabi/4.9.3/../../../arm-none-eabi/lib/armv7e-m/libg_nano.a(lib_a-fini.o)
 .bss           0x0000000020000290        0x0 /usr/lib/gcc/arm-none-eabi/4.9.3/../../../arm-none-eabi/lib/armv7e-m/libg_nano.a(lib_a-impure.o)
 .bss           0x0000000020000290        0x0 /usr/lib/gcc/arm-none-eabi/4.9.3/../../../arm-none-eabi/lib/armv7e-m/libg_nano.a(lib_a-init.o)
 .bss           0x0000000020000290        0x0 /usr/lib/gcc/arm-none-eabi/4.9.3/../../../arm-none-eabi/lib/armv7e-m/libg_nano.a(lib_a-memset.o)
 .bss           0x0000000020000290        0x0 /usr/lib/gcc/arm-none-eabi/4.9.3/../../../arm-none-eabi/lib/armv7e-m/libg_nano.a(lib_a-puts.o)
 .bss           0x0000000020000290        0x0 /usr/lib/gcc/arm-none-eabi/4.9.3/../../../arm-none-eabi/lib/armv7e-m/libg_nano.a(lib_a-wbuf.o)
 .bss           0x0000000020000290        0x0 /usr/lib/gcc/arm-none-eabi/4.9.3/../../../arm-none-eabi/lib/armv7e-m/libg_nano.a(lib_a-wsetup.o)
 .bss           0x0000000020000290        0x0 /usr/lib/gcc/arm-none-eabi/4.9.3/../../../arm-none-eabi/lib/armv7e-m/libg_nano.a(lib_a-__atexit.o)
 .bss           0x0000000020000290        0x0 /usr/lib/gcc/arm-none-eabi/4.9.3/../../../arm-none-eabi/lib/armv7e-m/libg_nano.a(lib_a-__call_atexit.o)
 .bss           0x0000000020000290        0x0 /usr/lib/gcc/arm-none-eabi/4.9.3/../../../arm-none-eabi/lib/armv7e-m/libg_nano.a(lib_a-fflush.o)
 .bss           0x0000000020000290        0x0 /usr/lib/gcc/arm-none-eabi/4.9.3/../../../arm-none-eabi/lib/armv7e-m/libg_nano.a(lib_a-findfp.o)
 .bss           0x0000000020000290        0x0 /usr/lib/gcc/arm-none-eabi/4.9.3/../../../arm-none-eabi/lib/armv7e-m/libg_nano.a(lib_a-fwalk.o)
 .bss           0x0000000020000290        0x0 /usr/lib/gcc/arm-none-eabi/4.9.3/../../../arm-none-eabi/lib/armv7e-m/libg_nano.a(lib_a-makebuf.o)
 .bss           0x0000000020000290        0x0 /usr/lib/gcc/arm-none-eabi/4.9.3/../../../arm-none-eabi/lib/armv7e-m/libg_nano.a(lib_a-nano-freer.o)
 .bss           0x0000000020000290        0x0 /usr/lib/gcc/arm-none-eabi/4.9.3/../../../arm-none-eabi/lib/armv7e-m/libg_nano.a(lib_a-nano-mallocr.o)
 .bss           0x0000000020000290        0x0 /usr/lib/gcc/arm-none-eabi/4.9.3/../../../arm-none-eabi/lib/armv7e-m/libg_nano.a(lib_a-sbrkr.o)
 .bss           0x0000000020000290        0x0 /usr/lib/gcc/arm-none-eabi/4.9.3/../../../arm-none-eabi/lib/armv7e-m/libg_nano.a(lib_a-stdio.o)
 .bss           0x0000000020000290        0x0 /usr/lib/gcc/arm-none-eabi/4.9.3/../../../arm-none-eabi/lib/armv7e-m/libg_nano.a(lib_a-writer.o)
 .bss           0x0000000020000290        0x0 /usr/lib/gcc/arm-none-eabi/4.9.3/../../../arm-none-eabi/lib/armv7e-m/libg_nano.a(lib_a-closer.o)
 .bss           0x0000000020000290        0x0 /usr/lib/gcc/arm-none-eabi/4.9.3/../../../arm-none-eabi/lib/armv7e-m/libg_nano.a(lib_a-fstatr.o)
 .bss           0x0000000020000290        0x0 /usr/lib/gcc/arm-none-eabi/4.9.3/../../../arm-none-eabi/lib/armv7e-m/libg_nano.a(lib_a-isattyr.o)
 .bss           0x0000000020000290        0x0 /usr/lib/gcc/arm-none-eabi/4.9.3/../../../arm-none-eabi/lib/armv7e-m/libg_nano.a(lib_a-lseekr.o)
 .bss           0x0000000020000290        0x0 /usr/lib/gcc/arm-none-eabi/4.9.3/../../../arm-none-eabi/lib/armv7e-m/libg_nano.a(lib_a-readr.o)
 .bss           0x0000000020000290        0x0 /usr/lib/gcc/arm-none-eabi/4.9.3/../../../arm-none-eabi/lib/armv7e-m/libg_nano.a(lib_a-reent.o)
 .bss           0x0000000020000290        0x0 /usr/lib/gcc/arm-none-eabi/4.9.3/armv7e-m/crtend.o
 .bss           0x0000000020000290        0x0 /usr/lib/gcc/arm-none-eabi/4.9.3/armv7e-m/crtn.o
 *(.bss.*)
 .bss._global_atexit0
                0x0000000020000290       0x8c /usr/lib/gcc/arm-none-eabi/4.9.3/../../../arm-none-eabi/lib/armv7e-m/libg_nano.a(lib_a-__atexit.o)
 .bss._global_atexit
                0x000000002000031c        0x4 /usr/lib/gcc/arm-none-eabi/4.9.3/../../../arm-none-eabi/lib/armv7e-m/libg_nano.a(lib_a-__call_atexit.o)
                0x000000002000031c                _global_atexit
 .bss.__malloc_sbrk_start
                0x0000000020000320        0x4 /usr/lib/gcc/arm-none-eabi/4.9.3/../../../arm-none-eabi/lib/armv7e-m/libg_nano.a(lib_a-nano-mallocr.o)
                0x0000000020000320                __malloc_sbrk_start
 .bss.__malloc_free_list
                0x0000000020000324        0x4 /usr/lib/gcc/arm-none-eabi/4.9.3/../../../arm-none-eabi/lib/armv7e-m/libg_nano.a(lib_a-nano-mallocr.o)
                0x0000000020000324                __malloc_free_list
 *(COMMON)
 COMMON         0x0000000020000328       0x24 src/stm32f4xx_usart_driver.o
                0x0000000020000328                USART6Handle
 COMMON         0x000000002000034c        0x4 /usr/lib/gcc/arm-none-eabi/4.9.3/../../../arm-none-eabi/lib/armv7e-m/libg_nano.a(lib_a-reent.o)
                0x000000002000034c                errno
                0x0000000020000350                . = ALIGN (0x4)
                0x0000000020000350                _ebss = .
                0x0000000020000350                __bss_end__ = _ebss
                0x0000000020000350                . = ALIGN (0x4)
                0x0000000020000350                end = .
                0x0000000020000350                __end__ = .
OUTPUT(final.elf elf32-littlearm)

.ARM.attributes
                0x0000000000000000       0x2a
 .ARM.attributes
                0x0000000000000000       0x1e /usr/lib/gcc/arm-none-eabi/4.9.3/armv7e-m/crti.o
 .ARM.attributes
                0x000000000000001e       0x2e /usr/lib/gcc/arm-none-eabi/4.9.3/armv7e-m/crtbegin.o
 .ARM.attributes
                0x000000000000004c       0x1c /usr/lib/gcc/arm-none-eabi/4.9.3/../../../arm-none-eabi/lib/armv7e-m/crt0.o
 .ARM.attributes
                0x0000000000000068       0x33 src/stm32f413xx_rcc_driver.o
 .ARM.attributes
                0x000000000000009b       0x33 src/stm32f4xx_usart_driver.o
 .ARM.attributes
                0x00000000000000ce       0x33 src/stm32f413xx_spi_driver.o
 .ARM.attributes
                0x0000000000000101       0x33 src/stm32f413xx_gpio_driver.o
 .ARM.attributes
                0x0000000000000134       0x33 stm32_startup.o
 .ARM.attributes
                0x0000000000000167       0x33 syscalls.o
 .ARM.attributes
                0x000000000000019a       0x33 main.o
 .ARM.attributes
                0x00000000000001cd       0x2e /usr/lib/gcc/arm-none-eabi/4.9.3/../../../arm-none-eabi/lib/armv7e-m/libg_nano.a(lib_a-atexit.o)
 .ARM.attributes
                0x00000000000001fb       0x2e /usr/lib/gcc/arm-none-eabi/4.9.3/../../../arm-none-eabi/lib/armv7e-m/libg_nano.a(lib_a-errno.o)
 .ARM.attributes
                0x0000000000000229       0x2e /usr/lib/gcc/arm-none-eabi/4.9.3/../../../arm-none-eabi/lib/armv7e-m/libg_nano.a(lib_a-exit.o)
 .ARM.attributes
                0x0000000000000257       0x2e /usr/lib/gcc/arm-none-eabi/4.9.3/../../../arm-none-eabi/lib/armv7e-m/libg_nano.a(lib_a-fini.o)
 .ARM.attributes
                0x0000000000000285       0x2e /usr/lib/gcc/arm-none-eabi/4.9.3/../../../arm-none-eabi/lib/armv7e-m/libg_nano.a(lib_a-impure.o)
 .ARM.attributes
                0x00000000000002b3       0x2e /usr/lib/gcc/arm-none-eabi/4.9.3/../../../arm-none-eabi/lib/armv7e-m/libg_nano.a(lib_a-init.o)
 .ARM.attributes
                0x00000000000002e1       0x2e /usr/lib/gcc/arm-none-eabi/4.9.3/../../../arm-none-eabi/lib/armv7e-m/libg_nano.a(lib_a-memset.o)
 .ARM.attributes
                0x000000000000030f       0x2e /usr/lib/gcc/arm-none-eabi/4.9.3/../../../arm-none-eabi/lib/armv7e-m/libg_nano.a(lib_a-puts.o)
 .ARM.attributes
                0x000000000000033d       0x2e /usr/lib/gcc/arm-none-eabi/4.9.3/../../../arm-none-eabi/lib/armv7e-m/libg_nano.a(lib_a-wbuf.o)
 .ARM.attributes
                0x000000000000036b       0x2e /usr/lib/gcc/arm-none-eabi/4.9.3/../../../arm-none-eabi/lib/armv7e-m/libg_nano.a(lib_a-wsetup.o)
 .ARM.attributes
                0x0000000000000399       0x2e /usr/lib/gcc/arm-none-eabi/4.9.3/../../../arm-none-eabi/lib/armv7e-m/libg_nano.a(lib_a-__atexit.o)
 .ARM.attributes
                0x00000000000003c7       0x2e /usr/lib/gcc/arm-none-eabi/4.9.3/../../../arm-none-eabi/lib/armv7e-m/libg_nano.a(lib_a-__call_atexit.o)
 .ARM.attributes
                0x00000000000003f5       0x2e /usr/lib/gcc/arm-none-eabi/4.9.3/../../../arm-none-eabi/lib/armv7e-m/libg_nano.a(lib_a-fflush.o)
 .ARM.attributes
                0x0000000000000423       0x2e /usr/lib/gcc/arm-none-eabi/4.9.3/../../../arm-none-eabi/lib/armv7e-m/libg_nano.a(lib_a-findfp.o)
 .ARM.attributes
                0x0000000000000451       0x2e /usr/lib/gcc/arm-none-eabi/4.9.3/../../../arm-none-eabi/lib/armv7e-m/libg_nano.a(lib_a-fwalk.o)
 .ARM.attributes
                0x000000000000047f       0x2e /usr/lib/gcc/arm-none-eabi/4.9.3/../../../arm-none-eabi/lib/armv7e-m/libg_nano.a(lib_a-makebuf.o)
 .ARM.attributes
                0x00000000000004ad       0x2e /usr/lib/gcc/arm-none-eabi/4.9.3/../../../arm-none-eabi/lib/armv7e-m/libg_nano.a(lib_a-nano-freer.o)
 .ARM.attributes
                0x00000000000004db       0x2e /usr/lib/gcc/arm-none-eabi/4.9.3/../../../arm-none-eabi/lib/armv7e-m/libg_nano.a(lib_a-nano-mallocr.o)
 .ARM.attributes
                0x0000000000000509       0x2e /usr/lib/gcc/arm-none-eabi/4.9.3/../../../arm-none-eabi/lib/armv7e-m/libg_nano.a(lib_a-sbrkr.o)
 .ARM.attributes
                0x0000000000000537       0x2e /usr/lib/gcc/arm-none-eabi/4.9.3/../../../arm-none-eabi/lib/armv7e-m/libg_nano.a(lib_a-stdio.o)
 .ARM.attributes
                0x0000000000000565       0x2e /usr/lib/gcc/arm-none-eabi/4.9.3/../../../arm-none-eabi/lib/armv7e-m/libg_nano.a(lib_a-writer.o)
 .ARM.attributes
                0x0000000000000593       0x2e /usr/lib/gcc/arm-none-eabi/4.9.3/../../../arm-none-eabi/lib/armv7e-m/libg_nano.a(lib_a-closer.o)
 .ARM.attributes
                0x00000000000005c1       0x2e /usr/lib/gcc/arm-none-eabi/4.9.3/../../../arm-none-eabi/lib/armv7e-m/libg_nano.a(lib_a-fstatr.o)
 .ARM.attributes
                0x00000000000005ef       0x2e /usr/lib/gcc/arm-none-eabi/4.9.3/../../../arm-none-eabi/lib/armv7e-m/libg_nano.a(lib_a-isattyr.o)
 .ARM.attributes
                0x000000000000061d       0x2e /usr/lib/gcc/arm-none-eabi/4.9.3/../../../arm-none-eabi/lib/armv7e-m/libg_nano.a(lib_a-lseekr.o)
 .ARM.attributes
                0x000000000000064b       0x2e /usr/lib/gcc/arm-none-eabi/4.9.3/../../../arm-none-eabi/lib/armv7e-m/libg_nano.a(lib_a-readr.o)
 .ARM.attributes
                0x0000000000000679       0x2e /usr/lib/gcc/arm-none-eabi/4.9.3/../../../arm-none-eabi/lib/armv7e-m/libg_nano.a(lib_a-reent.o)
 .ARM.attributes
                0x00000000000006a7       0x2e /usr/lib/gcc/arm-none-eabi/4.9.3/armv7e-m/crtend.o
 .ARM.attributes
                0x00000000000006d5       0x1e /usr/lib/gcc/arm-none-eabi/4.9.3/armv7e-m/crtn.o

.comment        0x0000000000000000       0x70
 .comment       0x0000000000000000       0x38 /usr/lib/gcc/arm-none-eabi/4.9.3/armv7e-m/crtbegin.o
                                         0x39 (size before relaxing)
 .comment       0x0000000000000038       0x39 src/stm32f413xx_rcc_driver.o
 .comment       0x0000000000000038       0x39 src/stm32f4xx_usart_driver.o
 .comment       0x0000000000000038       0x39 src/stm32f413xx_spi_driver.o
 .comment       0x0000000000000038       0x39 src/stm32f413xx_gpio_driver.o
 .comment       0x0000000000000038       0x39 stm32_startup.o
 .comment       0x0000000000000038       0x39 syscalls.o
 .comment       0x0000000000000038       0x39 main.o
 .comment       0x0000000000000038       0x38 /usr/lib/gcc/arm-none-eabi/4.9.3/../../../arm-none-eabi/lib/armv7e-m/libg_nano.a(lib_a-atexit.o)
                                         0x39 (size before relaxing)
 .comment       0x0000000000000070       0x39 /usr/lib/gcc/arm-none-eabi/4.9.3/../../../arm-none-eabi/lib/armv7e-m/libg_nano.a(lib_a-errno.o)
 .comment       0x0000000000000070       0x39 /usr/lib/gcc/arm-none-eabi/4.9.3/../../../arm-none-eabi/lib/armv7e-m/libg_nano.a(lib_a-exit.o)
 .comment       0x0000000000000070       0x39 /usr/lib/gcc/arm-none-eabi/4.9.3/../../../arm-none-eabi/lib/armv7e-m/libg_nano.a(lib_a-fini.o)
 .comment       0x0000000000000070       0x39 /usr/lib/gcc/arm-none-eabi/4.9.3/../../../arm-none-eabi/lib/armv7e-m/libg_nano.a(lib_a-impure.o)
 .comment       0x0000000000000070       0x39 /usr/lib/gcc/arm-none-eabi/4.9.3/../../../arm-none-eabi/lib/armv7e-m/libg_nano.a(lib_a-init.o)
 .comment       0x0000000000000070       0x39 /usr/lib/gcc/arm-none-eabi/4.9.3/../../../arm-none-eabi/lib/armv7e-m/libg_nano.a(lib_a-memset.o)
 .comment       0x0000000000000070       0x39 /usr/lib/gcc/arm-none-eabi/4.9.3/../../../arm-none-eabi/lib/armv7e-m/libg_nano.a(lib_a-puts.o)
 .comment       0x0000000000000070       0x39 /usr/lib/gcc/arm-none-eabi/4.9.3/../../../arm-none-eabi/lib/armv7e-m/libg_nano.a(lib_a-wbuf.o)
 .comment       0x0000000000000070       0x39 /usr/lib/gcc/arm-none-eabi/4.9.3/../../../arm-none-eabi/lib/armv7e-m/libg_nano.a(lib_a-wsetup.o)
 .comment       0x0000000000000070       0x39 /usr/lib/gcc/arm-none-eabi/4.9.3/../../../arm-none-eabi/lib/armv7e-m/libg_nano.a(lib_a-__atexit.o)
 .comment       0x0000000000000070       0x39 /usr/lib/gcc/arm-none-eabi/4.9.3/../../../arm-none-eabi/lib/armv7e-m/libg_nano.a(lib_a-__call_atexit.o)
 .comment       0x0000000000000070       0x39 /usr/lib/gcc/arm-none-eabi/4.9.3/../../../arm-none-eabi/lib/armv7e-m/libg_nano.a(lib_a-fflush.o)
 .comment       0x0000000000000070       0x39 /usr/lib/gcc/arm-none-eabi/4.9.3/../../../arm-none-eabi/lib/armv7e-m/libg_nano.a(lib_a-findfp.o)
 .comment       0x0000000000000070       0x39 /usr/lib/gcc/arm-none-eabi/4.9.3/../../../arm-none-eabi/lib/armv7e-m/libg_nano.a(lib_a-fwalk.o)
 .comment       0x0000000000000070       0x39 /usr/lib/gcc/arm-none-eabi/4.9.3/../../../arm-none-eabi/lib/armv7e-m/libg_nano.a(lib_a-makebuf.o)
 .comment       0x0000000000000070       0x39 /usr/lib/gcc/arm-none-eabi/4.9.3/../../../arm-none-eabi/lib/armv7e-m/libg_nano.a(lib_a-nano-freer.o)
 .comment       0x0000000000000070       0x39 /usr/lib/gcc/arm-none-eabi/4.9.3/../../../arm-none-eabi/lib/armv7e-m/libg_nano.a(lib_a-nano-mallocr.o)
 .comment       0x0000000000000070       0x39 /usr/lib/gcc/arm-none-eabi/4.9.3/../../../arm-none-eabi/lib/armv7e-m/libg_nano.a(lib_a-sbrkr.o)
 .comment       0x0000000000000070       0x39 /usr/lib/gcc/arm-none-eabi/4.9.3/../../../arm-none-eabi/lib/armv7e-m/libg_nano.a(lib_a-stdio.o)
 .comment       0x0000000000000070       0x39 /usr/lib/gcc/arm-none-eabi/4.9.3/../../../arm-none-eabi/lib/armv7e-m/libg_nano.a(lib_a-writer.o)
 .comment       0x0000000000000070       0x39 /usr/lib/gcc/arm-none-eabi/4.9.3/../../../arm-none-eabi/lib/armv7e-m/libg_nano.a(lib_a-closer.o)
 .comment       0x0000000000000070       0x39 /usr/lib/gcc/arm-none-eabi/4.9.3/../../../arm-none-eabi/lib/armv7e-m/libg_nano.a(lib_a-fstatr.o)
 .comment       0x0000000000000070       0x39 /usr/lib/gcc/arm-none-eabi/4.9.3/../../../arm-none-eabi/lib/armv7e-m/libg_nano.a(lib_a-isattyr.o)
 .comment       0x0000000000000070       0x39 /usr/lib/gcc/arm-none-eabi/4.9.3/../../../arm-none-eabi/lib/armv7e-m/libg_nano.a(lib_a-lseekr.o)
 .comment       0x0000000000000070       0x39 /usr/lib/gcc/arm-none-eabi/4.9.3/../../../arm-none-eabi/lib/armv7e-m/libg_nano.a(lib_a-readr.o)
 .comment       0x0000000000000070       0x39 /usr/lib/gcc/arm-none-eabi/4.9.3/../../../arm-none-eabi/lib/armv7e-m/libg_nano.a(lib_a-reent.o)
 .comment       0x0000000000000070       0x39 /usr/lib/gcc/arm-none-eabi/4.9.3/armv7e-m/crtend.o

.debug_line     0x0000000000000000     0x3359
 .debug_line    0x0000000000000000       0x7b /usr/lib/gcc/arm-none-eabi/4.9.3/../../../arm-none-eabi/lib/armv7e-m/crt0.o
 .debug_line    0x000000000000007b       0xea src/stm32f413xx_rcc_driver.o
 .debug_line    0x0000000000000165      0x324 src/stm32f4xx_usart_driver.o
 .debug_line    0x0000000000000489      0x22f src/stm32f413xx_spi_driver.o
 .debug_line    0x00000000000006b8      0x275 src/stm32f413xx_gpio_driver.o
 .debug_line    0x000000000000092d       0xd6 stm32_startup.o
 .debug_line    0x0000000000000a03       0xef syscalls.o
 .debug_line    0x0000000000000af2       0xf4 main.o
 .debug_line    0x0000000000000be6       0xc1 /usr/lib/gcc/arm-none-eabi/4.9.3/../../../arm-none-eabi/lib/armv7e-m/libg_nano.a(lib_a-atexit.o)
 .debug_line    0x0000000000000ca7      0x10b /usr/lib/gcc/arm-none-eabi/4.9.3/../../../arm-none-eabi/lib/armv7e-m/libg_nano.a(lib_a-errno.o)
 .debug_line    0x0000000000000db2      0x168 /usr/lib/gcc/arm-none-eabi/4.9.3/../../../arm-none-eabi/lib/armv7e-m/libg_nano.a(lib_a-exit.o)
 .debug_line    0x0000000000000f1a       0x9b /usr/lib/gcc/arm-none-eabi/4.9.3/../../../arm-none-eabi/lib/armv7e-m/libg_nano.a(lib_a-fini.o)
 .debug_line    0x0000000000000fb5       0xf1 /usr/lib/gcc/arm-none-eabi/4.9.3/../../../arm-none-eabi/lib/armv7e-m/libg_nano.a(lib_a-impure.o)
 .debug_line    0x00000000000010a6       0xb6 /usr/lib/gcc/arm-none-eabi/4.9.3/../../../arm-none-eabi/lib/armv7e-m/libg_nano.a(lib_a-init.o)
 .debug_line    0x000000000000115c       0xee /usr/lib/gcc/arm-none-eabi/4.9.3/../../../arm-none-eabi/lib/armv7e-m/libg_nano.a(lib_a-memset.o)
 .debug_line    0x000000000000124a      0x1f8 /usr/lib/gcc/arm-none-eabi/4.9.3/../../../arm-none-eabi/lib/armv7e-m/libg_nano.a(lib_a-puts.o)
 .debug_line    0x0000000000001442      0x1cc /usr/lib/gcc/arm-none-eabi/4.9.3/../../../arm-none-eabi/lib/armv7e-m/libg_nano.a(lib_a-wbuf.o)
 .debug_line    0x000000000000160e      0x1bf /usr/lib/gcc/arm-none-eabi/4.9.3/../../../arm-none-eabi/lib/armv7e-m/libg_nano.a(lib_a-wsetup.o)
 .debug_line    0x00000000000017cd      0x175 /usr/lib/gcc/arm-none-eabi/4.9.3/../../../arm-none-eabi/lib/armv7e-m/libg_nano.a(lib_a-__atexit.o)
 .debug_line    0x0000000000001942      0x180 /usr/lib/gcc/arm-none-eabi/4.9.3/../../../arm-none-eabi/lib/armv7e-m/libg_nano.a(lib_a-__call_atexit.o)
 .debug_line    0x0000000000001ac2      0x24e /usr/lib/gcc/arm-none-eabi/4.9.3/../../../arm-none-eabi/lib/armv7e-m/libg_nano.a(lib_a-fflush.o)
 .debug_line    0x0000000000001d10      0x2c8 /usr/lib/gcc/arm-none-eabi/4.9.3/../../../arm-none-eabi/lib/armv7e-m/libg_nano.a(lib_a-findfp.o)
 .debug_line    0x0000000000001fd8      0x1b7 /usr/lib/gcc/arm-none-eabi/4.9.3/../../../arm-none-eabi/lib/armv7e-m/libg_nano.a(lib_a-fwalk.o)
 .debug_line    0x000000000000218f      0x1b1 /usr/lib/gcc/arm-none-eabi/4.9.3/../../../arm-none-eabi/lib/armv7e-m/libg_nano.a(lib_a-makebuf.o)
 .debug_line    0x0000000000002340      0x149 /usr/lib/gcc/arm-none-eabi/4.9.3/../../../arm-none-eabi/lib/armv7e-m/libg_nano.a(lib_a-nano-freer.o)
 .debug_line    0x0000000000002489      0x199 /usr/lib/gcc/arm-none-eabi/4.9.3/../../../arm-none-eabi/lib/armv7e-m/libg_nano.a(lib_a-nano-mallocr.o)
 .debug_line    0x0000000000002622      0x162 /usr/lib/gcc/arm-none-eabi/4.9.3/../../../arm-none-eabi/lib/armv7e-m/libg_nano.a(lib_a-sbrkr.o)
 .debug_line    0x0000000000002784      0x1d4 /usr/lib/gcc/arm-none-eabi/4.9.3/../../../arm-none-eabi/lib/armv7e-m/libg_nano.a(lib_a-stdio.o)
 .debug_line    0x0000000000002958      0x162 /usr/lib/gcc/arm-none-eabi/4.9.3/../../../arm-none-eabi/lib/armv7e-m/libg_nano.a(lib_a-writer.o)
 .debug_line    0x0000000000002aba      0x163 /usr/lib/gcc/arm-none-eabi/4.9.3/../../../arm-none-eabi/lib/armv7e-m/libg_nano.a(lib_a-closer.o)
 .debug_line    0x0000000000002c1d      0x178 /usr/lib/gcc/arm-none-eabi/4.9.3/../../../arm-none-eabi/lib/armv7e-m/libg_nano.a(lib_a-fstatr.o)
 .debug_line    0x0000000000002d95      0x164 /usr/lib/gcc/arm-none-eabi/4.9.3/../../../arm-none-eabi/lib/armv7e-m/libg_nano.a(lib_a-isattyr.o)
 .debug_line    0x0000000000002ef9      0x162 /usr/lib/gcc/arm-none-eabi/4.9.3/../../../arm-none-eabi/lib/armv7e-m/libg_nano.a(lib_a-lseekr.o)
 .debug_line    0x000000000000305b      0x161 /usr/lib/gcc/arm-none-eabi/4.9.3/../../../arm-none-eabi/lib/armv7e-m/libg_nano.a(lib_a-readr.o)
 .debug_line    0x00000000000031bc      0x19d /usr/lib/gcc/arm-none-eabi/4.9.3/../../../arm-none-eabi/lib/armv7e-m/libg_nano.a(lib_a-reent.o)

.debug_info     0x0000000000000000     0xf409
 .debug_info    0x0000000000000000       0xa9 /usr/lib/gcc/arm-none-eabi/4.9.3/../../../arm-none-eabi/lib/armv7e-m/crt0.o
 .debug_info    0x00000000000000a9      0x3fe src/stm32f413xx_rcc_driver.o
 .debug_info    0x00000000000004a7     0x1068 src/stm32f4xx_usart_driver.o
 .debug_info    0x000000000000150f      0xa0f src/stm32f413xx_spi_driver.o
 .debug_info    0x0000000000001f1e      0xc0c src/stm32f413xx_gpio_driver.o
 .debug_info    0x0000000000002b2a      0x183 stm32_startup.o
 .debug_info    0x0000000000002cad      0x663 syscalls.o
 .debug_info    0x0000000000003310      0x2b4 main.o
 .debug_info    0x00000000000035c4      0x10a /usr/lib/gcc/arm-none-eabi/4.9.3/../../../arm-none-eabi/lib/armv7e-m/libg_nano.a(lib_a-atexit.o)
 .debug_info    0x00000000000036ce      0x735 /usr/lib/gcc/arm-none-eabi/4.9.3/../../../arm-none-eabi/lib/armv7e-m/libg_nano.a(lib_a-errno.o)
 .debug_info    0x0000000000003e03      0x7a6 /usr/lib/gcc/arm-none-eabi/4.9.3/../../../arm-none-eabi/lib/armv7e-m/libg_nano.a(lib_a-exit.o)
 .debug_info    0x00000000000045a9       0xef /usr/lib/gcc/arm-none-eabi/4.9.3/../../../arm-none-eabi/lib/armv7e-m/libg_nano.a(lib_a-fini.o)
 .debug_info    0x0000000000004698      0x7d3 /usr/lib/gcc/arm-none-eabi/4.9.3/../../../arm-none-eabi/lib/armv7e-m/libg_nano.a(lib_a-impure.o)
 .debug_info    0x0000000000004e6b      0x105 /usr/lib/gcc/arm-none-eabi/4.9.3/../../../arm-none-eabi/lib/armv7e-m/libg_nano.a(lib_a-init.o)
 .debug_info    0x0000000000004f70       0xd3 /usr/lib/gcc/arm-none-eabi/4.9.3/../../../arm-none-eabi/lib/armv7e-m/libg_nano.a(lib_a-memset.o)
 .debug_info    0x0000000000005043      0x924 /usr/lib/gcc/arm-none-eabi/4.9.3/../../../arm-none-eabi/lib/armv7e-m/libg_nano.a(lib_a-puts.o)
 .debug_info    0x0000000000005967      0x916 /usr/lib/gcc/arm-none-eabi/4.9.3/../../../arm-none-eabi/lib/armv7e-m/libg_nano.a(lib_a-wbuf.o)
 .debug_info    0x000000000000627d      0x881 /usr/lib/gcc/arm-none-eabi/4.9.3/../../../arm-none-eabi/lib/armv7e-m/libg_nano.a(lib_a-wsetup.o)
 .debug_info    0x0000000000006afe      0x23b /usr/lib/gcc/arm-none-eabi/4.9.3/../../../arm-none-eabi/lib/armv7e-m/libg_nano.a(lib_a-__atexit.o)
 .debug_info    0x0000000000006d39      0x241 /usr/lib/gcc/arm-none-eabi/4.9.3/../../../arm-none-eabi/lib/armv7e-m/libg_nano.a(lib_a-__call_atexit.o)
 .debug_info    0x0000000000006f7a      0xa00 /usr/lib/gcc/arm-none-eabi/4.9.3/../../../arm-none-eabi/lib/armv7e-m/libg_nano.a(lib_a-fflush.o)
 .debug_info    0x000000000000797a      0xd5a /usr/lib/gcc/arm-none-eabi/4.9.3/../../../arm-none-eabi/lib/armv7e-m/libg_nano.a(lib_a-findfp.o)
 .debug_info    0x00000000000086d4      0x846 /usr/lib/gcc/arm-none-eabi/4.9.3/../../../arm-none-eabi/lib/armv7e-m/libg_nano.a(lib_a-fwalk.o)
 .debug_info    0x0000000000008f1a      0x98c /usr/lib/gcc/arm-none-eabi/4.9.3/../../../arm-none-eabi/lib/armv7e-m/libg_nano.a(lib_a-makebuf.o)
 .debug_info    0x00000000000098a6      0x81a /usr/lib/gcc/arm-none-eabi/4.9.3/../../../arm-none-eabi/lib/armv7e-m/libg_nano.a(lib_a-nano-freer.o)
 .debug_info    0x000000000000a0c0      0x8fb /usr/lib/gcc/arm-none-eabi/4.9.3/../../../arm-none-eabi/lib/armv7e-m/libg_nano.a(lib_a-nano-mallocr.o)
 .debug_info    0x000000000000a9bb      0x7a0 /usr/lib/gcc/arm-none-eabi/4.9.3/../../../arm-none-eabi/lib/armv7e-m/libg_nano.a(lib_a-sbrkr.o)
 .debug_info    0x000000000000b15b      0xa36 /usr/lib/gcc/arm-none-eabi/4.9.3/../../../arm-none-eabi/lib/armv7e-m/libg_nano.a(lib_a-stdio.o)
 .debug_info    0x000000000000bb91      0x7d5 /usr/lib/gcc/arm-none-eabi/4.9.3/../../../arm-none-eabi/lib/armv7e-m/libg_nano.a(lib_a-writer.o)
 .debug_info    0x000000000000c366      0x78c /usr/lib/gcc/arm-none-eabi/4.9.3/../../../arm-none-eabi/lib/armv7e-m/libg_nano.a(lib_a-closer.o)
 .debug_info    0x000000000000caf2      0x90a /usr/lib/gcc/arm-none-eabi/4.9.3/../../../arm-none-eabi/lib/armv7e-m/libg_nano.a(lib_a-fstatr.o)
 .debug_info    0x000000000000d3fc      0x78c /usr/lib/gcc/arm-none-eabi/4.9.3/../../../arm-none-eabi/lib/armv7e-m/libg_nano.a(lib_a-isattyr.o)
 .debug_info    0x000000000000db88      0x7b8 /usr/lib/gcc/arm-none-eabi/4.9.3/../../../arm-none-eabi/lib/armv7e-m/libg_nano.a(lib_a-lseekr.o)
 .debug_info    0x000000000000e340      0x7ce /usr/lib/gcc/arm-none-eabi/4.9.3/../../../arm-none-eabi/lib/armv7e-m/libg_nano.a(lib_a-readr.o)
 .debug_info    0x000000000000eb0e      0x8fb /usr/lib/gcc/arm-none-eabi/4.9.3/../../../arm-none-eabi/lib/armv7e-m/libg_nano.a(lib_a-reent.o)

.debug_abbrev   0x0000000000000000     0x34c8
 .debug_abbrev  0x0000000000000000       0x14 /usr/lib/gcc/arm-none-eabi/4.9.3/../../../arm-none-eabi/lib/armv7e-m/crt0.o
 .debug_abbrev  0x0000000000000014       0xde src/stm32f413xx_rcc_driver.o
 .debug_abbrev  0x00000000000000f2      0x22f src/stm32f4xx_usart_driver.o
 .debug_abbrev  0x0000000000000321      0x1b0 src/stm32f413xx_spi_driver.o
 .debug_abbrev  0x00000000000004d1      0x1f4 src/stm32f413xx_gpio_driver.o
 .debug_abbrev  0x00000000000006c5       0xd8 stm32_startup.o
 .debug_abbrev  0x000000000000079d      0x171 syscalls.o
 .debug_abbrev  0x000000000000090e       0xee main.o
 .debug_abbrev  0x00000000000009fc       0xb8 /usr/lib/gcc/arm-none-eabi/4.9.3/../../../arm-none-eabi/lib/armv7e-m/libg_nano.a(lib_a-atexit.o)
 .debug_abbrev  0x0000000000000ab4      0x134 /usr/lib/gcc/arm-none-eabi/4.9.3/../../../arm-none-eabi/lib/armv7e-m/libg_nano.a(lib_a-errno.o)
 .debug_abbrev  0x0000000000000be8      0x18b /usr/lib/gcc/arm-none-eabi/4.9.3/../../../arm-none-eabi/lib/armv7e-m/libg_nano.a(lib_a-exit.o)
 .debug_abbrev  0x0000000000000d73       0xbd /usr/lib/gcc/arm-none-eabi/4.9.3/../../../arm-none-eabi/lib/armv7e-m/libg_nano.a(lib_a-fini.o)
 .debug_abbrev  0x0000000000000e30      0x136 /usr/lib/gcc/arm-none-eabi/4.9.3/../../../arm-none-eabi/lib/armv7e-m/libg_nano.a(lib_a-impure.o)
 .debug_abbrev  0x0000000000000f66       0xba /usr/lib/gcc/arm-none-eabi/4.9.3/../../../arm-none-eabi/lib/armv7e-m/libg_nano.a(lib_a-init.o)
 .debug_abbrev  0x0000000000001020       0x8e /usr/lib/gcc/arm-none-eabi/4.9.3/../../../arm-none-eabi/lib/armv7e-m/libg_nano.a(lib_a-memset.o)
 .debug_abbrev  0x00000000000010ae      0x202 /usr/lib/gcc/arm-none-eabi/4.9.3/../../../arm-none-eabi/lib/armv7e-m/libg_nano.a(lib_a-puts.o)
 .debug_abbrev  0x00000000000012b0      0x1f7 /usr/lib/gcc/arm-none-eabi/4.9.3/../../../arm-none-eabi/lib/armv7e-m/libg_nano.a(lib_a-wbuf.o)
 .debug_abbrev  0x00000000000014a7      0x1a5 /usr/lib/gcc/arm-none-eabi/4.9.3/../../../arm-none-eabi/lib/armv7e-m/libg_nano.a(lib_a-wsetup.o)
 .debug_abbrev  0x000000000000164c      0x180 /usr/lib/gcc/arm-none-eabi/4.9.3/../../../arm-none-eabi/lib/armv7e-m/libg_nano.a(lib_a-__atexit.o)
 .debug_abbrev  0x00000000000017cc      0x16d /usr/lib/gcc/arm-none-eabi/4.9.3/../../../arm-none-eabi/lib/armv7e-m/libg_nano.a(lib_a-__call_atexit.o)
 .debug_abbrev  0x0000000000001939      0x24e /usr/lib/gcc/arm-none-eabi/4.9.3/../../../arm-none-eabi/lib/armv7e-m/libg_nano.a(lib_a-fflush.o)
 .debug_abbrev  0x0000000000001b87      0x300 /usr/lib/gcc/arm-none-eabi/4.9.3/../../../arm-none-eabi/lib/armv7e-m/libg_nano.a(lib_a-findfp.o)
 .debug_abbrev  0x0000000000001e87      0x176 /usr/lib/gcc/arm-none-eabi/4.9.3/../../../arm-none-eabi/lib/armv7e-m/libg_nano.a(lib_a-fwalk.o)
 .debug_abbrev  0x0000000000001ffd      0x1ab /usr/lib/gcc/arm-none-eabi/4.9.3/../../../arm-none-eabi/lib/armv7e-m/libg_nano.a(lib_a-makebuf.o)
 .debug_abbrev  0x00000000000021a8      0x1b6 /usr/lib/gcc/arm-none-eabi/4.9.3/../../../arm-none-eabi/lib/armv7e-m/libg_nano.a(lib_a-nano-freer.o)
 .debug_abbrev  0x000000000000235e      0x250 /usr/lib/gcc/arm-none-eabi/4.9.3/../../../arm-none-eabi/lib/armv7e-m/libg_nano.a(lib_a-nano-mallocr.o)
 .debug_abbrev  0x00000000000025ae      0x1a2 /usr/lib/gcc/arm-none-eabi/4.9.3/../../../arm-none-eabi/lib/armv7e-m/libg_nano.a(lib_a-sbrkr.o)
 .debug_abbrev  0x0000000000002750      0x1eb /usr/lib/gcc/arm-none-eabi/4.9.3/../../../arm-none-eabi/lib/armv7e-m/libg_nano.a(lib_a-stdio.o)
 .debug_abbrev  0x000000000000293b      0x199 /usr/lib/gcc/arm-none-eabi/4.9.3/../../../arm-none-eabi/lib/armv7e-m/libg_nano.a(lib_a-writer.o)
 .debug_abbrev  0x0000000000002ad4      0x194 /usr/lib/gcc/arm-none-eabi/4.9.3/../../../arm-none-eabi/lib/armv7e-m/libg_nano.a(lib_a-closer.o)
 .debug_abbrev  0x0000000000002c68      0x1a3 /usr/lib/gcc/arm-none-eabi/4.9.3/../../../arm-none-eabi/lib/armv7e-m/libg_nano.a(lib_a-fstatr.o)
 .debug_abbrev  0x0000000000002e0b      0x194 /usr/lib/gcc/arm-none-eabi/4.9.3/../../../arm-none-eabi/lib/armv7e-m/libg_nano.a(lib_a-isattyr.o)
 .debug_abbrev  0x0000000000002f9f      0x1a3 /usr/lib/gcc/arm-none-eabi/4.9.3/../../../arm-none-eabi/lib/armv7e-m/libg_nano.a(lib_a-lseekr.o)
 .debug_abbrev  0x0000000000003142      0x194 /usr/lib/gcc/arm-none-eabi/4.9.3/../../../arm-none-eabi/lib/armv7e-m/libg_nano.a(lib_a-readr.o)
 .debug_abbrev  0x00000000000032d6      0x1f2 /usr/lib/gcc/arm-none-eabi/4.9.3/../../../arm-none-eabi/lib/armv7e-m/libg_nano.a(lib_a-reent.o)

.debug_aranges  0x0000000000000000      0x518
 .debug_aranges
                0x0000000000000000       0x20 /usr/lib/gcc/arm-none-eabi/4.9.3/../../../arm-none-eabi/lib/armv7e-m/crt0.o
 .debug_aranges
                0x0000000000000020       0x20 src/stm32f413xx_rcc_driver.o
 .debug_aranges
                0x0000000000000040       0x20 src/stm32f4xx_usart_driver.o
 .debug_aranges
                0x0000000000000060       0x20 src/stm32f413xx_spi_driver.o
 .debug_aranges
                0x0000000000000080       0x20 src/stm32f413xx_gpio_driver.o
 .debug_aranges
                0x00000000000000a0       0x28 stm32_startup.o
 .debug_aranges
                0x00000000000000c8       0x20 syscalls.o
 .debug_aranges
                0x00000000000000e8       0x20 main.o
 .debug_aranges
                0x0000000000000108       0x20 /usr/lib/gcc/arm-none-eabi/4.9.3/../../../arm-none-eabi/lib/armv7e-m/libg_nano.a(lib_a-atexit.o)
 .debug_aranges
                0x0000000000000128       0x20 /usr/lib/gcc/arm-none-eabi/4.9.3/../../../arm-none-eabi/lib/armv7e-m/libg_nano.a(lib_a-errno.o)
 .debug_aranges
                0x0000000000000148       0x20 /usr/lib/gcc/arm-none-eabi/4.9.3/../../../arm-none-eabi/lib/armv7e-m/libg_nano.a(lib_a-exit.o)
 .debug_aranges
                0x0000000000000168       0x20 /usr/lib/gcc/arm-none-eabi/4.9.3/../../../arm-none-eabi/lib/armv7e-m/libg_nano.a(lib_a-fini.o)
 .debug_aranges
                0x0000000000000188       0x18 /usr/lib/gcc/arm-none-eabi/4.9.3/../../../arm-none-eabi/lib/armv7e-m/libg_nano.a(lib_a-impure.o)
 .debug_aranges
                0x00000000000001a0       0x20 /usr/lib/gcc/arm-none-eabi/4.9.3/../../../arm-none-eabi/lib/armv7e-m/libg_nano.a(lib_a-init.o)
 .debug_aranges
                0x00000000000001c0       0x20 /usr/lib/gcc/arm-none-eabi/4.9.3/../../../arm-none-eabi/lib/armv7e-m/libg_nano.a(lib_a-memset.o)
 .debug_aranges
                0x00000000000001e0       0x28 /usr/lib/gcc/arm-none-eabi/4.9.3/../../../arm-none-eabi/lib/armv7e-m/libg_nano.a(lib_a-puts.o)
 .debug_aranges
                0x0000000000000208       0x28 /usr/lib/gcc/arm-none-eabi/4.9.3/../../../arm-none-eabi/lib/armv7e-m/libg_nano.a(lib_a-wbuf.o)
 .debug_aranges
                0x0000000000000230       0x20 /usr/lib/gcc/arm-none-eabi/4.9.3/../../../arm-none-eabi/lib/armv7e-m/libg_nano.a(lib_a-wsetup.o)
 .debug_aranges
                0x0000000000000250       0x20 /usr/lib/gcc/arm-none-eabi/4.9.3/../../../arm-none-eabi/lib/armv7e-m/libg_nano.a(lib_a-__atexit.o)
 .debug_aranges
                0x0000000000000270       0x20 /usr/lib/gcc/arm-none-eabi/4.9.3/../../../arm-none-eabi/lib/armv7e-m/libg_nano.a(lib_a-__call_atexit.o)
 .debug_aranges
                0x0000000000000290       0x30 /usr/lib/gcc/arm-none-eabi/4.9.3/../../../arm-none-eabi/lib/armv7e-m/libg_nano.a(lib_a-fflush.o)
 .debug_aranges
                0x00000000000002c0       0x88 /usr/lib/gcc/arm-none-eabi/4.9.3/../../../arm-none-eabi/lib/armv7e-m/libg_nano.a(lib_a-findfp.o)
 .debug_aranges
                0x0000000000000348       0x28 /usr/lib/gcc/arm-none-eabi/4.9.3/../../../arm-none-eabi/lib/armv7e-m/libg_nano.a(lib_a-fwalk.o)
 .debug_aranges
                0x0000000000000370       0x20 /usr/lib/gcc/arm-none-eabi/4.9.3/../../../arm-none-eabi/lib/armv7e-m/libg_nano.a(lib_a-makebuf.o)
 .debug_aranges
                0x0000000000000390       0x20 /usr/lib/gcc/arm-none-eabi/4.9.3/../../../arm-none-eabi/lib/armv7e-m/libg_nano.a(lib_a-nano-freer.o)
 .debug_aranges
                0x00000000000003b0       0x20 /usr/lib/gcc/arm-none-eabi/4.9.3/../../../arm-none-eabi/lib/armv7e-m/libg_nano.a(lib_a-nano-mallocr.o)
 .debug_aranges
                0x00000000000003d0       0x20 /usr/lib/gcc/arm-none-eabi/4.9.3/../../../arm-none-eabi/lib/armv7e-m/libg_nano.a(lib_a-sbrkr.o)
 .debug_aranges
                0x00000000000003f0       0x40 /usr/lib/gcc/arm-none-eabi/4.9.3/../../../arm-none-eabi/lib/armv7e-m/libg_nano.a(lib_a-stdio.o)
 .debug_aranges
                0x0000000000000430       0x20 /usr/lib/gcc/arm-none-eabi/4.9.3/../../../arm-none-eabi/lib/armv7e-m/libg_nano.a(lib_a-writer.o)
 .debug_aranges
                0x0000000000000450       0x20 /usr/lib/gcc/arm-none-eabi/4.9.3/../../../arm-none-eabi/lib/armv7e-m/libg_nano.a(lib_a-closer.o)
 .debug_aranges
                0x0000000000000470       0x20 /usr/lib/gcc/arm-none-eabi/4.9.3/../../../arm-none-eabi/lib/armv7e-m/libg_nano.a(lib_a-fstatr.o)
 .debug_aranges
                0x0000000000000490       0x20 /usr/lib/gcc/arm-none-eabi/4.9.3/../../../arm-none-eabi/lib/armv7e-m/libg_nano.a(lib_a-isattyr.o)
 .debug_aranges
                0x00000000000004b0       0x20 /usr/lib/gcc/arm-none-eabi/4.9.3/../../../arm-none-eabi/lib/armv7e-m/libg_nano.a(lib_a-lseekr.o)
 .debug_aranges
                0x00000000000004d0       0x20 /usr/lib/gcc/arm-none-eabi/4.9.3/../../../arm-none-eabi/lib/armv7e-m/libg_nano.a(lib_a-readr.o)
 .debug_aranges
                0x00000000000004f0       0x28 /usr/lib/gcc/arm-none-eabi/4.9.3/../../../arm-none-eabi/lib/armv7e-m/libg_nano.a(lib_a-reent.o)

.debug_str      0x0000000000000000     0x2edd
 .debug_str     0x0000000000000000      0x30b src/stm32f413xx_rcc_driver.o
                                        0x363 (size before relaxing)
 .debug_str     0x000000000000030b     0x1293 src/stm32f4xx_usart_driver.o
                                       0x155d (size before relaxing)
 .debug_str     0x000000000000159e      0x516 src/stm32f413xx_spi_driver.o
                                        0x85a (size before relaxing)
 .debug_str     0x0000000000001ab4      0x1c4 src/stm32f413xx_gpio_driver.o
                                        0xda5 (size before relaxing)
 .debug_str     0x0000000000001c78       0x63 stm32_startup.o
                                        0x1b3 (size before relaxing)
 .debug_str     0x0000000000001cdb      0x1f2 syscalls.o
                                        0x359 (size before relaxing)
 .debug_str     0x0000000000001ecd       0x1c main.o
                                        0x35c (size before relaxing)
 .debug_str     0x0000000000001ee9      0x179 /usr/lib/gcc/arm-none-eabi/4.9.3/../../../arm-none-eabi/lib/armv7e-m/libg_nano.a(lib_a-atexit.o)
                                        0x212 (size before relaxing)
 .debug_str     0x0000000000002062      0x37f /usr/lib/gcc/arm-none-eabi/4.9.3/../../../arm-none-eabi/lib/armv7e-m/libg_nano.a(lib_a-errno.o)
                                        0x526 (size before relaxing)
 .debug_str     0x00000000000023e1       0x50 /usr/lib/gcc/arm-none-eabi/4.9.3/../../../arm-none-eabi/lib/armv7e-m/libg_nano.a(lib_a-exit.o)
                                        0x547 (size before relaxing)
 .debug_str     0x0000000000002431       0xcf /usr/lib/gcc/arm-none-eabi/4.9.3/../../../arm-none-eabi/lib/armv7e-m/libg_nano.a(lib_a-fini.o)
                                        0x20a (size before relaxing)
 .debug_str     0x0000000000002500       0xe2 /usr/lib/gcc/arm-none-eabi/4.9.3/../../../arm-none-eabi/lib/armv7e-m/libg_nano.a(lib_a-impure.o)
                                        0x57d (size before relaxing)
 .debug_str     0x00000000000025e2       0x8a /usr/lib/gcc/arm-none-eabi/4.9.3/../../../arm-none-eabi/lib/armv7e-m/libg_nano.a(lib_a-init.o)
                                        0x234 (size before relaxing)
 .debug_str     0x000000000000266c       0xa0 /usr/lib/gcc/arm-none-eabi/4.9.3/../../../arm-none-eabi/lib/armv7e-m/libg_nano.a(lib_a-memset.o)
                                        0x1d5 (size before relaxing)
 .debug_str     0x000000000000270c       0xd0 /usr/lib/gcc/arm-none-eabi/4.9.3/../../../arm-none-eabi/lib/armv7e-m/libg_nano.a(lib_a-puts.o)
                                        0x5a3 (size before relaxing)
 .debug_str     0x00000000000027dc       0x3d /usr/lib/gcc/arm-none-eabi/4.9.3/../../../arm-none-eabi/lib/armv7e-m/libg_nano.a(lib_a-wbuf.o)
                                        0x5a1 (size before relaxing)
 .debug_str     0x0000000000002819       0x42 /usr/lib/gcc/arm-none-eabi/4.9.3/../../../arm-none-eabi/lib/armv7e-m/libg_nano.a(lib_a-wsetup.o)
                                        0x59c (size before relaxing)
 .debug_str     0x000000000000285b       0xb4 /usr/lib/gcc/arm-none-eabi/4.9.3/../../../arm-none-eabi/lib/armv7e-m/libg_nano.a(lib_a-__atexit.o)
                                        0x2b8 (size before relaxing)
 .debug_str     0x000000000000290f       0x51 /usr/lib/gcc/arm-none-eabi/4.9.3/../../../arm-none-eabi/lib/armv7e-m/libg_nano.a(lib_a-__call_atexit.o)
                                        0x27e (size before relaxing)
 .debug_str     0x0000000000002960       0x5d /usr/lib/gcc/arm-none-eabi/4.9.3/../../../arm-none-eabi/lib/armv7e-m/libg_nano.a(lib_a-fflush.o)
                                        0x5dd (size before relaxing)
 .debug_str     0x00000000000029bd      0x195 /usr/lib/gcc/arm-none-eabi/4.9.3/../../../arm-none-eabi/lib/armv7e-m/libg_nano.a(lib_a-findfp.o)
                                        0x729 (size before relaxing)
 .debug_str     0x0000000000002b52       0x3b /usr/lib/gcc/arm-none-eabi/4.9.3/../../../arm-none-eabi/lib/armv7e-m/libg_nano.a(lib_a-fwalk.o)
                                        0x543 (size before relaxing)
 .debug_str     0x0000000000002b8d       0x4c /usr/lib/gcc/arm-none-eabi/4.9.3/../../../arm-none-eabi/lib/armv7e-m/libg_nano.a(lib_a-makebuf.o)
                                        0x640 (size before relaxing)
 .debug_str     0x0000000000002bd9       0x90 /usr/lib/gcc/arm-none-eabi/4.9.3/../../../arm-none-eabi/lib/armv7e-m/libg_nano.a(lib_a-nano-freer.o)
                                        0x596 (size before relaxing)
 .debug_str     0x0000000000002c69       0x50 /usr/lib/gcc/arm-none-eabi/4.9.3/../../../arm-none-eabi/lib/armv7e-m/libg_nano.a(lib_a-nano-mallocr.o)
                                        0x5cb (size before relaxing)
 .debug_str     0x0000000000002cb9       0x2c /usr/lib/gcc/arm-none-eabi/4.9.3/../../../arm-none-eabi/lib/armv7e-m/libg_nano.a(lib_a-sbrkr.o)
                                        0x535 (size before relaxing)
 .debug_str     0x0000000000002ce5       0x8c /usr/lib/gcc/arm-none-eabi/4.9.3/../../../arm-none-eabi/lib/armv7e-m/libg_nano.a(lib_a-stdio.o)
                                        0x599 (size before relaxing)
 .debug_str     0x0000000000002d71       0x2d /usr/lib/gcc/arm-none-eabi/4.9.3/../../../arm-none-eabi/lib/armv7e-m/libg_nano.a(lib_a-writer.o)
                                        0x532 (size before relaxing)
 .debug_str     0x0000000000002d9e       0x2d /usr/lib/gcc/arm-none-eabi/4.9.3/../../../arm-none-eabi/lib/armv7e-m/libg_nano.a(lib_a-closer.o)
                                        0x522 (size before relaxing)
 .debug_str     0x0000000000002dcb       0x33 /usr/lib/gcc/arm-none-eabi/4.9.3/../../../arm-none-eabi/lib/armv7e-m/libg_nano.a(lib_a-fstatr.o)
                                        0x615 (size before relaxing)
 .debug_str     0x0000000000002dfe       0x2e /usr/lib/gcc/arm-none-eabi/4.9.3/../../../arm-none-eabi/lib/armv7e-m/libg_nano.a(lib_a-isattyr.o)
                                        0x52c (size before relaxing)
 .debug_str     0x0000000000002e2c       0x2d /usr/lib/gcc/arm-none-eabi/4.9.3/../../../arm-none-eabi/lib/armv7e-m/libg_nano.a(lib_a-lseekr.o)
                                        0x530 (size before relaxing)
 .debug_str     0x0000000000002e59       0x2c /usr/lib/gcc/arm-none-eabi/4.9.3/../../../arm-none-eabi/lib/armv7e-m/libg_nano.a(lib_a-readr.o)
                                        0x530 (size before relaxing)
 .debug_str     0x0000000000002e85       0x58 /usr/lib/gcc/arm-none-eabi/4.9.3/../../../arm-none-eabi/lib/armv7e-m/libg_nano.a(lib_a-reent.o)
                                        0x55d (size before relaxing)

.debug_frame    0x0000000000000000     0x1344
 .debug_frame   0x0000000000000000       0x78 src/stm32f413xx_rcc_driver.o
 .debug_frame   0x0000000000000078      0x318 src/stm32f4xx_usart_driver.o
 .debug_frame   0x0000000000000390      0x340 src/stm32f413xx_spi_driver.o
 .debug_frame   0x00000000000006d0      0x2ac src/stm32f413xx_gpio_driver.o
 .debug_frame   0x000000000000097c       0x4c stm32_startup.o
 .debug_frame   0x00000000000009c8      0x2d4 syscalls.o
 .debug_frame   0x0000000000000c9c       0x30 main.o
 .debug_frame   0x0000000000000ccc       0x20 /usr/lib/gcc/arm-none-eabi/4.9.3/../../../arm-none-eabi/lib/armv7e-m/libg_nano.a(lib_a-atexit.o)
 .debug_frame   0x0000000000000cec       0x20 /usr/lib/gcc/arm-none-eabi/4.9.3/../../../arm-none-eabi/lib/armv7e-m/libg_nano.a(lib_a-errno.o)
 .debug_frame   0x0000000000000d0c       0x28 /usr/lib/gcc/arm-none-eabi/4.9.3/../../../arm-none-eabi/lib/armv7e-m/libg_nano.a(lib_a-exit.o)
 .debug_frame   0x0000000000000d34       0x34 /usr/lib/gcc/arm-none-eabi/4.9.3/../../../arm-none-eabi/lib/armv7e-m/libg_nano.a(lib_a-fini.o)
 .debug_frame   0x0000000000000d68       0x2c /usr/lib/gcc/arm-none-eabi/4.9.3/../../../arm-none-eabi/lib/armv7e-m/libg_nano.a(lib_a-init.o)
 .debug_frame   0x0000000000000d94       0x20 /usr/lib/gcc/arm-none-eabi/4.9.3/../../../arm-none-eabi/lib/armv7e-m/libg_nano.a(lib_a-memset.o)
 .debug_frame   0x0000000000000db4       0x3c /usr/lib/gcc/arm-none-eabi/4.9.3/../../../arm-none-eabi/lib/armv7e-m/libg_nano.a(lib_a-puts.o)
 .debug_frame   0x0000000000000df0       0x3c /usr/lib/gcc/arm-none-eabi/4.9.3/../../../arm-none-eabi/lib/armv7e-m/libg_nano.a(lib_a-wbuf.o)
 .debug_frame   0x0000000000000e2c       0x2c /usr/lib/gcc/arm-none-eabi/4.9.3/../../../arm-none-eabi/lib/armv7e-m/libg_nano.a(lib_a-wsetup.o)
 .debug_frame   0x0000000000000e58       0x34 /usr/lib/gcc/arm-none-eabi/4.9.3/../../../arm-none-eabi/lib/armv7e-m/libg_nano.a(lib_a-__atexit.o)
 .debug_frame   0x0000000000000e8c       0x3c /usr/lib/gcc/arm-none-eabi/4.9.3/../../../arm-none-eabi/lib/armv7e-m/libg_nano.a(lib_a-__call_atexit.o)
 .debug_frame   0x0000000000000ec8       0x68 /usr/lib/gcc/arm-none-eabi/4.9.3/../../../arm-none-eabi/lib/armv7e-m/libg_nano.a(lib_a-fflush.o)
 .debug_frame   0x0000000000000f30      0x11c /usr/lib/gcc/arm-none-eabi/4.9.3/../../../arm-none-eabi/lib/armv7e-m/libg_nano.a(lib_a-findfp.o)
 .debug_frame   0x000000000000104c       0x54 /usr/lib/gcc/arm-none-eabi/4.9.3/../../../arm-none-eabi/lib/armv7e-m/libg_nano.a(lib_a-fwalk.o)
 .debug_frame   0x00000000000010a0       0x34 /usr/lib/gcc/arm-none-eabi/4.9.3/../../../arm-none-eabi/lib/armv7e-m/libg_nano.a(lib_a-makebuf.o)
 .debug_frame   0x00000000000010d4       0x2c /usr/lib/gcc/arm-none-eabi/4.9.3/../../../arm-none-eabi/lib/armv7e-m/libg_nano.a(lib_a-nano-freer.o)
 .debug_frame   0x0000000000001100       0x2c /usr/lib/gcc/arm-none-eabi/4.9.3/../../../arm-none-eabi/lib/armv7e-m/libg_nano.a(lib_a-nano-mallocr.o)
 .debug_frame   0x000000000000112c       0x2c /usr/lib/gcc/arm-none-eabi/4.9.3/../../../arm-none-eabi/lib/armv7e-m/libg_nano.a(lib_a-sbrkr.o)
 .debug_frame   0x0000000000001158       0x88 /usr/lib/gcc/arm-none-eabi/4.9.3/../../../arm-none-eabi/lib/armv7e-m/libg_nano.a(lib_a-stdio.o)
 .debug_frame   0x00000000000011e0       0x2c /usr/lib/gcc/arm-none-eabi/4.9.3/../../../arm-none-eabi/lib/armv7e-m/libg_nano.a(lib_a-writer.o)
 .debug_frame   0x000000000000120c       0x2c /usr/lib/gcc/arm-none-eabi/4.9.3/../../../arm-none-eabi/lib/armv7e-m/libg_nano.a(lib_a-closer.o)
 .debug_frame   0x0000000000001238       0x2c /usr/lib/gcc/arm-none-eabi/4.9.3/../../../arm-none-eabi/lib/armv7e-m/libg_nano.a(lib_a-fstatr.o)
 .debug_frame   0x0000000000001264       0x2c /usr/lib/gcc/arm-none-eabi/4.9.3/../../../arm-none-eabi/lib/armv7e-m/libg_nano.a(lib_a-isattyr.o)
 .debug_frame   0x0000000000001290       0x2c /usr/lib/gcc/arm-none-eabi/4.9.3/../../../arm-none-eabi/lib/armv7e-m/libg_nano.a(lib_a-lseekr.o)
 .debug_frame   0x00000000000012bc       0x2c /usr/lib/gcc/arm-none-eabi/4.9.3/../../../arm-none-eabi/lib/armv7e-m/libg_nano.a(lib_a-readr.o)
 .debug_frame   0x00000000000012e8       0x5c /usr/lib/gcc/arm-none-eabi/4.9.3/../../../arm-none-eabi/lib/armv7e-m/libg_nano.a(lib_a-reent.o)

.debug_ranges   0x0000000000000000      0x2d8
 .debug_ranges  0x0000000000000000       0x18 stm32_startup.o
 .debug_ranges  0x0000000000000018       0x10 /usr/lib/gcc/arm-none-eabi/4.9.3/../../../arm-none-eabi/lib/armv7e-m/libg_nano.a(lib_a-atexit.o)
 .debug_ranges  0x0000000000000028       0x10 /usr/lib/gcc/arm-none-eabi/4.9.3/../../../arm-none-eabi/lib/armv7e-m/libg_nano.a(lib_a-errno.o)
 .debug_ranges  0x0000000000000038       0x10 /usr/lib/gcc/arm-none-eabi/4.9.3/../../../arm-none-eabi/lib/armv7e-m/libg_nano.a(lib_a-exit.o)
 .debug_ranges  0x0000000000000048       0x10 /usr/lib/gcc/arm-none-eabi/4.9.3/../../../arm-none-eabi/lib/armv7e-m/libg_nano.a(lib_a-fini.o)
 .debug_ranges  0x0000000000000058       0x10 /usr/lib/gcc/arm-none-eabi/4.9.3/../../../arm-none-eabi/lib/armv7e-m/libg_nano.a(lib_a-init.o)
 .debug_ranges  0x0000000000000068       0x10 /usr/lib/gcc/arm-none-eabi/4.9.3/../../../arm-none-eabi/lib/armv7e-m/libg_nano.a(lib_a-memset.o)
 .debug_ranges  0x0000000000000078       0x30 /usr/lib/gcc/arm-none-eabi/4.9.3/../../../arm-none-eabi/lib/armv7e-m/libg_nano.a(lib_a-puts.o)
 .debug_ranges  0x00000000000000a8       0x18 /usr/lib/gcc/arm-none-eabi/4.9.3/../../../arm-none-eabi/lib/armv7e-m/libg_nano.a(lib_a-wbuf.o)
 .debug_ranges  0x00000000000000c0       0x30 /usr/lib/gcc/arm-none-eabi/4.9.3/../../../arm-none-eabi/lib/armv7e-m/libg_nano.a(lib_a-wsetup.o)
 .debug_ranges  0x00000000000000f0       0x10 /usr/lib/gcc/arm-none-eabi/4.9.3/../../../arm-none-eabi/lib/armv7e-m/libg_nano.a(lib_a-__atexit.o)
 .debug_ranges  0x0000000000000100       0x10 /usr/lib/gcc/arm-none-eabi/4.9.3/../../../arm-none-eabi/lib/armv7e-m/libg_nano.a(lib_a-__call_atexit.o)
 .debug_ranges  0x0000000000000110       0x20 /usr/lib/gcc/arm-none-eabi/4.9.3/../../../arm-none-eabi/lib/armv7e-m/libg_nano.a(lib_a-fflush.o)
 .debug_ranges  0x0000000000000130       0x78 /usr/lib/gcc/arm-none-eabi/4.9.3/../../../arm-none-eabi/lib/armv7e-m/libg_nano.a(lib_a-findfp.o)
 .debug_ranges  0x00000000000001a8       0x18 /usr/lib/gcc/arm-none-eabi/4.9.3/../../../arm-none-eabi/lib/armv7e-m/libg_nano.a(lib_a-fwalk.o)
 .debug_ranges  0x00000000000001c0       0x10 /usr/lib/gcc/arm-none-eabi/4.9.3/../../../arm-none-eabi/lib/armv7e-m/libg_nano.a(lib_a-makebuf.o)
 .debug_ranges  0x00000000000001d0       0x28 /usr/lib/gcc/arm-none-eabi/4.9.3/../../../arm-none-eabi/lib/armv7e-m/libg_nano.a(lib_a-nano-freer.o)
 .debug_ranges  0x00000000000001f8       0x28 /usr/lib/gcc/arm-none-eabi/4.9.3/../../../arm-none-eabi/lib/armv7e-m/libg_nano.a(lib_a-nano-mallocr.o)
 .debug_ranges  0x0000000000000220       0x10 /usr/lib/gcc/arm-none-eabi/4.9.3/../../../arm-none-eabi/lib/armv7e-m/libg_nano.a(lib_a-sbrkr.o)
 .debug_ranges  0x0000000000000230       0x30 /usr/lib/gcc/arm-none-eabi/4.9.3/../../../arm-none-eabi/lib/armv7e-m/libg_nano.a(lib_a-stdio.o)
 .debug_ranges  0x0000000000000260       0x10 /usr/lib/gcc/arm-none-eabi/4.9.3/../../../arm-none-eabi/lib/armv7e-m/libg_nano.a(lib_a-writer.o)
 .debug_ranges  0x0000000000000270       0x10 /usr/lib/gcc/arm-none-eabi/4.9.3/../../../arm-none-eabi/lib/armv7e-m/libg_nano.a(lib_a-closer.o)
 .debug_ranges  0x0000000000000280       0x10 /usr/lib/gcc/arm-none-eabi/4.9.3/../../../arm-none-eabi/lib/armv7e-m/libg_nano.a(lib_a-fstatr.o)
 .debug_ranges  0x0000000000000290       0x10 /usr/lib/gcc/arm-none-eabi/4.9.3/../../../arm-none-eabi/lib/armv7e-m/libg_nano.a(lib_a-isattyr.o)
 .debug_ranges  0x00000000000002a0       0x10 /usr/lib/gcc/arm-none-eabi/4.9.3/../../../arm-none-eabi/lib/armv7e-m/libg_nano.a(lib_a-lseekr.o)
 .debug_ranges  0x00000000000002b0       0x10 /usr/lib/gcc/arm-none-eabi/4.9.3/../../../arm-none-eabi/lib/armv7e-m/libg_nano.a(lib_a-readr.o)
 .debug_ranges  0x00000000000002c0       0x18 /usr/lib/gcc/arm-none-eabi/4.9.3/../../../arm-none-eabi/lib/armv7e-m/libg_nano.a(lib_a-reent.o)

.debug_loc      0x0000000000000000     0x18a1
 .debug_loc     0x0000000000000000       0x2c /usr/lib/gcc/arm-none-eabi/4.9.3/../../../arm-none-eabi/lib/armv7e-m/libg_nano.a(lib_a-atexit.o)
 .debug_loc     0x000000000000002c       0x1e /usr/lib/gcc/arm-none-eabi/4.9.3/../../../arm-none-eabi/lib/armv7e-m/libg_nano.a(lib_a-exit.o)
 .debug_loc     0x000000000000004a       0x3e /usr/lib/gcc/arm-none-eabi/4.9.3/../../../arm-none-eabi/lib/armv7e-m/libg_nano.a(lib_a-fini.o)
 .debug_loc     0x0000000000000088       0x54 /usr/lib/gcc/arm-none-eabi/4.9.3/../../../arm-none-eabi/lib/armv7e-m/libg_nano.a(lib_a-init.o)
 .debug_loc     0x00000000000000dc       0x57 /usr/lib/gcc/arm-none-eabi/4.9.3/../../../arm-none-eabi/lib/armv7e-m/libg_nano.a(lib_a-memset.o)
 .debug_loc     0x0000000000000133      0x197 /usr/lib/gcc/arm-none-eabi/4.9.3/../../../arm-none-eabi/lib/armv7e-m/libg_nano.a(lib_a-puts.o)
 .debug_loc     0x00000000000002ca      0x11e /usr/lib/gcc/arm-none-eabi/4.9.3/../../../arm-none-eabi/lib/armv7e-m/libg_nano.a(lib_a-wbuf.o)
 .debug_loc     0x00000000000003e8       0x5d /usr/lib/gcc/arm-none-eabi/4.9.3/../../../arm-none-eabi/lib/armv7e-m/libg_nano.a(lib_a-wsetup.o)
 .debug_loc     0x0000000000000445      0x1a2 /usr/lib/gcc/arm-none-eabi/4.9.3/../../../arm-none-eabi/lib/armv7e-m/libg_nano.a(lib_a-__atexit.o)
 .debug_loc     0x00000000000005e7      0x16c /usr/lib/gcc/arm-none-eabi/4.9.3/../../../arm-none-eabi/lib/armv7e-m/libg_nano.a(lib_a-__call_atexit.o)
 .debug_loc     0x0000000000000753      0x24c /usr/lib/gcc/arm-none-eabi/4.9.3/../../../arm-none-eabi/lib/armv7e-m/libg_nano.a(lib_a-fflush.o)
 .debug_loc     0x000000000000099f      0x200 /usr/lib/gcc/arm-none-eabi/4.9.3/../../../arm-none-eabi/lib/armv7e-m/libg_nano.a(lib_a-findfp.o)
 .debug_loc     0x0000000000000b9f      0x11f /usr/lib/gcc/arm-none-eabi/4.9.3/../../../arm-none-eabi/lib/armv7e-m/libg_nano.a(lib_a-fwalk.o)
 .debug_loc     0x0000000000000cbe       0xee /usr/lib/gcc/arm-none-eabi/4.9.3/../../../arm-none-eabi/lib/armv7e-m/libg_nano.a(lib_a-makebuf.o)
 .debug_loc     0x0000000000000dac      0x172 /usr/lib/gcc/arm-none-eabi/4.9.3/../../../arm-none-eabi/lib/armv7e-m/libg_nano.a(lib_a-nano-freer.o)
 .debug_loc     0x0000000000000f1e      0x304 /usr/lib/gcc/arm-none-eabi/4.9.3/../../../arm-none-eabi/lib/armv7e-m/libg_nano.a(lib_a-nano-mallocr.o)
 .debug_loc     0x0000000000001222       0x4d /usr/lib/gcc/arm-none-eabi/4.9.3/../../../arm-none-eabi/lib/armv7e-m/libg_nano.a(lib_a-sbrkr.o)
 .debug_loc     0x000000000000126f      0x236 /usr/lib/gcc/arm-none-eabi/4.9.3/../../../arm-none-eabi/lib/armv7e-m/libg_nano.a(lib_a-stdio.o)
 .debug_loc     0x00000000000014a5       0xa5 /usr/lib/gcc/arm-none-eabi/4.9.3/../../../arm-none-eabi/lib/armv7e-m/libg_nano.a(lib_a-writer.o)
 .debug_loc     0x000000000000154a       0x4d /usr/lib/gcc/arm-none-eabi/4.9.3/../../../arm-none-eabi/lib/armv7e-m/libg_nano.a(lib_a-closer.o)
 .debug_loc     0x0000000000001597       0x79 /usr/lib/gcc/arm-none-eabi/4.9.3/../../../arm-none-eabi/lib/armv7e-m/libg_nano.a(lib_a-fstatr.o)
 .debug_loc     0x0000000000001610       0x4d /usr/lib/gcc/arm-none-eabi/4.9.3/../../../arm-none-eabi/lib/armv7e-m/libg_nano.a(lib_a-isattyr.o)
 .debug_loc     0x000000000000165d       0xa5 /usr/lib/gcc/arm-none-eabi/4.9.3/../../../arm-none-eabi/lib/armv7e-m/libg_nano.a(lib_a-lseekr.o)
 .debug_loc     0x0000000000001702       0xa5 /usr/lib/gcc/arm-none-eabi/4.9.3/../../../arm-none-eabi/lib/armv7e-m/libg_nano.a(lib_a-readr.o)
 .debug_loc     0x00000000000017a7       0xfa /usr/lib/gcc/arm-none-eabi/4.9.3/../../../arm-none-eabi/lib/armv7e-m/libg_nano.a(lib_a-reent.o)