Archive member included to satisfy reference by file (symbol)

/usr/lib/gcc/arm-none-eabi/4.9.3/../../../arm-none-eabi/lib/armv7e-m/fpu/libc_nano.a(lib_a-atexit.o)
                              /usr/lib/gcc/arm-none-eabi/4.9.3/../../../arm-none-eabi/lib/armv7e-m/fpu/crt0.o (atexit)
/usr/lib/gcc/arm-none-eabi/4.9.3/../../../arm-none-eabi/lib/armv7e-m/fpu/libc_nano.a(lib_a-exit.o)
                              /usr/lib/gcc/arm-none-eabi/4.9.3/../../../arm-none-eabi/lib/armv7e-m/fpu/crt0.o (exit)
/usr/lib/gcc/arm-none-eabi/4.9.3/../../../arm-none-eabi/lib/armv7e-m/fpu/libc_nano.a(lib_a-fini.o)
                              /usr/lib/gcc/arm-none-eabi/4.9.3/../../../arm-none-eabi/lib/armv7e-m/fpu/crt0.o (__libc_fini_array)
/usr/lib/gcc/arm-none-eabi/4.9.3/../../../arm-none-eabi/lib/armv7e-m/fpu/libc_nano.a(lib_a-impure.o)
                              /usr/lib/gcc/arm-none-eabi/4.9.3/../../../arm-none-eabi/lib/armv7e-m/fpu/libc_nano.a(lib_a-exit.o) (_global_impure_ptr)
/usr/lib/gcc/arm-none-eabi/4.9.3/../../../arm-none-eabi/lib/armv7e-m/fpu/libc_nano.a(lib_a-init.o)
                              /usr/lib/gcc/arm-none-eabi/4.9.3/../../../arm-none-eabi/lib/armv7e-m/fpu/crt0.o (__libc_init_array)
/usr/lib/gcc/arm-none-eabi/4.9.3/../../../arm-none-eabi/lib/armv7e-m/fpu/libc_nano.a(lib_a-memset.o)
                              /usr/lib/gcc/arm-none-eabi/4.9.3/../../../arm-none-eabi/lib/armv7e-m/fpu/crt0.o (memset)
/usr/lib/gcc/arm-none-eabi/4.9.3/../../../arm-none-eabi/lib/armv7e-m/fpu/libc_nano.a(lib_a-puts.o)
                              src/stm32f4xx_usart_driver.o (puts)
/usr/lib/gcc/arm-none-eabi/4.9.3/../../../arm-none-eabi/lib/armv7e-m/fpu/libc_nano.a(lib_a-wbuf.o)
                              /usr/lib/gcc/arm-none-eabi/4.9.3/../../../arm-none-eabi/lib/armv7e-m/fpu/libc_nano.a(lib_a-puts.o) (__swbuf_r)
/usr/lib/gcc/arm-none-eabi/4.9.3/../../../arm-none-eabi/lib/armv7e-m/fpu/libc_nano.a(lib_a-wsetup.o)
                              /usr/lib/gcc/arm-none-eabi/4.9.3/../../../arm-none-eabi/lib/armv7e-m/fpu/libc_nano.a(lib_a-puts.o) (__swsetup_r)
/usr/lib/gcc/arm-none-eabi/4.9.3/../../../arm-none-eabi/lib/armv7e-m/fpu/libc_nano.a(lib_a-__atexit.o)
                              /usr/lib/gcc/arm-none-eabi/4.9.3/../../../arm-none-eabi/lib/armv7e-m/fpu/libc_nano.a(lib_a-atexit.o) (__register_exitproc)
/usr/lib/gcc/arm-none-eabi/4.9.3/../../../arm-none-eabi/lib/armv7e-m/fpu/libc_nano.a(lib_a-__call_atexit.o)
                              /usr/lib/gcc/arm-none-eabi/4.9.3/../../../arm-none-eabi/lib/armv7e-m/fpu/libc_nano.a(lib_a-__atexit.o) (__call_exitprocs)
/usr/lib/gcc/arm-none-eabi/4.9.3/../../../arm-none-eabi/lib/armv7e-m/fpu/libc_nano.a(lib_a-fflush.o)
                              /usr/lib/gcc/arm-none-eabi/4.9.3/../../../arm-none-eabi/lib/armv7e-m/fpu/libc_nano.a(lib_a-wbuf.o) (_fflush_r)
/usr/lib/gcc/arm-none-eabi/4.9.3/../../../arm-none-eabi/lib/armv7e-m/fpu/libc_nano.a(lib_a-findfp.o)
                              /usr/lib/gcc/arm-none-eabi/4.9.3/../../../arm-none-eabi/lib/armv7e-m/fpu/libc_nano.a(lib_a-puts.o) (__sinit)
/usr/lib/gcc/arm-none-eabi/4.9.3/../../../arm-none-eabi/lib/armv7e-m/fpu/libc_nano.a(lib_a-fwalk.o)
                              /usr/lib/gcc/arm-none-eabi/4.9.3/../../../arm-none-eabi/lib/armv7e-m/fpu/libc_nano.a(lib_a-findfp.o) (_fwalk)
/usr/lib/gcc/arm-none-eabi/4.9.3/../../../arm-none-eabi/lib/armv7e-m/fpu/libc_nano.a(lib_a-makebuf.o)
                              /usr/lib/gcc/arm-none-eabi/4.9.3/../../../arm-none-eabi/lib/armv7e-m/fpu/libc_nano.a(lib_a-wsetup.o) (__smakebuf_r)
/usr/lib/gcc/arm-none-eabi/4.9.3/../../../arm-none-eabi/lib/armv7e-m/fpu/libc_nano.a(lib_a-nano-freer.o)
                              /usr/lib/gcc/arm-none-eabi/4.9.3/../../../arm-none-eabi/lib/armv7e-m/fpu/libc_nano.a(lib_a-wsetup.o) (_free_r)
/usr/lib/gcc/arm-none-eabi/4.9.3/../../../arm-none-eabi/lib/armv7e-m/fpu/libc_nano.a(lib_a-nano-mallocr.o)
                              /usr/lib/gcc/arm-none-eabi/4.9.3/../../../arm-none-eabi/lib/armv7e-m/fpu/libc_nano.a(lib_a-findfp.o) (_malloc_r)
/usr/lib/gcc/arm-none-eabi/4.9.3/../../../arm-none-eabi/lib/armv7e-m/fpu/libc_nano.a(lib_a-sbrkr.o)
                              /usr/lib/gcc/arm-none-eabi/4.9.3/../../../arm-none-eabi/lib/armv7e-m/fpu/libc_nano.a(lib_a-nano-mallocr.o) (_sbrk_r)
/usr/lib/gcc/arm-none-eabi/4.9.3/../../../arm-none-eabi/lib/armv7e-m/fpu/libc_nano.a(lib_a-stdio.o)
                              /usr/lib/gcc/arm-none-eabi/4.9.3/../../../arm-none-eabi/lib/armv7e-m/fpu/libc_nano.a(lib_a-findfp.o) (__sread)
/usr/lib/gcc/arm-none-eabi/4.9.3/../../../arm-none-eabi/lib/armv7e-m/fpu/libc_nano.a(lib_a-writer.o)
                              /usr/lib/gcc/arm-none-eabi/4.9.3/../../../arm-none-eabi/lib/armv7e-m/fpu/libc_nano.a(lib_a-stdio.o) (_write_r)
/usr/lib/gcc/arm-none-eabi/4.9.3/../../../arm-none-eabi/lib/armv7e-m/fpu/libc_nano.a(lib_a-closer.o)
[...]
Memory Configuration

Name             Origin             Length             Attributes
RAM              0x0000000020000000 0x0000000000050000 xrw
ROM              0x0000000008000000 0x0000000000180000 xr
*default*        0x0000000000000000 0xffffffffffffffff

Linker script and memory map

LOAD /usr/lib/gcc/arm-none-eabi/4.9.3/armv7e-m/fpu/crti.o
LOAD /usr/lib/gcc/arm-none-eabi/4.9.3/armv7e-m/fpu/crtbegin.o
LOAD /usr/lib/gcc/arm-none-eabi/4.9.3/../../../arm-none-eabi/lib/armv7e-m/fpu/crt0.o
LOAD src/stm32f413xx_rcc_driver.o
LOAD src/stm32f4xx_usart_driver.o
LOAD src/stm32f413xx_spi_driver.o
LOAD src/stm32f413xx_gpio_driver.o
LOAD startup_stm32f4.o
LOAD main.o
LOAD /usr/lib/gcc/arm-none-eabi/4.9.3/../../../arm-none-eabi/lib/armv7e-m/fpu/libc_nano.a
LOAD /usr/lib/gcc/arm-none-eabi/4.9.3/../../../arm-none-eabi/lib/armv7e-m/fpu/libm.a
START GROUP
LOAD /usr/lib/gcc/arm-none-eabi/4.9.3/armv7e-m/fpu/libgcc.a
LOAD /usr/lib/gcc/arm-none-eabi/4.9.3/../../../arm-none-eabi/lib/armv7e-m/fpu/libg_nano.a
LOAD /usr/lib/gcc/arm-none-eabi/4.9.3/../../../arm-none-eabi/lib/armv7e-m/fpu/libc_nano.a
END GROUP
START GROUP
LOAD /usr/lib/gcc/arm-none-eabi/4.9.3/armv7e-m/fpu/libgcc.a
LOAD /usr/lib/gcc/arm-none-eabi/4.9.3/../../../arm-none-eabi/lib/armv7e-m/fpu/libc_nano.a
LOAD /usr/lib/gcc/arm-none-eabi/4.9.3/../../../arm-none-eabi/lib/armv7e-m/fpu/libnosys.a
END GROUP
START GROUP
LOAD /usr/lib/gcc/arm-none-eabi/4.9.3/armv7e-m/fpu/libgcc.a
LOAD /usr/lib/gcc/arm-none-eabi/4.9.3/../../../arm-none-eabi/lib/armv7e-m/fpu/libc_nano.a
LOAD /usr/lib/gcc/arm-none-eabi/4.9.3/../../../arm-none-eabi/lib/armv7e-m/fpu/libnosys.a
END GROUP
LOAD /usr/lib/gcc/arm-none-eabi/4.9.3/armv7e-m/fpu/crtend.o
LOAD /usr/lib/gcc/arm-none-eabi/4.9.3/armv7e-m/fpu/crtn.o
                0x0000000020050000                _estack = (ORIGIN (RAM) + LENGTH (RAM))
                0x0000000000000200                _Min_Heap_Size = 0x200
                0x0000000000000400                _Min_Stack_Size = 0x400

.isr_vector     0x0000000008000000      0x1d4
                0x0000000008000000                . = ALIGN (0x4)
 *(.isr_vector)
 .isr_vector    0x0000000008000000      0x1d4 startup_stm32f4.o
                0x0000000008000000                interruptVectors
                0x00000000080001d4                . = ALIGN (0x4)

.text           0x00000000080001d4     0x2718
                0x00000000080001d4                . = ALIGN (0x4)
 *(.text)
 .text          0x00000000080001d4       0xa4 /usr/lib/gcc/arm-none-eabi/4.9.3/armv7e-m/fpu/crtbegin.o
 .text          0x0000000008000278      0x170 src/stm32f413xx_rcc_driver.o
                0x0000000008000278                RCC_GetPCLK1Value
                0x0000000008000328                RCC_GetPCLK2Value
                0x00000000080003d8                RCC_GetPLLOutputClock
 .text          0x00000000080003e8      0xf20 src/stm32f4xx_usart_driver.o
                0x00000000080003e8                USART_clk
                0x00000000080005ec                USART_init
                0x00000000080006f8                USART_deinit
                0x0000000008000888                USART_transmit
                0x0000000008000918                USART_receive
                0x00000000080009c0                USART_txIT
                0x0000000008000a1c                USART_rxIT
                0x0000000008000a68                USART_IRQconfig
                0x0000000008000be0                USART_IRQpriorityconfig
                0x0000000008000c34                USART_IRQHandling
                0x0000000008000fcc                USART_SetBaudRate
                0x00000000080010c4                USART_peripheral_control
                0x0000000008001100                USART_GetFlagStatus
                0x0000000008001140                USART_ClearFlag
                0x0000000008001168                USART6_GPIO_init
                0x00000000080011b4                USART6_initUSART
                0x0000000008001220                put_char_usart
                0x0000000008001248                get_char_usart
                0x0000000008001284                setUsartBaud
                0x00000000080012b8                USART6_IRQHandler
                0x00000000080012c8                USART_ApplicationEventCallback
 .text          0x0000000008001308      0xb00 src/stm32f413xx_gpio_driver.o
                0x0000000008001308                GPIO_clk
                0x00000000080014ac                GPIO_init
                0x00000000080017e0                GPIO_deinit
                0x0000000008001924                GPIO_readpin
                0x0000000008001954                GPIO_readport
                0x0000000008001974                GPIO_writepin
                0x00000000080019c4                GPIO_writeport
                0x00000000080019e0                GPIO_togglepin
                0x0000000008001a08                GPIO_toggleport
                0x0000000008001a24                GPIO_IRQconfig
                0x0000000008001b9c                GPIO_IRQpriorityconfig
                0x0000000008001bf0                GPIO_IRQhandling
                0x0000000008001c2c                GPIO_BoardLEDSInit
                0x0000000008001cd0                GPIO_BoardButtonInit
                0x0000000008001d18                delay
                0x0000000008001d48                delay_debounce
                0x0000000008001dd0                digitalWrite
 .text          0x0000000008001e08       0x9c main.o
                0x0000000008001e08                main
 *(.text*)
 .text:Reset_Handler
                0x0000000008001ea4       0x94 startup_stm32f4.o
                0x0000000008001ea4                Reset_Handler
 .text:Default_Handler
                0x0000000008001f38       0x10 startup_stm32f4.o
                0x0000000008001f38                EXTI2_IRQHandler
                0x0000000008001f38                TIM8_CC_IRQHandler
                0x0000000008001f38                DebugMon_Handler
                0x0000000008001f38                SPI4_IRQHandler
                0x0000000008001f38                I2C2_EVT_IRQHandler
                0x0000000008001f38                I2C1_ERR_IRQHandler
                0x0000000008001f38                TIM1_CC_IRQHandler
                0x0000000008001f38                QuadSPI_IRQHandler
                0x0000000008001f38                DMA2_Stream5_IRQHandler
                0x0000000008001f38                HardFault_Handler
                0x0000000008001f38                DMA1_Stream5_IRQHandler
                0x0000000008001f38                SysTick_Handler
                0x0000000008001f38                CAN3_RX1_IRQHandler
                0x0000000008001f38                PVD_IRQHandler
                0x0000000008001f38                SDIO_IRQHandler
                0x0000000008001f38                TAMP_STAMP_IRQHandler
                0x0000000008001f38                PendSV_Handler
                0x0000000008001f38                NMI_Handler
                0x0000000008001f38                CAN2_RX1_IRQHandler
                0x0000000008001f38                EXTI3_IRQHandler
                0x0000000008001f38                TIM8_TRG_COM_TIM14_IRQHandler
                0x0000000008001f38                DFSDM1_FLT1_IRQHandler
                0x0000000008001f38                TIM1_UP_TIM10_IRQHandler
                0x0000000008001f38                TIM8_UP_TIM13_IRQHandler
                0x0000000008001f38                I2C3_ER_IRQHandler
                0x0000000008001f38                USART8_IRQHandler
                0x0000000008001f38                EXTI0_IRQHandler
                0x0000000008001f38                DMA1_Stream2_IRQHandler
                0x0000000008001f38                CAN1_RX0_IRQHandler
                0x0000000008001f38                FPU_IRQHandler
                0x0000000008001f38                CAN3_SCE_IRQHandler
                0x0000000008001f38                UsageFault_Handler
                0x0000000008001f38                CAN2_SCE_IRQHandler
                0x0000000008001f38                DMA2_Stream2_IRQHandler
                0x0000000008001f38                SPI1_IRQHandler
                0x0000000008001f38                TIM1_BRK_TIM9_IRQHandler
                0x0000000008001f38                CAN2_RX0_IRQHandler
                0x0000000008001f38                DMA2_Stream3_IRQHandler
                0x0000000008001f38                USART7_IRQHandler
                0x0000000008001f38                CAN3_RX0_IRQHandler
                0x0000000008001f38                USART3_IRQHandler
                0x0000000008001f38                CAN1_RX1_IRQHandler
                0x0000000008001f38                UART5_IRQHandler
                0x0000000008001f38                DMA2_Stream0_IRQHandler
                0x0000000008001f38                TIM4_IRQHandler
                0x0000000008001f38                DMA1_Stream6_IRQHandler
                0x0000000008001f38                USART4_IRQHandler
                0x0000000008001f38                DFSDM2_FILTER3_IRQHandler
                0x0000000008001f38                DMA1_Stream1_IRQHandler
                0x0000000008001f38                TIM3_IRQHandler
                0x0000000008001f38                RCC_IRQHandler
                0x0000000008001f38                UART9_IRQHandler
                0x0000000008001f38                TIM8_BRK_TIM12_IRQHandler
                0x0000000008001f38                Default_Handler
                0x0000000008001f38                lptim1_OR_it_eit_23_IRQHandler
                0x0000000008001f38                EXTI15_10_IRQHandler
                0x0000000008001f38                ADC_IRQHandler
                0x0000000008001f38                DMA1_Stream7_IRQHandler
                0x0000000008001f38                SPI5_IRQHandler
                0x0000000008001f38                TIM7_IRQHandler
                0x0000000008001f38                CAN2_TX_IRQHandler
                0x0000000008001f38                TIM5_IRQHandler
                0x0000000008001f38                DMA2_Stream7_IRQHandler
                0x0000000008001f38                I2C3_EV_IRQHandler
                0x0000000008001f38                EXTI9_5_IRQHandler
                0x0000000008001f38                RTC_WKUP_IRQHandler
                0x0000000008001f38                SPI2_IRQHandler
                0x0000000008001f38                MemManage_Handler
                0x0000000008001f38                DMA1_Stream0_IRQHandler
                0x0000000008001f38                CAN1_TX_IRQHandler
                0x0000000008001f38                SVC_Handler
                0x0000000008001f38                EXTI4_IRQHandler
                0x0000000008001f38                RNG_IRQHandler
                0x0000000008001f38                I2C1_EVT_IRQHandler
                0x0000000008001f38                FSMC_IRQHandler
                0x0000000008001f38                CRYPTO_IRQHandler
                0x0000000008001f38                CAN3_TX_IRQHandler
                0x0000000008001f38                DFSDM2_FILTER2_IRQHandler
                0x0000000008001f38                TIM2_IRQHandler
                0x0000000008001f38                TIM1_TRG_COM_TIM11_IRQHandler
                0x0000000008001f38                DFSDM2_FILTER4_IRQHandler
                0x0000000008001f38                I2CFMP1event_IRQHandler
                0x0000000008001f38                EXTI1_IRQHandler
                0x0000000008001f38                TIM6_GLB_IT_DAC1_DAC2_IRQHandler
                0x0000000008001f38                EXTI17_RTC_Alarm_IRQHandler
                0x0000000008001f38                USART2_IRQHandler
                0x0000000008001f38                DFSDM2_FILTER1_IRQHandler
                0x0000000008001f38                DFSDM1_FLT0_IRQHandler
                0x0000000008001f38                DMA2_Stream1_IRQHandler
                0x0000000008001f38                CAN1_SCE_IRQHandler
                0x0000000008001f38                FLASH_IRQHandler
                0x0000000008001f38                I2C2_ERR_IRQHandler
                0x0000000008001f38                DMA2_Stream4_IRQHandler
                0x0000000008001f38                BusFault_Handler
                0x0000000008001f38                USART1_IRQHandler
                0x0000000008001f38                SPI3_IRQHandler
                0x0000000008001f38                DMA1_Stream4_IRQHandler
                0x0000000008001f38                I2CFMP1error_IRQHandler
                0x0000000008001f38                DMA2_Stream6_IRQHandler
                0x0000000008001f38                UART10_IRQHandler
                0x0000000008001f38                SAI1_IRQHandler
                0x0000000008001f38                DMA1_Stream3_IRQHandler
 .text.__libc_init_array
                0x0000000008001f48       0x4c /usr/lib/gcc/arm-none-eabi/4.9.3/../../../arm-none-eabi/lib/armv7e-m/fpu/libc_nano.a(lib_a-init.o)
                0x0000000008001f48                __libc_init_array
 .text.memset   0x0000000008001f94       0x10 /usr/lib/gcc/arm-none-eabi/4.9.3/../../../arm-none-eabi/lib/armv7e-m/fpu/libc_nano.a(lib_a-memset.o)
                0x0000000008001f94                memset
 .text._puts_r  0x0000000008001fa4       0xf0 /usr/lib/gcc/arm-none-eabi/4.9.3/../../../arm-none-eabi/lib/armv7e-m/fpu/libc_nano.a(lib_a-puts.o)
                0x0000000008001fa4                _puts_r
 .text.puts     0x0000000008002094       0x10 /usr/lib/gcc/arm-none-eabi/4.9.3/../../../arm-none-eabi/lib/armv7e-m/fpu/libc_nano.a(lib_a-puts.o)
                0x0000000008002094                puts
 .text.__swbuf_r
                0x00000000080020a4       0xa8 /usr/lib/gcc/arm-none-eabi/4.9.3/../../../arm-none-eabi/lib/armv7e-m/fpu/libc_nano.a(lib_a-wbuf.o)
                0x00000000080020a4                __swbuf_r
 .text.__swsetup_r
                0x000000000800214c       0xd8 /usr/lib/gcc/arm-none-eabi/4.9.3/../../../arm-none-eabi/lib/armv7e-m/fpu/libc_nano.a(lib_a-wsetup.o)
                0x000000000800214c                __swsetup_r
 .text.__sflush_r
                0x0000000008002224      0x108 /usr/lib/gcc/arm-none-eabi/4.9.3/../../../arm-none-eabi/lib/armv7e-m/fpu/libc_nano.a(lib_a-fflush.o)
                0x0000000008002224                __sflush_r
 .text._fflush_r
                0x000000000800232c       0x54 /usr/lib/gcc/arm-none-eabi/4.9.3/../../../arm-none-eabi/lib/armv7e-m/fpu/libc_nano.a(lib_a-fflush.o)
                0x000000000800232c                _fflush_r
 .text._cleanup_r
                0x0000000008002380        0xc /usr/lib/gcc/arm-none-eabi/4.9.3/../../../arm-none-eabi/lib/armv7e-m/fpu/libc_nano.a(lib_a-findfp.o)
                0x0000000008002380                _cleanup_r
 .text.std.isra.0
                0x000000000800238c       0x48 /usr/lib/gcc/arm-none-eabi/4.9.3/../../../arm-none-eabi/lib/armv7e-m/fpu/libc_nano.a(lib_a-findfp.o)
 .text.__sfmoreglue
                0x00000000080023d4       0x2c /usr/lib/gcc/arm-none-eabi/4.9.3/../../../arm-none-eabi/lib/armv7e-m/fpu/libc_nano.a(lib_a-findfp.o)
                0x00000000080023d4                __sfmoreglue
 .text.__sinit  0x0000000008002400       0x60 /usr/lib/gcc/arm-none-eabi/4.9.3/../../../arm-none-eabi/lib/armv7e-m/fpu/libc_nano.a(lib_a-findfp.o)
                0x0000000008002400                __sinit
 .text.__sfp    0x0000000008002460       0x74 /usr/lib/gcc/arm-none-eabi/4.9.3/../../../arm-none-eabi/lib/armv7e-m/fpu/libc_nano.a(lib_a-findfp.o)
                0x0000000008002460                __sfp
 .text._fwalk_reent
                0x00000000080024d4       0x3c /usr/lib/gcc/arm-none-eabi/4.9.3/../../../arm-none-eabi/lib/armv7e-m/fpu/libc_nano.a(lib_a-fwalk.o)
                0x00000000080024d4                _fwalk_reent
 .text.__smakebuf_r
                0x0000000008002510       0x9c /usr/lib/gcc/arm-none-eabi/4.9.3/../../../arm-none-eabi/lib/armv7e-m/fpu/libc_nano.a(lib_a-makebuf.o)
                0x0000000008002510                __smakebuf_r
 .text._free_r  0x00000000080025ac       0x88 /usr/lib/gcc/arm-none-eabi/4.9.3/../../../arm-none-eabi/lib/armv7e-m/fpu/libc_nano.a(lib_a-nano-freer.o)
                0x00000000080025ac                _free_r
 .text._malloc_r
                0x0000000008002634       0xac /usr/lib/gcc/arm-none-eabi/4.9.3/../../../arm-none-eabi/lib/armv7e-m/fpu/libc_nano.a(lib_a-nano-mallocr.o)
                0x0000000008002634                _malloc_r
 .text._sbrk_r  0x00000000080026e0       0x20 /usr/lib/gcc/arm-none-eabi/4.9.3/../../../arm-none-eabi/lib/armv7e-m/fpu/libc_nano.a(lib_a-sbrkr.o)
                0x00000000080026e0                _sbrk_r
 .text.__sread  0x0000000008002700       0x22 /usr/lib/gcc/arm-none-eabi/4.9.3/../../../arm-none-eabi/lib/armv7e-m/fpu/libc_nano.a(lib_a-stdio.o)
                0x0000000008002700                __sread
 .text.__swrite
                0x0000000008002722       0x38 /usr/lib/gcc/arm-none-eabi/4.9.3/../../../arm-none-eabi/lib/armv7e-m/fpu/libc_nano.a(lib_a-stdio.o)
                0x0000000008002722                __swrite
 .text.__sseek  0x000000000800275a       0x24 /usr/lib/gcc/arm-none-eabi/4.9.3/../../../arm-none-eabi/lib/armv7e-m/fpu/libc_nano.a(lib_a-stdio.o)
                0x000000000800275a                __sseek
 .text.__sclose
                0x000000000800277e        0x8 /usr/lib/gcc/arm-none-eabi/4.9.3/../../../arm-none-eabi/lib/armv7e-m/fpu/libc_nano.a(lib_a-stdio.o)
                0x000000000800277e                __sclose
 *fill*         0x0000000008002786        0x2 
 .text._write_r
                0x0000000008002788       0x24 /usr/lib/gcc/arm-none-eabi/4.9.3/../../../arm-none-eabi/lib/armv7e-m/fpu/libc_nano.a(lib_a-writer.o)
                0x0000000008002788                _write_r
 .text._close_r
                0x00000000080027ac       0x20 /usr/lib/gcc/arm-none-eabi/4.9.3/../../../arm-none-eabi/lib/armv7e-m/fpu/libc_nano.a(lib_a-closer.o)
                0x00000000080027ac                _close_r
 .text._fstat_r
                0x00000000080027cc       0x24 /usr/lib/gcc/arm-none-eabi/4.9.3/../../../arm-none-eabi/lib/armv7e-m/fpu/libc_nano.a(lib_a-fstatr.o)
                0x00000000080027cc                _fstat_r
 .text._isatty_r
                0x00000000080027f0       0x20 /usr/lib/gcc/arm-none-eabi/4.9.3/../../../arm-none-eabi/lib/armv7e-m/fpu/libc_nano.a(lib_a-isattyr.o)
                0x00000000080027f0                _isatty_r
 .text._lseek_r
                0x0000000008002810       0x24 /usr/lib/gcc/arm-none-eabi/4.9.3/../../../arm-none-eabi/lib/armv7e-m/fpu/libc_nano.a(lib_a-lseekr.o)
                0x0000000008002810                _lseek_r
 .text._read_r  0x0000000008002834       0x24 /usr/lib/gcc/arm-none-eabi/4.9.3/../../../arm-none-eabi/lib/armv7e-m/fpu/libc_nano.a(lib_a-readr.o)
                0x0000000008002834                _read_r
 .text._close   0x0000000008002858       0x10 /usr/lib/gcc/arm-none-eabi/4.9.3/../../../arm-none-eabi/lib/armv7e-m/fpu/libnosys.a(close.o)
                0x0000000008002858                _close
 .text._fstat   0x0000000008002868       0x10 /usr/lib/gcc/arm-none-eabi/4.9.3/../../../arm-none-eabi/lib/armv7e-m/fpu/libnosys.a(fstat.o)
                0x0000000008002868                _fstat
 .text._isatty  0x0000000008002878       0x10 /usr/lib/gcc/arm-none-eabi/4.9.3/../../../arm-none-eabi/lib/armv7e-m/fpu/libnosys.a(isatty.o)
                0x0000000008002878                _isatty
 .text._lseek   0x0000000008002888       0x10 /usr/lib/gcc/arm-none-eabi/4.9.3/../../../arm-none-eabi/lib/armv7e-m/fpu/libnosys.a(lseek.o)
                0x0000000008002888                _lseek
 .text._read    0x0000000008002898       0x10 /usr/lib/gcc/arm-none-eabi/4.9.3/../../../arm-none-eabi/lib/armv7e-m/fpu/libnosys.a(read.o)
                0x0000000008002898                _read
 .text._sbrk    0x00000000080028a8       0x1c /usr/lib/gcc/arm-none-eabi/4.9.3/../../../arm-none-eabi/lib/armv7e-m/fpu/libnosys.a(sbrk.o)
                0x00000000080028a8                _sbrk
 .text._write   0x00000000080028c4       0x10 /usr/lib/gcc/arm-none-eabi/4.9.3/../../../arm-none-eabi/lib/armv7e-m/fpu/libnosys.a(write.o)
                0x00000000080028c4                _write
 *(.glue_7)
 .glue_7        0x00000000080028d4        0x0 linker stubs
 *(.glue_7t)
 .glue_7t       0x00000000080028d4        0x0 linker stubs
 *(.eh_frame)
 .eh_frame      0x00000000080028d4        0x0 /usr/lib/gcc/arm-none-eabi/4.9.3/armv7e-m/fpu/crtbegin.o
 *(.init)
 .init          0x00000000080028d4        0x4 /usr/lib/gcc/arm-none-eabi/4.9.3/armv7e-m/fpu/crti.o
                0x00000000080028d4                _init
 .init          0x00000000080028d8        0x8 /usr/lib/gcc/arm-none-eabi/4.9.3/armv7e-m/fpu/crtn.o
 *(.fini)
 .fini          0x00000000080028e0        0x4 /usr/lib/gcc/arm-none-eabi/4.9.3/armv7e-m/fpu/crti.o
                0x00000000080028e0                _fini
 .fini          0x00000000080028e4        0x8 /usr/lib/gcc/arm-none-eabi/4.9.3/armv7e-m/fpu/crtn.o
                0x00000000080028ec                . = ALIGN (0x4)
                0x00000000080028ec                _etext = .

.vfp11_veneer   0x00000000080028ec        0x0
 .vfp11_veneer  0x00000000080028ec        0x0 linker stubs

.v4_bx          0x00000000080028ec        0x0
 .v4_bx         0x00000000080028ec        0x0 linker stubs

.iplt           0x00000000080028ec        0x0
 .iplt          0x00000000080028ec        0x0 /usr/lib/gcc/arm-none-eabi/4.9.3/armv7e-m/fpu/crtbegin.o

.rodata         0x00000000080028ec       0x74
                0x00000000080028ec                . = ALIGN (0x4)
 *(.rodata)
 .rodata        0x00000000080028ec        0xc src/stm32f4xx_usart_driver.o
 *(.rodata*)
 .rodata.str1.1
                0x00000000080028f8        0x2 /usr/lib/gcc/arm-none-eabi/4.9.3/../../../arm-none-eabi/lib/armv7e-m/fpu/libc_nano.a(lib_a-impure.o)
 *fill*         0x00000000080028fa        0x2 
 .rodata._global_impure_ptr
                0x00000000080028fc        0x4 /usr/lib/gcc/arm-none-eabi/4.9.3/../../../arm-none-eabi/lib/armv7e-m/fpu/libc_nano.a(lib_a-impure.o)
                0x00000000080028fc                _global_impure_ptr
 .rodata.__sf_fake_stdin
                0x0000000008002900       0x20 /usr/lib/gcc/arm-none-eabi/4.9.3/../../../arm-none-eabi/lib/armv7e-m/fpu/libc_nano.a(lib_a-findfp.o)
                0x0000000008002900                __sf_fake_stdin
 .rodata.__sf_fake_stdout
                0x0000000008002920       0x20 /usr/lib/gcc/arm-none-eabi/4.9.3/../../../arm-none-eabi/lib/armv7e-m/fpu/libc_nano.a(lib_a-findfp.o)
                0x0000000008002920                __sf_fake_stdout
 .rodata.__sf_fake_stderr
                0x0000000008002940       0x20 /usr/lib/gcc/arm-none-eabi/4.9.3/../../../arm-none-eabi/lib/armv7e-m/fpu/libc_nano.a(lib_a-findfp.o)
                0x0000000008002940                __sf_fake_stderr
                0x0000000008002960                . = ALIGN (0x4)

.rel.dyn        0x0000000008002960        0x0
 .rel.iplt      0x0000000008002960        0x0 /usr/lib/gcc/arm-none-eabi/4.9.3/armv7e-m/fpu/crtbegin.o

.ARM.extab      0x0000000008002960        0x0
                0x0000000008002960                . = ALIGN (0x4)
 *(.ARM.extab* .gnu.linkonce.armextab.*)
                0x0000000008002960                . = ALIGN (0x4)

.ARM            0x0000000008002960        0x0
                0x0000000008002960                . = ALIGN (0x4)
                0x0000000008002960                __exidx_start = .
 *(.ARM.exidx*)
                0x0000000008002960                __exidx_end = .
                0x0000000008002960                . = ALIGN (0x4)

.preinit_array  0x0000000008002960        0x0
                0x0000000008002960                . = ALIGN (0x4)
                0x0000000008002960                PROVIDE (__preinit_array_start, .)
 *(.preinit_array*)
                0x0000000008002960                PROVIDE (__preinit_array_end, .)
                0x0000000008002960                . = ALIGN (0x4)

.init_array     0x0000000008002960        0x4
                0x0000000008002960                . = ALIGN (0x4)
                0x0000000008002960                PROVIDE (__init_array_start, .)
 *(SORT(.init_array.*))
 *(.init_array*)
 .init_array    0x0000000008002960        0x4 /usr/lib/gcc/arm-none-eabi/4.9.3/armv7e-m/fpu/crtbegin.o
                0x0000000008002964                PROVIDE (__init_array_end, .)
                0x0000000008002964                . = ALIGN (0x4)

.fini_array     0x0000000008002964        0x4
                0x0000000008002964                . = ALIGN (0x4)
                0x0000000008002964                PROVIDE (__fini_array_start, .)
 *(SORT(.fini_array.*))
 *(.fini_array*)
 .fini_array    0x0000000008002964        0x4 /usr/lib/gcc/arm-none-eabi/4.9.3/armv7e-m/fpu/crtbegin.o
                0x0000000008002968                PROVIDE (__fini_array_end, .)
                0x0000000008002968                . = ALIGN (0x4)
                0x0000000008002968                _sidata = LOADADDR (.data)

.data           0x0000000020000000       0x7c load address 0x0000000008002968
                0x0000000020000000                . = ALIGN (0x4)
                0x0000000020000000                _sdata = .
 *(.data)
 .data          0x0000000020000000       0x18 src/stm32f413xx_rcc_driver.o
                0x0000000020000000                AHB_Prescaler
                0x0000000020000014                APBx_Prescaler
 *(.data*)
 .data.impure_data
                0x0000000020000018       0x60 /usr/lib/gcc/arm-none-eabi/4.9.3/../../../arm-none-eabi/lib/armv7e-m/fpu/libc_nano.a(lib_a-impure.o)
 .data._impure_ptr
                0x0000000020000078        0x4 /usr/lib/gcc/arm-none-eabi/4.9.3/../../../arm-none-eabi/lib/armv7e-m/fpu/libc_nano.a(lib_a-impure.o)
                0x0000000020000078                _impure_ptr
                0x000000002000007c                . = ALIGN (0x4)
                0x000000002000007c                _edata = .

.jcr            0x000000002000007c        0x0 load address 0x00000000080029e4
 .jcr           0x000000002000007c        0x0 /usr/lib/gcc/arm-none-eabi/4.9.3/armv7e-m/fpu/crtbegin.o

.tm_clone_table
                0x000000002000007c        0x0 load address 0x00000000080029e4
 .tm_clone_table
                0x000000002000007c        0x0 /usr/lib/gcc/arm-none-eabi/4.9.3/armv7e-m/fpu/crtbegin.o
 .tm_clone_table
                0x000000002000007c        0x0 /usr/lib/gcc/arm-none-eabi/4.9.3/armv7e-m/fpu/crtend.o

.igot.plt       0x000000002000007c        0x0 load address 0x00000000080029e4
 .igot.plt      0x000000002000007c        0x0 /usr/lib/gcc/arm-none-eabi/4.9.3/armv7e-m/fpu/crtbegin.o
                0x000000002000007c                . = ALIGN (0x4)

.bss            0x000000002000007c       0x54 load address 0x00000000080029e4
                0x000000002000007c                _sbss = .
                0x000000002000007c                __bss_start__ = _sbss
 *(.bss)
 .bss           0x000000002000007c       0x1c /usr/lib/gcc/arm-none-eabi/4.9.3/armv7e-m/fpu/crtbegin.o
 .bss           0x0000000020000098        0x2 src/stm32f4xx_usart_driver.o
                0x0000000020000098                rxComplete
 *(.bss*)
 *fill*         0x000000002000009a        0x2 
 .bss.__malloc_sbrk_start
                0x000000002000009c        0x4 /usr/lib/gcc/arm-none-eabi/4.9.3/../../../arm-none-eabi/lib/armv7e-m/fpu/libc_nano.a(lib_a-nano-mallocr.o)
                0x000000002000009c                __malloc_sbrk_start
 .bss.__malloc_free_list
                0x00000000200000a0        0x4 /usr/lib/gcc/arm-none-eabi/4.9.3/../../../arm-none-eabi/lib/armv7e-m/fpu/libc_nano.a(lib_a-nano-mallocr.o)
                0x00000000200000a0                __malloc_free_list
 .bss.heap_end.4079
                0x00000000200000a4        0x4 /usr/lib/gcc/arm-none-eabi/4.9.3/../../../arm-none-eabi/lib/armv7e-m/fpu/libnosys.a(sbrk.o)
 *(COMMON)
 COMMON         0x00000000200000a8       0x24 src/stm32f4xx_usart_driver.o
                0x00000000200000a8                USART6Handle
 COMMON         0x00000000200000cc        0x4 /usr/lib/gcc/arm-none-eabi/4.9.3/../../../arm-none-eabi/lib/armv7e-m/fpu/libc_nano.a(lib_a-reent.o)
                0x00000000200000cc                errno
                0x00000000200000d0                . = ALIGN (0x4)
                0x00000000200000d0                _ebss = .
                0x00000000200000d0                __bss_end__ = _ebss

._user_heap_stack
                0x00000000200000d0      0x600 load address 0x00000000080029e4
                0x00000000200000d0                . = ALIGN (0x8)
                0x00000000200000d0                PROVIDE (end, .)
                [!provide]                        PROVIDE (_end, .)
                0x00000000200002d0                . = (. + _Min_Heap_Size)
 *fill*         0x00000000200000d0      0x200 
                0x00000000200006d0                . = (. + _Min_Stack_Size)
 *fill*         0x00000000200002d0      0x400 
                0x00000000200006d0                . = ALIGN (0x8)

/DISCARD/
 libc.a(*)
 libm.a(*)
 libgcc.a(*)

.ARM.attributes
                0x0000000000000000       0x30
 *(.ARM.attributes)
 .ARM.attributes
                0x0000000000000000       0x22 /usr/lib/gcc/arm-none-eabi/4.9.3/armv7e-m/fpu/crti.o
 .ARM.attributes
                0x0000000000000022       0x34 /usr/lib/gcc/arm-none-eabi/4.9.3/armv7e-m/fpu/crtbegin.o
 .ARM.attributes
                0x0000000000000056       0x39 src/stm32f413xx_rcc_driver.o
 .ARM.attributes
                0x000000000000008f       0x39 src/stm32f4xx_usart_driver.o
 .ARM.attributes
                0x00000000000000c8       0x39 src/stm32f413xx_gpio_driver.o
 .ARM.attributes
                0x0000000000000101       0x39 startup_stm32f4.o
 .ARM.attributes
                0x000000000000013a       0x39 main.o
 .ARM.attributes
                0x0000000000000173       0x34 /usr/lib/gcc/arm-none-eabi/4.9.3/../../../arm-none-eabi/lib/armv7e-m/fpu/libc_nano.a(lib_a-impure.o)
 .ARM.attributes
                0x00000000000001a7       0x34 /usr/lib/gcc/arm-none-eabi/4.9.3/../../../arm-none-eabi/lib/armv7e-m/fpu/libc_nano.a(lib_a-init.o)
 .ARM.attributes
                0x00000000000001db       0x34 /usr/lib/gcc/arm-none-eabi/4.9.3/../../../arm-none-eabi/lib/armv7e-m/fpu/libc_nano.a(lib_a-memset.o)
 .ARM.attributes
                0x000000000000020f       0x34 /usr/lib/gcc/arm-none-eabi/4.9.3/../../../arm-none-eabi/lib/armv7e-m/fpu/libc_nano.a(lib_a-puts.o)
 .ARM.attributes
                0x0000000000000243       0x34 /usr/lib/gcc/arm-none-eabi/4.9.3/../../../arm-none-eabi/lib/armv7e-m/fpu/libc_nano.a(lib_a-wbuf.o)
 .ARM.attributes
                0x0000000000000277       0x34 /usr/lib/gcc/arm-none-eabi/4.9.3/../../../arm-none-eabi/lib/armv7e-m/fpu/libc_nano.a(lib_a-wsetup.o)
 .ARM.attributes
                0x00000000000002ab       0x34 /usr/lib/gcc/arm-none-eabi/4.9.3/../../../arm-none-eabi/lib/armv7e-m/fpu/libc_nano.a(lib_a-fflush.o)
 .ARM.attributes
                0x00000000000002df       0x34 /usr/lib/gcc/arm-none-eabi/4.9.3/../../../arm-none-eabi/lib/armv7e-m/fpu/libc_nano.a(lib_a-findfp.o)
 .ARM.attributes
                0x0000000000000313       0x34 /usr/lib/gcc/arm-none-eabi/4.9.3/../../../arm-none-eabi/lib/armv7e-m/fpu/libc_nano.a(lib_a-fwalk.o)
 .ARM.attributes
                0x0000000000000347       0x34 /usr/lib/gcc/arm-none-eabi/4.9.3/../../../arm-none-eabi/lib/armv7e-m/fpu/libc_nano.a(lib_a-makebuf.o)
 .ARM.attributes
                0x000000000000037b       0x34 /usr/lib/gcc/arm-none-eabi/4.9.3/../../../arm-none-eabi/lib/armv7e-m/fpu/libc_nano.a(lib_a-nano-freer.o)
 .ARM.attributes
                0x00000000000003af       0x34 /usr/lib/gcc/arm-none-eabi/4.9.3/../../../arm-none-eabi/lib/armv7e-m/fpu/libc_nano.a(lib_a-nano-mallocr.o)
 .ARM.attributes
                0x00000000000003e3       0x34 /usr/lib/gcc/arm-none-eabi/4.9.3/../../../arm-none-eabi/lib/armv7e-m/fpu/libc_nano.a(lib_a-sbrkr.o)
 .ARM.attributes
                0x0000000000000417       0x34 /usr/lib/gcc/arm-none-eabi/4.9.3/../../../arm-none-eabi/lib/armv7e-m/fpu/libc_nano.a(lib_a-stdio.o)
 .ARM.attributes
                0x000000000000044b       0x34 /usr/lib/gcc/arm-none-eabi/4.9.3/../../../arm-none-eabi/lib/armv7e-m/fpu/libc_nano.a(lib_a-writer.o)
 .ARM.attributes
                0x000000000000047f       0x34 /usr/lib/gcc/arm-none-eabi/4.9.3/../../../arm-none-eabi/lib/armv7e-m/fpu/libc_nano.a(lib_a-closer.o)
 .ARM.attributes
                0x00000000000004b3       0x34 /usr/lib/gcc/arm-none-eabi/4.9.3/../../../arm-none-eabi/lib/armv7e-m/fpu/libc_nano.a(lib_a-fstatr.o)
 .ARM.attributes
                0x00000000000004e7       0x34 /usr/lib/gcc/arm-none-eabi/4.9.3/../../../arm-none-eabi/lib/armv7e-m/fpu/libc_nano.a(lib_a-isattyr.o)
 .ARM.attributes
                0x000000000000051b       0x34 /usr/lib/gcc/arm-none-eabi/4.9.3/../../../arm-none-eabi/lib/armv7e-m/fpu/libc_nano.a(lib_a-lseekr.o)
 .ARM.attributes
                0x000000000000054f       0x34 /usr/lib/gcc/arm-none-eabi/4.9.3/../../../arm-none-eabi/lib/armv7e-m/fpu/libc_nano.a(lib_a-readr.o)
 .ARM.attributes
                0x0000000000000583       0x34 /usr/lib/gcc/arm-none-eabi/4.9.3/../../../arm-none-eabi/lib/armv7e-m/fpu/libc_nano.a(lib_a-reent.o)
 .ARM.attributes
                0x00000000000005b7       0x34 /usr/lib/gcc/arm-none-eabi/4.9.3/../../../arm-none-eabi/lib/armv7e-m/fpu/libnosys.a(close.o)
 .ARM.attributes
                0x00000000000005eb       0x34 /usr/lib/gcc/arm-none-eabi/4.9.3/../../../arm-none-eabi/lib/armv7e-m/fpu/libnosys.a(fstat.o)
 .ARM.attributes
                0x000000000000061f       0x34 /usr/lib/gcc/arm-none-eabi/4.9.3/../../../arm-none-eabi/lib/armv7e-m/fpu/libnosys.a(isatty.o)
 .ARM.attributes
                0x0000000000000653       0x34 /usr/lib/gcc/arm-none-eabi/4.9.3/../../../arm-none-eabi/lib/armv7e-m/fpu/libnosys.a(lseek.o)
 .ARM.attributes
                0x0000000000000687       0x34 /usr/lib/gcc/arm-none-eabi/4.9.3/../../../arm-none-eabi/lib/armv7e-m/fpu/libnosys.a(read.o)
 .ARM.attributes
                0x00000000000006bb       0x34 /usr/lib/gcc/arm-none-eabi/4.9.3/../../../arm-none-eabi/lib/armv7e-m/fpu/libnosys.a(sbrk.o)
 .ARM.attributes
                0x00000000000006ef       0x34 /usr/lib/gcc/arm-none-eabi/4.9.3/../../../arm-none-eabi/lib/armv7e-m/fpu/libnosys.a(write.o)
 .ARM.attributes
                0x0000000000000723       0x34 /usr/lib/gcc/arm-none-eabi/4.9.3/armv7e-m/fpu/crtend.o
 .ARM.attributes
                0x0000000000000757       0x22 /usr/lib/gcc/arm-none-eabi/4.9.3/armv7e-m/fpu/crtn.o
OUTPUT(final.elf elf32-littlearm)

.comment        0x0000000000000000       0x70
 .comment       0x0000000000000000       0x38 /usr/lib/gcc/arm-none-eabi/4.9.3/armv7e-m/fpu/crtbegin.o
                                         0x39 (size before relaxing)
 .comment       0x0000000000000038       0x39 src/stm32f413xx_rcc_driver.o
 .comment       0x0000000000000038       0x39 src/stm32f4xx_usart_driver.o
 .comment       0x0000000000000038       0x39 src/stm32f413xx_gpio_driver.o
 .comment       0x0000000000000038       0x39 startup_stm32f4.o
 .comment       0x0000000000000038       0x39 main.o
 .comment       0x0000000000000038       0x38 /usr/lib/gcc/arm-none-eabi/4.9.3/../../../arm-none-eabi/lib/armv7e-m/fpu/libc_nano.a(lib_a-impure.o)
                                         0x39 (size before relaxing)
 .comment       0x0000000000000070       0x39 /usr/lib/gcc/arm-none-eabi/4.9.3/../../../arm-none-eabi/lib/armv7e-m/fpu/libc_nano.a(lib_a-init.o)
 .comment       0x0000000000000070       0x39 /usr/lib/gcc/arm-none-eabi/4.9.3/../../../arm-none-eabi/lib/armv7e-m/fpu/libc_nano.a(lib_a-memset.o)
 .comment       0x0000000000000070       0x39 /usr/lib/gcc/arm-none-eabi/4.9.3/../../../arm-none-eabi/lib/armv7e-m/fpu/libc_nano.a(lib_a-puts.o)
 .comment       0x0000000000000070       0x39 /usr/lib/gcc/arm-none-eabi/4.9.3/../../../arm-none-eabi/lib/armv7e-m/fpu/libc_nano.a(lib_a-wbuf.o)
 .comment       0x0000000000000070       0x39 /usr/lib/gcc/arm-none-eabi/4.9.3/../../../arm-none-eabi/lib/armv7e-m/fpu/libc_nano.a(lib_a-wsetup.o)
 .comment       0x0000000000000070       0x39 /usr/lib/gcc/arm-none-eabi/4.9.3/../../../arm-none-eabi/lib/armv7e-m/fpu/libc_nano.a(lib_a-fflush.o)
 .comment       0x0000000000000070       0x39 /usr/lib/gcc/arm-none-eabi/4.9.3/../../../arm-none-eabi/lib/armv7e-m/fpu/libc_nano.a(lib_a-findfp.o)
 .comment       0x0000000000000070       0x39 /usr/lib/gcc/arm-none-eabi/4.9.3/../../../arm-none-eabi/lib/armv7e-m/fpu/libc_nano.a(lib_a-fwalk.o)
 .comment       0x0000000000000070       0x39 /usr/lib/gcc/arm-none-eabi/4.9.3/../../../arm-none-eabi/lib/armv7e-m/fpu/libc_nano.a(lib_a-makebuf.o)
 .comment       0x0000000000000070       0x39 /usr/lib/gcc/arm-none-eabi/4.9.3/../../../arm-none-eabi/lib/armv7e-m/fpu/libc_nano.a(lib_a-nano-freer.o)
 .comment       0x0000000000000070       0x39 /usr/lib/gcc/arm-none-eabi/4.9.3/../../../arm-none-eabi/lib/armv7e-m/fpu/libc_nano.a(lib_a-nano-mallocr.o)
 .comment       0x0000000000000070       0x39 /usr/lib/gcc/arm-none-eabi/4.9.3/../../../arm-none-eabi/lib/armv7e-m/fpu/libc_nano.a(lib_a-sbrkr.o)
 .comment       0x0000000000000070       0x39 /usr/lib/gcc/arm-none-eabi/4.9.3/../../../arm-none-eabi/lib/armv7e-m/fpu/libc_nano.a(lib_a-stdio.o)
 .comment       0x0000000000000070       0x39 /usr/lib/gcc/arm-none-eabi/4.9.3/../../../arm-none-eabi/lib/armv7e-m/fpu/libc_nano.a(lib_a-writer.o)
 .comment       0x0000000000000070       0x39 /usr/lib/gcc/arm-none-eabi/4.9.3/../../../arm-none-eabi/lib/armv7e-m/fpu/libc_nano.a(lib_a-closer.o)
 .comment       0x0000000000000070       0x39 /usr/lib/gcc/arm-none-eabi/4.9.3/../../../arm-none-eabi/lib/armv7e-m/fpu/libc_nano.a(lib_a-fstatr.o)
 .comment       0x0000000000000070       0x39 /usr/lib/gcc/arm-none-eabi/4.9.3/../../../arm-none-eabi/lib/armv7e-m/fpu/libc_nano.a(lib_a-isattyr.o)
 .comment       0x0000000000000070       0x39 /usr/lib/gcc/arm-none-eabi/4.9.3/../../../arm-none-eabi/lib/armv7e-m/fpu/libc_nano.a(lib_a-lseekr.o)
 .comment       0x0000000000000070       0x39 /usr/lib/gcc/arm-none-eabi/4.9.3/../../../arm-none-eabi/lib/armv7e-m/fpu/libc_nano.a(lib_a-readr.o)
 .comment       0x0000000000000070       0x39 /usr/lib/gcc/arm-none-eabi/4.9.3/../../../arm-none-eabi/lib/armv7e-m/fpu/libc_nano.a(lib_a-reent.o)
 .comment       0x0000000000000070       0x39 /usr/lib/gcc/arm-none-eabi/4.9.3/../../../arm-none-eabi/lib/armv7e-m/fpu/libnosys.a(close.o)
 .comment       0x0000000000000070       0x39 /usr/lib/gcc/arm-none-eabi/4.9.3/../../../arm-none-eabi/lib/armv7e-m/fpu/libnosys.a(fstat.o)
 .comment       0x0000000000000070       0x39 /usr/lib/gcc/arm-none-eabi/4.9.3/../../../arm-none-eabi/lib/armv7e-m/fpu/libnosys.a(isatty.o)
 .comment       0x0000000000000070       0x39 /usr/lib/gcc/arm-none-eabi/4.9.3/../../../arm-none-eabi/lib/armv7e-m/fpu/libnosys.a(lseek.o)
 .comment       0x0000000000000070       0x39 /usr/lib/gcc/arm-none-eabi/4.9.3/../../../arm-none-eabi/lib/armv7e-m/fpu/libnosys.a(read.o)
 .comment       0x0000000000000070       0x39 /usr/lib/gcc/arm-none-eabi/4.9.3/../../../arm-none-eabi/lib/armv7e-m/fpu/libnosys.a(sbrk.o)
 .comment       0x0000000000000070       0x39 /usr/lib/gcc/arm-none-eabi/4.9.3/../../../arm-none-eabi/lib/armv7e-m/fpu/libnosys.a(write.o)
 .comment       0x0000000000000070       0x39 /usr/lib/gcc/arm-none-eabi/4.9.3/armv7e-m/fpu/crtend.o

.debug_info     0x0000000000000000     0xd41b
 .debug_info    0x0000000000000000      0x3fe src/stm32f413xx_rcc_driver.o
 .debug_info    0x00000000000003fe     0x1068 src/stm32f4xx_usart_driver.o
 .debug_info    0x0000000000001466      0xc0c src/stm32f413xx_gpio_driver.o
 .debug_info    0x0000000000002072      0x174 startup_stm32f4.o
 .debug_info    0x00000000000021e6      0x2b4 main.o
 .debug_info    0x000000000000249a      0x7d3 /usr/lib/gcc/arm-none-eabi/4.9.3/../../../arm-none-eabi/lib/armv7e-m/fpu/libc_nano.a(lib_a-impure.o)
 .debug_info    0x0000000000002c6d      0x105 /usr/lib/gcc/arm-none-eabi/4.9.3/../../../arm-none-eabi/lib/armv7e-m/fpu/libc_nano.a(lib_a-init.o)
 .debug_info    0x0000000000002d72       0xd3 /usr/lib/gcc/arm-none-eabi/4.9.3/../../../arm-none-eabi/lib/armv7e-m/fpu/libc_nano.a(lib_a-memset.o)
 .debug_info    0x0000000000002e45      0x924 /usr/lib/gcc/arm-none-eabi/4.9.3/../../../arm-none-eabi/lib/armv7e-m/fpu/libc_nano.a(lib_a-puts.o)
 .debug_info    0x0000000000003769      0x916 /usr/lib/gcc/arm-none-eabi/4.9.3/../../../arm-none-eabi/lib/armv7e-m/fpu/libc_nano.a(lib_a-wbuf.o)
 .debug_info    0x000000000000407f      0x881 /usr/lib/gcc/arm-none-eabi/4.9.3/../../../arm-none-eabi/lib/armv7e-m/fpu/libc_nano.a(lib_a-wsetup.o)
 .debug_info    0x0000000000004900      0xa00 /usr/lib/gcc/arm-none-eabi/4.9.3/../../../arm-none-eabi/lib/armv7e-m/fpu/libc_nano.a(lib_a-fflush.o)
 .debug_info    0x0000000000005300      0xd5a /usr/lib/gcc/arm-none-eabi/4.9.3/../../../arm-none-eabi/lib/armv7e-m/fpu/libc_nano.a(lib_a-findfp.o)
 .debug_info    0x000000000000605a      0x846 /usr/lib/gcc/arm-none-eabi/4.9.3/../../../arm-none-eabi/lib/armv7e-m/fpu/libc_nano.a(lib_a-fwalk.o)
 .debug_info    0x00000000000068a0      0x98c /usr/lib/gcc/arm-none-eabi/4.9.3/../../../arm-none-eabi/lib/armv7e-m/fpu/libc_nano.a(lib_a-makebuf.o)
 .debug_info    0x000000000000722c      0x81a /usr/lib/gcc/arm-none-eabi/4.9.3/../../../arm-none-eabi/lib/armv7e-m/fpu/libc_nano.a(lib_a-nano-freer.o)
 .debug_info    0x0000000000007a46      0x8fb /usr/lib/gcc/arm-none-eabi/4.9.3/../../../arm-none-eabi/lib/armv7e-m/fpu/libc_nano.a(lib_a-nano-mallocr.o)
 .debug_info    0x0000000000008341      0x7a0 /usr/lib/gcc/arm-none-eabi/4.9.3/../../../arm-none-eabi/lib/armv7e-m/fpu/libc_nano.a(lib_a-sbrkr.o)
 .debug_info    0x0000000000008ae1      0xa36 /usr/lib/gcc/arm-none-eabi/4.9.3/../../../arm-none-eabi/lib/armv7e-m/fpu/libc_nano.a(lib_a-stdio.o)
 .debug_info    0x0000000000009517      0x7d5 /usr/lib/gcc/arm-none-eabi/4.9.3/../../../arm-none-eabi/lib/armv7e-m/fpu/libc_nano.a(lib_a-writer.o)
 .debug_info    0x0000000000009cec      0x78c /usr/lib/gcc/arm-none-eabi/4.9.3/../../../arm-none-eabi/lib/armv7e-m/fpu/libc_nano.a(lib_a-closer.o)
 .debug_info    0x000000000000a478      0x90a /usr/lib/gcc/arm-none-eabi/4.9.3/../../../arm-none-eabi/lib/armv7e-m/fpu/libc_nano.a(lib_a-fstatr.o)
 .debug_info    0x000000000000ad82      0x78c /usr/lib/gcc/arm-none-eabi/4.9.3/../../../arm-none-eabi/lib/armv7e-m/fpu/libc_nano.a(lib_a-isattyr.o)
 .debug_info    0x000000000000b50e      0x7b8 /usr/lib/gcc/arm-none-eabi/4.9.3/../../../arm-none-eabi/lib/armv7e-m/fpu/libc_nano.a(lib_a-lseekr.o)
 .debug_info    0x000000000000bcc6      0x7ce /usr/lib/gcc/arm-none-eabi/4.9.3/../../../arm-none-eabi/lib/armv7e-m/fpu/libc_nano.a(lib_a-readr.o)
 .debug_info    0x000000000000c494      0x8fb /usr/lib/gcc/arm-none-eabi/4.9.3/../../../arm-none-eabi/lib/armv7e-m/fpu/libc_nano.a(lib_a-reent.o)
 .debug_info    0x000000000000cd8f       0xae /usr/lib/gcc/arm-none-eabi/4.9.3/../../../arm-none-eabi/lib/armv7e-m/fpu/libnosys.a(close.o)
 .debug_info    0x000000000000ce3d      0x22d /usr/lib/gcc/arm-none-eabi/4.9.3/../../../arm-none-eabi/lib/armv7e-m/fpu/libnosys.a(fstat.o)
 .debug_info    0x000000000000d06a       0xae /usr/lib/gcc/arm-none-eabi/4.9.3/../../../arm-none-eabi/lib/armv7e-m/fpu/libnosys.a(isatty.o)
 .debug_info    0x000000000000d118       0xca /usr/lib/gcc/arm-none-eabi/4.9.3/../../../arm-none-eabi/lib/armv7e-m/fpu/libnosys.a(lseek.o)
 .debug_info    0x000000000000d1e2       0xd0 /usr/lib/gcc/arm-none-eabi/4.9.3/../../../arm-none-eabi/lib/armv7e-m/fpu/libnosys.a(read.o)
 .debug_info    0x000000000000d2b2       0x99 /usr/lib/gcc/arm-none-eabi/4.9.3/../../../arm-none-eabi/lib/armv7e-m/fpu/libnosys.a(sbrk.o)
 .debug_info    0x000000000000d34b       0xd0 /usr/lib/gcc/arm-none-eabi/4.9.3/../../../arm-none-eabi/lib/armv7e-m/fpu/libnosys.a(write.o)

.debug_abbrev   0x0000000000000000     0x2e28
 .debug_abbrev  0x0000000000000000       0xde src/stm32f413xx_rcc_driver.o
 .debug_abbrev  0x00000000000000de      0x22f src/stm32f4xx_usart_driver.o
 .debug_abbrev  0x000000000000030d      0x1f4 src/stm32f413xx_gpio_driver.o
 .debug_abbrev  0x0000000000000501       0xe6 startup_stm32f4.o
 .debug_abbrev  0x00000000000005e7       0xee main.o
 .debug_abbrev  0x00000000000006d5      0x136 /usr/lib/gcc/arm-none-eabi/4.9.3/../../../arm-none-eabi/lib/armv7e-m/fpu/libc_nano.a(lib_a-impure.o)
 .debug_abbrev  0x000000000000080b       0xba /usr/lib/gcc/arm-none-eabi/4.9.3/../../../arm-none-eabi/lib/armv7e-m/fpu/libc_nano.a(lib_a-init.o)
 .debug_abbrev  0x00000000000008c5       0x8e /usr/lib/gcc/arm-none-eabi/4.9.3/../../../arm-none-eabi/lib/armv7e-m/fpu/libc_nano.a(lib_a-memset.o)
 .debug_abbrev  0x0000000000000953      0x202 /usr/lib/gcc/arm-none-eabi/4.9.3/../../../arm-none-eabi/lib/armv7e-m/fpu/libc_nano.a(lib_a-puts.o)
 .debug_abbrev  0x0000000000000b55      0x1f7 /usr/lib/gcc/arm-none-eabi/4.9.3/../../../arm-none-eabi/lib/armv7e-m/fpu/libc_nano.a(lib_a-wbuf.o)
 .debug_abbrev  0x0000000000000d4c      0x1a5 /usr/lib/gcc/arm-none-eabi/4.9.3/../../../arm-none-eabi/lib/armv7e-m/fpu/libc_nano.a(lib_a-wsetup.o)
 .debug_abbrev  0x0000000000000ef1      0x24e /usr/lib/gcc/arm-none-eabi/4.9.3/../../../arm-none-eabi/lib/armv7e-m/fpu/libc_nano.a(lib_a-fflush.o)
 .debug_abbrev  0x000000000000113f      0x300 /usr/lib/gcc/arm-none-eabi/4.9.3/../../../arm-none-eabi/lib/armv7e-m/fpu/libc_nano.a(lib_a-findfp.o)
 .debug_abbrev  0x000000000000143f      0x176 /usr/lib/gcc/arm-none-eabi/4.9.3/../../../arm-none-eabi/lib/armv7e-m/fpu/libc_nano.a(lib_a-fwalk.o)
 .debug_abbrev  0x00000000000015b5      0x1ab /usr/lib/gcc/arm-none-eabi/4.9.3/../../../arm-none-eabi/lib/armv7e-m/fpu/libc_nano.a(lib_a-makebuf.o)
 .debug_abbrev  0x0000000000001760      0x1b6 /usr/lib/gcc/arm-none-eabi/4.9.3/../../../arm-none-eabi/lib/armv7e-m/fpu/libc_nano.a(lib_a-nano-freer.o)
 .debug_abbrev  0x0000000000001916      0x250 /usr/lib/gcc/arm-none-eabi/4.9.3/../../../arm-none-eabi/lib/armv7e-m/fpu/libc_nano.a(lib_a-nano-mallocr.o)
 .debug_abbrev  0x0000000000001b66      0x1a2 /usr/lib/gcc/arm-none-eabi/4.9.3/../../../arm-none-eabi/lib/armv7e-m/fpu/libc_nano.a(lib_a-sbrkr.o)
 .debug_abbrev  0x0000000000001d08      0x1eb /usr/lib/gcc/arm-none-eabi/4.9.3/../../../arm-none-eabi/lib/armv7e-m/fpu/libc_nano.a(lib_a-stdio.o)
 .debug_abbrev  0x0000000000001ef3      0x199 /usr/lib/gcc/arm-none-eabi/4.9.3/../../../arm-none-eabi/lib/armv7e-m/fpu/libc_nano.a(lib_a-writer.o)
 .debug_abbrev  0x000000000000208c      0x194 /usr/lib/gcc/arm-none-eabi/4.9.3/../../../arm-none-eabi/lib/armv7e-m/fpu/libc_nano.a(lib_a-closer.o)
 .debug_abbrev  0x0000000000002220      0x1a3 /usr/lib/gcc/arm-none-eabi/4.9.3/../../../arm-none-eabi/lib/armv7e-m/fpu/libc_nano.a(lib_a-fstatr.o)
 .debug_abbrev  0x00000000000023c3      0x194 /usr/lib/gcc/arm-none-eabi/4.9.3/../../../arm-none-eabi/lib/armv7e-m/fpu/libc_nano.a(lib_a-isattyr.o)
 .debug_abbrev  0x0000000000002557      0x1a3 /usr/lib/gcc/arm-none-eabi/4.9.3/../../../arm-none-eabi/lib/armv7e-m/fpu/libc_nano.a(lib_a-lseekr.o)
 .debug_abbrev  0x00000000000026fa      0x194 /usr/lib/gcc/arm-none-eabi/4.9.3/../../../arm-none-eabi/lib/armv7e-m/fpu/libc_nano.a(lib_a-readr.o)
 .debug_abbrev  0x000000000000288e      0x1f2 /usr/lib/gcc/arm-none-eabi/4.9.3/../../../arm-none-eabi/lib/armv7e-m/fpu/libc_nano.a(lib_a-reent.o)
 .debug_abbrev  0x0000000000002a80       0x66 /usr/lib/gcc/arm-none-eabi/4.9.3/../../../arm-none-eabi/lib/armv7e-m/fpu/libnosys.a(close.o)
 .debug_abbrev  0x0000000000002ae6       0xbb /usr/lib/gcc/arm-none-eabi/4.9.3/../../../arm-none-eabi/lib/armv7e-m/fpu/libnosys.a(fstat.o)
 .debug_abbrev  0x0000000000002ba1       0x66 /usr/lib/gcc/arm-none-eabi/4.9.3/../../../arm-none-eabi/lib/armv7e-m/fpu/libnosys.a(isatty.o)
 .debug_abbrev  0x0000000000002c07       0x84 /usr/lib/gcc/arm-none-eabi/4.9.3/../../../arm-none-eabi/lib/armv7e-m/fpu/libnosys.a(lseek.o)
 .debug_abbrev  0x0000000000002c8b       0x8d /usr/lib/gcc/arm-none-eabi/4.9.3/../../../arm-none-eabi/lib/armv7e-m/fpu/libnosys.a(read.o)
 .debug_abbrev  0x0000000000002d18       0x83 /usr/lib/gcc/arm-none-eabi/4.9.3/../../../arm-none-eabi/lib/armv7e-m/fpu/libnosys.a(sbrk.o)
 .debug_abbrev  0x0000000000002d9b       0x8d /usr/lib/gcc/arm-none-eabi/4.9.3/../../../arm-none-eabi/lib/armv7e-m/fpu/libnosys.a(write.o)

.debug_aranges  0x0000000000000000      0x4d8
 .debug_aranges
                0x0000000000000000       0x20 src/stm32f413xx_rcc_driver.o
 .debug_aranges
                0x0000000000000020       0x20 src/stm32f4xx_usart_driver.o
 .debug_aranges
                0x0000000000000040       0x20 src/stm32f413xx_gpio_driver.o
 .debug_aranges
                0x0000000000000060       0x28 startup_stm32f4.o
 .debug_aranges
                0x0000000000000088       0x20 main.o
 .debug_aranges
                0x00000000000000a8       0x18 /usr/lib/gcc/arm-none-eabi/4.9.3/../../../arm-none-eabi/lib/armv7e-m/fpu/libc_nano.a(lib_a-impure.o)
 .debug_aranges
                0x00000000000000c0       0x20 /usr/lib/gcc/arm-none-eabi/4.9.3/../../../arm-none-eabi/lib/armv7e-m/fpu/libc_nano.a(lib_a-init.o)
 .debug_aranges
                0x00000000000000e0       0x20 /usr/lib/gcc/arm-none-eabi/4.9.3/../../../arm-none-eabi/lib/armv7e-m/fpu/libc_nano.a(lib_a-memset.o)
 .debug_aranges
                0x0000000000000100       0x28 /usr/lib/gcc/arm-none-eabi/4.9.3/../../../arm-none-eabi/lib/armv7e-m/fpu/libc_nano.a(lib_a-puts.o)
 .debug_aranges
                0x0000000000000128       0x28 /usr/lib/gcc/arm-none-eabi/4.9.3/../../../arm-none-eabi/lib/armv7e-m/fpu/libc_nano.a(lib_a-wbuf.o)
 .debug_aranges
                0x0000000000000150       0x20 /usr/lib/gcc/arm-none-eabi/4.9.3/../../../arm-none-eabi/lib/armv7e-m/fpu/libc_nano.a(lib_a-wsetup.o)
 .debug_aranges
                0x0000000000000170       0x30 /usr/lib/gcc/arm-none-eabi/4.9.3/../../../arm-none-eabi/lib/armv7e-m/fpu/libc_nano.a(lib_a-fflush.o)
 .debug_aranges
                0x00000000000001a0       0x88 /usr/lib/gcc/arm-none-eabi/4.9.3/../../../arm-none-eabi/lib/armv7e-m/fpu/libc_nano.a(lib_a-findfp.o)
 .debug_aranges
                0x0000000000000228       0x28 /usr/lib/gcc/arm-none-eabi/4.9.3/../../../arm-none-eabi/lib/armv7e-m/fpu/libc_nano.a(lib_a-fwalk.o)
 .debug_aranges
                0x0000000000000250       0x20 /usr/lib/gcc/arm-none-eabi/4.9.3/../../../arm-none-eabi/lib/armv7e-m/fpu/libc_nano.a(lib_a-makebuf.o)
 .debug_aranges
                0x0000000000000270       0x20 /usr/lib/gcc/arm-none-eabi/4.9.3/../../../arm-none-eabi/lib/armv7e-m/fpu/libc_nano.a(lib_a-nano-freer.o)
 .debug_aranges
                0x0000000000000290       0x20 /usr/lib/gcc/arm-none-eabi/4.9.3/../../../arm-none-eabi/lib/armv7e-m/fpu/libc_nano.a(lib_a-nano-mallocr.o)
 .debug_aranges
                0x00000000000002b0       0x20 /usr/lib/gcc/arm-none-eabi/4.9.3/../../../arm-none-eabi/lib/armv7e-m/fpu/libc_nano.a(lib_a-sbrkr.o)
 .debug_aranges
                0x00000000000002d0       0x40 /usr/lib/gcc/arm-none-eabi/4.9.3/../../../arm-none-eabi/lib/armv7e-m/fpu/libc_nano.a(lib_a-stdio.o)
 .debug_aranges
                0x0000000000000310       0x20 /usr/lib/gcc/arm-none-eabi/4.9.3/../../../arm-none-eabi/lib/armv7e-m/fpu/libc_nano.a(lib_a-writer.o)
 .debug_aranges
                0x0000000000000330       0x20 /usr/lib/gcc/arm-none-eabi/4.9.3/../../../arm-none-eabi/lib/armv7e-m/fpu/libc_nano.a(lib_a-closer.o)
 .debug_aranges
                0x0000000000000350       0x20 /usr/lib/gcc/arm-none-eabi/4.9.3/../../../arm-none-eabi/lib/armv7e-m/fpu/libc_nano.a(lib_a-fstatr.o)
 .debug_aranges
                0x0000000000000370       0x20 /usr/lib/gcc/arm-none-eabi/4.9.3/../../../arm-none-eabi/lib/armv7e-m/fpu/libc_nano.a(lib_a-isattyr.o)
 .debug_aranges
                0x0000000000000390       0x20 /usr/lib/gcc/arm-none-eabi/4.9.3/../../../arm-none-eabi/lib/armv7e-m/fpu/libc_nano.a(lib_a-lseekr.o)
 .debug_aranges
                0x00000000000003b0       0x20 /usr/lib/gcc/arm-none-eabi/4.9.3/../../../arm-none-eabi/lib/armv7e-m/fpu/libc_nano.a(lib_a-readr.o)
 .debug_aranges
                0x00000000000003d0       0x28 /usr/lib/gcc/arm-none-eabi/4.9.3/../../../arm-none-eabi/lib/armv7e-m/fpu/libc_nano.a(lib_a-reent.o)
 .debug_aranges
                0x00000000000003f8       0x20 /usr/lib/gcc/arm-none-eabi/4.9.3/../../../arm-none-eabi/lib/armv7e-m/fpu/libnosys.a(close.o)
 .debug_aranges
                0x0000000000000418       0x20 /usr/lib/gcc/arm-none-eabi/4.9.3/../../../arm-none-eabi/lib/armv7e-m/fpu/libnosys.a(fstat.o)
 .debug_aranges
                0x0000000000000438       0x20 /usr/lib/gcc/arm-none-eabi/4.9.3/../../../arm-none-eabi/lib/armv7e-m/fpu/libnosys.a(isatty.o)
 .debug_aranges
                0x0000000000000458       0x20 /usr/lib/gcc/arm-none-eabi/4.9.3/../../../arm-none-eabi/lib/armv7e-m/fpu/libnosys.a(lseek.o)
 .debug_aranges
                0x0000000000000478       0x20 /usr/lib/gcc/arm-none-eabi/4.9.3/../../../arm-none-eabi/lib/armv7e-m/fpu/libnosys.a(read.o)
 .debug_aranges
                0x0000000000000498       0x20 /usr/lib/gcc/arm-none-eabi/4.9.3/../../../arm-none-eabi/lib/armv7e-m/fpu/libnosys.a(sbrk.o)
 .debug_aranges
                0x00000000000004b8       0x20 /usr/lib/gcc/arm-none-eabi/4.9.3/../../../arm-none-eabi/lib/armv7e-m/fpu/libnosys.a(write.o)

.debug_line     0x0000000000000000     0x2c34
 .debug_line    0x0000000000000000       0xea src/stm32f413xx_rcc_driver.o
 .debug_line    0x00000000000000ea      0x324 src/stm32f4xx_usart_driver.o
 .debug_line    0x000000000000040e      0x275 src/stm32f413xx_gpio_driver.o
 .debug_line    0x0000000000000683       0xd9 startup_stm32f4.o
 .debug_line    0x000000000000075c       0xf2 main.o
 .debug_line    0x000000000000084e       0xf4 /usr/lib/gcc/arm-none-eabi/4.9.3/../../../arm-none-eabi/lib/armv7e-m/fpu/libc_nano.a(lib_a-impure.o)
 .debug_line    0x0000000000000942       0xb9 /usr/lib/gcc/arm-none-eabi/4.9.3/../../../arm-none-eabi/lib/armv7e-m/fpu/libc_nano.a(lib_a-init.o)
 .debug_line    0x00000000000009fb       0xf1 /usr/lib/gcc/arm-none-eabi/4.9.3/../../../arm-none-eabi/lib/armv7e-m/fpu/libc_nano.a(lib_a-memset.o)
 .debug_line    0x0000000000000aec      0x1fb /usr/lib/gcc/arm-none-eabi/4.9.3/../../../arm-none-eabi/lib/armv7e-m/fpu/libc_nano.a(lib_a-puts.o)
 .debug_line    0x0000000000000ce7      0x1cf /usr/lib/gcc/arm-none-eabi/4.9.3/../../../arm-none-eabi/lib/armv7e-m/fpu/libc_nano.a(lib_a-wbuf.o)
 .debug_line    0x0000000000000eb6      0x1c2 /usr/lib/gcc/arm-none-eabi/4.9.3/../../../arm-none-eabi/lib/armv7e-m/fpu/libc_nano.a(lib_a-wsetup.o)
 .debug_line    0x0000000000001078      0x251 /usr/lib/gcc/arm-none-eabi/4.9.3/../../../arm-none-eabi/lib/armv7e-m/fpu/libc_nano.a(lib_a-fflush.o)
 .debug_line    0x00000000000012c9      0x2cb /usr/lib/gcc/arm-none-eabi/4.9.3/../../../arm-none-eabi/lib/armv7e-m/fpu/libc_nano.a(lib_a-findfp.o)
 .debug_line    0x0000000000001594      0x1ba /usr/lib/gcc/arm-none-eabi/4.9.3/../../../arm-none-eabi/lib/armv7e-m/fpu/libc_nano.a(lib_a-fwalk.o)
 .debug_line    0x000000000000174e      0x1b4 /usr/lib/gcc/arm-none-eabi/4.9.3/../../../arm-none-eabi/lib/armv7e-m/fpu/libc_nano.a(lib_a-makebuf.o)
 .debug_line    0x0000000000001902      0x14c /usr/lib/gcc/arm-none-eabi/4.9.3/../../../arm-none-eabi/lib/armv7e-m/fpu/libc_nano.a(lib_a-nano-freer.o)
 .debug_line    0x0000000000001a4e      0x19c /usr/lib/gcc/arm-none-eabi/4.9.3/../../../arm-none-eabi/lib/armv7e-m/fpu/libc_nano.a(lib_a-nano-mallocr.o)
 .debug_line    0x0000000000001bea      0x165 /usr/lib/gcc/arm-none-eabi/4.9.3/../../../arm-none-eabi/lib/armv7e-m/fpu/libc_nano.a(lib_a-sbrkr.o)
 .debug_line    0x0000000000001d4f      0x1d7 /usr/lib/gcc/arm-none-eabi/4.9.3/../../../arm-none-eabi/lib/armv7e-m/fpu/libc_nano.a(lib_a-stdio.o)
 .debug_line    0x0000000000001f26      0x165 /usr/lib/gcc/arm-none-eabi/4.9.3/../../../arm-none-eabi/lib/armv7e-m/fpu/libc_nano.a(lib_a-writer.o)
 .debug_line    0x000000000000208b      0x166 /usr/lib/gcc/arm-none-eabi/4.9.3/../../../arm-none-eabi/lib/armv7e-m/fpu/libc_nano.a(lib_a-closer.o)
 .debug_line    0x00000000000021f1      0x17b /usr/lib/gcc/arm-none-eabi/4.9.3/../../../arm-none-eabi/lib/armv7e-m/fpu/libc_nano.a(lib_a-fstatr.o)
 .debug_line    0x000000000000236c      0x167 /usr/lib/gcc/arm-none-eabi/4.9.3/../../../arm-none-eabi/lib/armv7e-m/fpu/libc_nano.a(lib_a-isattyr.o)
 .debug_line    0x00000000000024d3      0x165 /usr/lib/gcc/arm-none-eabi/4.9.3/../../../arm-none-eabi/lib/armv7e-m/fpu/libc_nano.a(lib_a-lseekr.o)
 .debug_line    0x0000000000002638      0x164 /usr/lib/gcc/arm-none-eabi/4.9.3/../../../arm-none-eabi/lib/armv7e-m/fpu/libc_nano.a(lib_a-readr.o)
 .debug_line    0x000000000000279c      0x1a0 /usr/lib/gcc/arm-none-eabi/4.9.3/../../../arm-none-eabi/lib/armv7e-m/fpu/libc_nano.a(lib_a-reent.o)
 .debug_line    0x000000000000293c       0x5d /usr/lib/gcc/arm-none-eabi/4.9.3/../../../arm-none-eabi/lib/armv7e-m/fpu/libnosys.a(close.o)
 .debug_line    0x0000000000002999       0xcc /usr/lib/gcc/arm-none-eabi/4.9.3/../../../arm-none-eabi/lib/armv7e-m/fpu/libnosys.a(fstat.o)
 .debug_line    0x0000000000002a65       0x5e /usr/lib/gcc/arm-none-eabi/4.9.3/../../../arm-none-eabi/lib/armv7e-m/fpu/libnosys.a(isatty.o)
 .debug_line    0x0000000000002ac3       0x5d /usr/lib/gcc/arm-none-eabi/4.9.3/../../../arm-none-eabi/lib/armv7e-m/fpu/libnosys.a(lseek.o)
 .debug_line    0x0000000000002b20       0x5c /usr/lib/gcc/arm-none-eabi/4.9.3/../../../arm-none-eabi/lib/armv7e-m/fpu/libnosys.a(read.o)
 .debug_line    0x0000000000002b7c       0x5b /usr/lib/gcc/arm-none-eabi/4.9.3/../../../arm-none-eabi/lib/armv7e-m/fpu/libnosys.a(sbrk.o)
 .debug_line    0x0000000000002bd7       0x5d /usr/lib/gcc/arm-none-eabi/4.9.3/../../../arm-none-eabi/lib/armv7e-m/fpu/libnosys.a(write.o)

.debug_str      0x0000000000000000     0x292b
 .debug_str     0x0000000000000000      0x330 src/stm32f413xx_rcc_driver.o
                                        0x388 (size before relaxing)
 .debug_str     0x0000000000000330     0x1293 src/stm32f4xx_usart_driver.o
                                       0x1582 (size before relaxing)
 .debug_str     0x00000000000015c3      0x1c4 src/stm32f413xx_gpio_driver.o
                                        0xdca (size before relaxing)
 .debug_str     0x0000000000001787       0x6d startup_stm32f4.o
                                        0x1d0 (size before relaxing)
 .debug_str     0x00000000000017f4       0x1c main.o
                                        0x381 (size before relaxing)
 .debug_str     0x0000000000001810      0x4da /usr/lib/gcc/arm-none-eabi/4.9.3/../../../arm-none-eabi/lib/armv7e-m/fpu/libc_nano.a(lib_a-impure.o)
                                        0x5ca (size before relaxing)
 .debug_str     0x0000000000001cea       0xfa /usr/lib/gcc/arm-none-eabi/4.9.3/../../../arm-none-eabi/lib/armv7e-m/fpu/libc_nano.a(lib_a-init.o)
                                        0x281 (size before relaxing)
 .debug_str     0x0000000000001de4       0xa7 /usr/lib/gcc/arm-none-eabi/4.9.3/../../../arm-none-eabi/lib/armv7e-m/fpu/libc_nano.a(lib_a-memset.o)
                                        0x222 (size before relaxing)
 .debug_str     0x0000000000001e8b       0xd7 /usr/lib/gcc/arm-none-eabi/4.9.3/../../../arm-none-eabi/lib/armv7e-m/fpu/libc_nano.a(lib_a-puts.o)
                                        0x5f0 (size before relaxing)
 .debug_str     0x0000000000001f62       0x40 /usr/lib/gcc/arm-none-eabi/4.9.3/../../../arm-none-eabi/lib/armv7e-m/fpu/libc_nano.a(lib_a-wbuf.o)
                                        0x5ee (size before relaxing)
 .debug_str     0x0000000000001fa2       0x45 /usr/lib/gcc/arm-none-eabi/4.9.3/../../../arm-none-eabi/lib/armv7e-m/fpu/libc_nano.a(lib_a-wsetup.o)
                                        0x5e9 (size before relaxing)
 .debug_str     0x0000000000001fe7       0x60 /usr/lib/gcc/arm-none-eabi/4.9.3/../../../arm-none-eabi/lib/armv7e-m/fpu/libc_nano.a(lib_a-fflush.o)
                                        0x62a (size before relaxing)
 .debug_str     0x0000000000002047      0x198 /usr/lib/gcc/arm-none-eabi/4.9.3/../../../arm-none-eabi/lib/armv7e-m/fpu/libc_nano.a(lib_a-findfp.o)
                                        0x776 (size before relaxing)
 .debug_str     0x00000000000021df       0x3e /usr/lib/gcc/arm-none-eabi/4.9.3/../../../arm-none-eabi/lib/armv7e-m/fpu/libc_nano.a(lib_a-fwalk.o)
                                        0x590 (size before relaxing)
 .debug_str     0x000000000000221d      0x118 /usr/lib/gcc/arm-none-eabi/4.9.3/../../../arm-none-eabi/lib/armv7e-m/fpu/libc_nano.a(lib_a-makebuf.o)
                                        0x68d (size before relaxing)
 .debug_str     0x0000000000002335      0x102 /usr/lib/gcc/arm-none-eabi/4.9.3/../../../arm-none-eabi/lib/armv7e-m/fpu/libc_nano.a(lib_a-nano-freer.o)
                                        0x5e3 (size before relaxing)
 .debug_str     0x0000000000002437       0x50 /usr/lib/gcc/arm-none-eabi/4.9.3/../../../arm-none-eabi/lib/armv7e-m/fpu/libc_nano.a(lib_a-nano-mallocr.o)
                                        0x618 (size before relaxing)
 .debug_str     0x0000000000002487       0x3a /usr/lib/gcc/arm-none-eabi/4.9.3/../../../arm-none-eabi/lib/armv7e-m/fpu/libc_nano.a(lib_a-sbrkr.o)
                                        0x582 (size before relaxing)
 .debug_str     0x00000000000024c1       0x8f /usr/lib/gcc/arm-none-eabi/4.9.3/../../../arm-none-eabi/lib/armv7e-m/fpu/libc_nano.a(lib_a-stdio.o)
                                        0x5e6 (size before relaxing)
 .debug_str     0x0000000000002550       0x30 /usr/lib/gcc/arm-none-eabi/4.9.3/../../../arm-none-eabi/lib/armv7e-m/fpu/libc_nano.a(lib_a-writer.o)
                                        0x57f (size before relaxing)
 .debug_str     0x0000000000002580       0x30 /usr/lib/gcc/arm-none-eabi/4.9.3/../../../arm-none-eabi/lib/armv7e-m/fpu/libc_nano.a(lib_a-closer.o)
                                        0x56f (size before relaxing)
 .debug_str     0x00000000000025b0       0x3d /usr/lib/gcc/arm-none-eabi/4.9.3/../../../arm-none-eabi/lib/armv7e-m/fpu/libc_nano.a(lib_a-fstatr.o)
                                        0x662 (size before relaxing)
 .debug_str     0x00000000000025ed       0x39 /usr/lib/gcc/arm-none-eabi/4.9.3/../../../arm-none-eabi/lib/armv7e-m/fpu/libc_nano.a(lib_a-isattyr.o)
                                        0x579 (size before relaxing)
 .debug_str     0x0000000000002626       0x37 /usr/lib/gcc/arm-none-eabi/4.9.3/../../../arm-none-eabi/lib/armv7e-m/fpu/libc_nano.a(lib_a-lseekr.o)
                                        0x57d (size before relaxing)
 .debug_str     0x000000000000265d       0x2f /usr/lib/gcc/arm-none-eabi/4.9.3/../../../arm-none-eabi/lib/armv7e-m/fpu/libc_nano.a(lib_a-readr.o)
                                        0x57d (size before relaxing)
 .debug_str     0x000000000000268c       0x5b /usr/lib/gcc/arm-none-eabi/4.9.3/../../../arm-none-eabi/lib/armv7e-m/fpu/libc_nano.a(lib_a-reent.o)
                                        0x5aa (size before relaxing)
 .debug_str     0x00000000000026e7      0x12f /usr/lib/gcc/arm-none-eabi/4.9.3/../../../arm-none-eabi/lib/armv7e-m/fpu/libnosys.a(close.o)
                                        0x1ce (size before relaxing)
 .debug_str     0x0000000000002816       0x2c /usr/lib/gcc/arm-none-eabi/4.9.3/../../../arm-none-eabi/lib/armv7e-m/fpu/libnosys.a(fstat.o)
                                        0x2bb (size before relaxing)
 .debug_str     0x0000000000002842       0x2d /usr/lib/gcc/arm-none-eabi/4.9.3/../../../arm-none-eabi/lib/armv7e-m/fpu/libnosys.a(isatty.o)
                                        0x1ce (size before relaxing)
 .debug_str     0x000000000000286f       0x2c /usr/lib/gcc/arm-none-eabi/4.9.3/../../../arm-none-eabi/lib/armv7e-m/fpu/libnosys.a(lseek.o)
                                        0x1cc (size before relaxing)
 .debug_str     0x000000000000289b       0x2b /usr/lib/gcc/arm-none-eabi/4.9.3/../../../arm-none-eabi/lib/armv7e-m/fpu/libnosys.a(read.o)
                                        0x1ca (size before relaxing)
 .debug_str     0x00000000000028c6       0x39 /usr/lib/gcc/arm-none-eabi/4.9.3/../../../arm-none-eabi/lib/armv7e-m/fpu/libnosys.a(sbrk.o)
                                        0x14e (size before relaxing)
 .debug_str     0x00000000000028ff       0x2c /usr/lib/gcc/arm-none-eabi/4.9.3/../../../arm-none-eabi/lib/armv7e-m/fpu/libnosys.a(write.o)
                                        0x1cc (size before relaxing)

.debug_frame    0x0000000000000000      0xd18
 .debug_frame   0x0000000000000000       0x78 src/stm32f413xx_rcc_driver.o
 .debug_frame   0x0000000000000078      0x318 src/stm32f4xx_usart_driver.o
 .debug_frame   0x0000000000000390      0x2ac src/stm32f413xx_gpio_driver.o
 .debug_frame   0x000000000000063c       0x60 startup_stm32f4.o
 .debug_frame   0x000000000000069c       0x30 main.o
 .debug_frame   0x00000000000006cc       0x2c /usr/lib/gcc/arm-none-eabi/4.9.3/../../../arm-none-eabi/lib/armv7e-m/fpu/libc_nano.a(lib_a-init.o)
 .debug_frame   0x00000000000006f8       0x20 /usr/lib/gcc/arm-none-eabi/4.9.3/../../../arm-none-eabi/lib/armv7e-m/fpu/libc_nano.a(lib_a-memset.o)
 .debug_frame   0x0000000000000718       0x3c /usr/lib/gcc/arm-none-eabi/4.9.3/../../../arm-none-eabi/lib/armv7e-m/fpu/libc_nano.a(lib_a-puts.o)
 .debug_frame   0x0000000000000754       0x3c /usr/lib/gcc/arm-none-eabi/4.9.3/../../../arm-none-eabi/lib/armv7e-m/fpu/libc_nano.a(lib_a-wbuf.o)
 .debug_frame   0x0000000000000790       0x2c /usr/lib/gcc/arm-none-eabi/4.9.3/../../../arm-none-eabi/lib/armv7e-m/fpu/libc_nano.a(lib_a-wsetup.o)
 .debug_frame   0x00000000000007bc       0x68 /usr/lib/gcc/arm-none-eabi/4.9.3/../../../arm-none-eabi/lib/armv7e-m/fpu/libc_nano.a(lib_a-fflush.o)
 .debug_frame   0x0000000000000824      0x11c /usr/lib/gcc/arm-none-eabi/4.9.3/../../../arm-none-eabi/lib/armv7e-m/fpu/libc_nano.a(lib_a-findfp.o)
 .debug_frame   0x0000000000000940       0x54 /usr/lib/gcc/arm-none-eabi/4.9.3/../../../arm-none-eabi/lib/armv7e-m/fpu/libc_nano.a(lib_a-fwalk.o)
 .debug_frame   0x0000000000000994       0x34 /usr/lib/gcc/arm-none-eabi/4.9.3/../../../arm-none-eabi/lib/armv7e-m/fpu/libc_nano.a(lib_a-makebuf.o)
 .debug_frame   0x00000000000009c8       0x2c /usr/lib/gcc/arm-none-eabi/4.9.3/../../../arm-none-eabi/lib/armv7e-m/fpu/libc_nano.a(lib_a-nano-freer.o)
 .debug_frame   0x00000000000009f4       0x2c /usr/lib/gcc/arm-none-eabi/4.9.3/../../../arm-none-eabi/lib/armv7e-m/fpu/libc_nano.a(lib_a-nano-mallocr.o)
 .debug_frame   0x0000000000000a20       0x2c /usr/lib/gcc/arm-none-eabi/4.9.3/../../../arm-none-eabi/lib/armv7e-m/fpu/libc_nano.a(lib_a-sbrkr.o)
 .debug_frame   0x0000000000000a4c       0x88 /usr/lib/gcc/arm-none-eabi/4.9.3/../../../arm-none-eabi/lib/armv7e-m/fpu/libc_nano.a(lib_a-stdio.o)
 .debug_frame   0x0000000000000ad4       0x2c /usr/lib/gcc/arm-none-eabi/4.9.3/../../../arm-none-eabi/lib/armv7e-m/fpu/libc_nano.a(lib_a-writer.o)
 .debug_frame   0x0000000000000b00       0x2c /usr/lib/gcc/arm-none-eabi/4.9.3/../../../arm-none-eabi/lib/armv7e-m/fpu/libc_nano.a(lib_a-closer.o)
 .debug_frame   0x0000000000000b2c       0x2c /usr/lib/gcc/arm-none-eabi/4.9.3/../../../arm-none-eabi/lib/armv7e-m/fpu/libc_nano.a(lib_a-fstatr.o)
 .debug_frame   0x0000000000000b58       0x2c /usr/lib/gcc/arm-none-eabi/4.9.3/../../../arm-none-eabi/lib/armv7e-m/fpu/libc_nano.a(lib_a-isattyr.o)
 .debug_frame   0x0000000000000b84       0x2c /usr/lib/gcc/arm-none-eabi/4.9.3/../../../arm-none-eabi/lib/armv7e-m/fpu/libc_nano.a(lib_a-lseekr.o)
 .debug_frame   0x0000000000000bb0       0x2c /usr/lib/gcc/arm-none-eabi/4.9.3/../../../arm-none-eabi/lib/armv7e-m/fpu/libc_nano.a(lib_a-readr.o)
 .debug_frame   0x0000000000000bdc       0x5c /usr/lib/gcc/arm-none-eabi/4.9.3/../../../arm-none-eabi/lib/armv7e-m/fpu/libc_nano.a(lib_a-reent.o)
 .debug_frame   0x0000000000000c38       0x20 /usr/lib/gcc/arm-none-eabi/4.9.3/../../../arm-none-eabi/lib/armv7e-m/fpu/libnosys.a(close.o)
 .debug_frame   0x0000000000000c58       0x20 /usr/lib/gcc/arm-none-eabi/4.9.3/../../../arm-none-eabi/lib/armv7e-m/fpu/libnosys.a(fstat.o)
 .debug_frame   0x0000000000000c78       0x20 /usr/lib/gcc/arm-none-eabi/4.9.3/../../../arm-none-eabi/lib/armv7e-m/fpu/libnosys.a(isatty.o)
 .debug_frame   0x0000000000000c98       0x20 /usr/lib/gcc/arm-none-eabi/4.9.3/../../../arm-none-eabi/lib/armv7e-m/fpu/libnosys.a(lseek.o)
 .debug_frame   0x0000000000000cb8       0x20 /usr/lib/gcc/arm-none-eabi/4.9.3/../../../arm-none-eabi/lib/armv7e-m/fpu/libnosys.a(read.o)
 .debug_frame   0x0000000000000cd8       0x20 /usr/lib/gcc/arm-none-eabi/4.9.3/../../../arm-none-eabi/lib/armv7e-m/fpu/libnosys.a(sbrk.o)
 .debug_frame   0x0000000000000cf8       0x20 /usr/lib/gcc/arm-none-eabi/4.9.3/../../../arm-none-eabi/lib/armv7e-m/fpu/libnosys.a(write.o)

.debug_ranges   0x0000000000000000      0x2e8
 .debug_ranges  0x0000000000000000       0x18 startup_stm32f4.o
 .debug_ranges  0x0000000000000018       0x10 /usr/lib/gcc/arm-none-eabi/4.9.3/../../../arm-none-eabi/lib/armv7e-m/fpu/libc_nano.a(lib_a-init.o)
 .debug_ranges  0x0000000000000028       0x10 /usr/lib/gcc/arm-none-eabi/4.9.3/../../../arm-none-eabi/lib/armv7e-m/fpu/libc_nano.a(lib_a-memset.o)
 .debug_ranges  0x0000000000000038       0x30 /usr/lib/gcc/arm-none-eabi/4.9.3/../../../arm-none-eabi/lib/armv7e-m/fpu/libc_nano.a(lib_a-puts.o)
 .debug_ranges  0x0000000000000068       0x18 /usr/lib/gcc/arm-none-eabi/4.9.3/../../../arm-none-eabi/lib/armv7e-m/fpu/libc_nano.a(lib_a-wbuf.o)
 .debug_ranges  0x0000000000000080       0x30 /usr/lib/gcc/arm-none-eabi/4.9.3/../../../arm-none-eabi/lib/armv7e-m/fpu/libc_nano.a(lib_a-wsetup.o)
 .debug_ranges  0x00000000000000b0       0x20 /usr/lib/gcc/arm-none-eabi/4.9.3/../../../arm-none-eabi/lib/armv7e-m/fpu/libc_nano.a(lib_a-fflush.o)
 .debug_ranges  0x00000000000000d0       0x78 /usr/lib/gcc/arm-none-eabi/4.9.3/../../../arm-none-eabi/lib/armv7e-m/fpu/libc_nano.a(lib_a-findfp.o)
 .debug_ranges  0x0000000000000148       0x18 /usr/lib/gcc/arm-none-eabi/4.9.3/../../../arm-none-eabi/lib/armv7e-m/fpu/libc_nano.a(lib_a-fwalk.o)
 .debug_ranges  0x0000000000000160       0x10 /usr/lib/gcc/arm-none-eabi/4.9.3/../../../arm-none-eabi/lib/armv7e-m/fpu/libc_nano.a(lib_a-makebuf.o)
 .debug_ranges  0x0000000000000170       0x28 /usr/lib/gcc/arm-none-eabi/4.9.3/../../../arm-none-eabi/lib/armv7e-m/fpu/libc_nano.a(lib_a-nano-freer.o)
 .debug_ranges  0x0000000000000198       0x28 /usr/lib/gcc/arm-none-eabi/4.9.3/../../../arm-none-eabi/lib/armv7e-m/fpu/libc_nano.a(lib_a-nano-mallocr.o)
 .debug_ranges  0x00000000000001c0       0x10 /usr/lib/gcc/arm-none-eabi/4.9.3/../../../arm-none-eabi/lib/armv7e-m/fpu/libc_nano.a(lib_a-sbrkr.o)
 .debug_ranges  0x00000000000001d0       0x30 /usr/lib/gcc/arm-none-eabi/4.9.3/../../../arm-none-eabi/lib/armv7e-m/fpu/libc_nano.a(lib_a-stdio.o)
 .debug_ranges  0x0000000000000200       0x10 /usr/lib/gcc/arm-none-eabi/4.9.3/../../../arm-none-eabi/lib/armv7e-m/fpu/libc_nano.a(lib_a-writer.o)
 .debug_ranges  0x0000000000000210       0x10 /usr/lib/gcc/arm-none-eabi/4.9.3/../../../arm-none-eabi/lib/armv7e-m/fpu/libc_nano.a(lib_a-closer.o)
 .debug_ranges  0x0000000000000220       0x10 /usr/lib/gcc/arm-none-eabi/4.9.3/../../../arm-none-eabi/lib/armv7e-m/fpu/libc_nano.a(lib_a-fstatr.o)
 .debug_ranges  0x0000000000000230       0x10 /usr/lib/gcc/arm-none-eabi/4.9.3/../../../arm-none-eabi/lib/armv7e-m/fpu/libc_nano.a(lib_a-isattyr.o)
 .debug_ranges  0x0000000000000240       0x10 /usr/lib/gcc/arm-none-eabi/4.9.3/../../../arm-none-eabi/lib/armv7e-m/fpu/libc_nano.a(lib_a-lseekr.o)
 .debug_ranges  0x0000000000000250       0x10 /usr/lib/gcc/arm-none-eabi/4.9.3/../../../arm-none-eabi/lib/armv7e-m/fpu/libc_nano.a(lib_a-readr.o)
 .debug_ranges  0x0000000000000260       0x18 /usr/lib/gcc/arm-none-eabi/4.9.3/../../../arm-none-eabi/lib/armv7e-m/fpu/libc_nano.a(lib_a-reent.o)
 .debug_ranges  0x0000000000000278       0x10 /usr/lib/gcc/arm-none-eabi/4.9.3/../../../arm-none-eabi/lib/armv7e-m/fpu/libnosys.a(close.o)
 .debug_ranges  0x0000000000000288       0x10 /usr/lib/gcc/arm-none-eabi/4.9.3/../../../arm-none-eabi/lib/armv7e-m/fpu/libnosys.a(fstat.o)
 .debug_ranges  0x0000000000000298       0x10 /usr/lib/gcc/arm-none-eabi/4.9.3/../../../arm-none-eabi/lib/armv7e-m/fpu/libnosys.a(isatty.o)
 .debug_ranges  0x00000000000002a8       0x10 /usr/lib/gcc/arm-none-eabi/4.9.3/../../../arm-none-eabi/lib/armv7e-m/fpu/libnosys.a(lseek.o)
 .debug_ranges  0x00000000000002b8       0x10 /usr/lib/gcc/arm-none-eabi/4.9.3/../../../arm-none-eabi/lib/armv7e-m/fpu/libnosys.a(read.o)
 .debug_ranges  0x00000000000002c8       0x10 /usr/lib/gcc/arm-none-eabi/4.9.3/../../../arm-none-eabi/lib/armv7e-m/fpu/libnosys.a(sbrk.o)
 .debug_ranges  0x00000000000002d8       0x10 /usr/lib/gcc/arm-none-eabi/4.9.3/../../../arm-none-eabi/lib/armv7e-m/fpu/libnosys.a(write.o)

.debug_loc      0x0000000000000000     0x1655
 .debug_loc     0x0000000000000000       0x54 /usr/lib/gcc/arm-none-eabi/4.9.3/../../../arm-none-eabi/lib/armv7e-m/fpu/libc_nano.a(lib_a-init.o)
 .debug_loc     0x0000000000000054       0x57 /usr/lib/gcc/arm-none-eabi/4.9.3/../../../arm-none-eabi/lib/armv7e-m/fpu/libc_nano.a(lib_a-memset.o)
 .debug_loc     0x00000000000000ab      0x197 /usr/lib/gcc/arm-none-eabi/4.9.3/../../../arm-none-eabi/lib/armv7e-m/fpu/libc_nano.a(lib_a-puts.o)
 .debug_loc     0x0000000000000242      0x11e /usr/lib/gcc/arm-none-eabi/4.9.3/../../../arm-none-eabi/lib/armv7e-m/fpu/libc_nano.a(lib_a-wbuf.o)
 .debug_loc     0x0000000000000360       0x5d /usr/lib/gcc/arm-none-eabi/4.9.3/../../../arm-none-eabi/lib/armv7e-m/fpu/libc_nano.a(lib_a-wsetup.o)
 .debug_loc     0x00000000000003bd      0x24c /usr/lib/gcc/arm-none-eabi/4.9.3/../../../arm-none-eabi/lib/armv7e-m/fpu/libc_nano.a(lib_a-fflush.o)
 .debug_loc     0x0000000000000609      0x200 /usr/lib/gcc/arm-none-eabi/4.9.3/../../../arm-none-eabi/lib/armv7e-m/fpu/libc_nano.a(lib_a-findfp.o)
 .debug_loc     0x0000000000000809      0x11f /usr/lib/gcc/arm-none-eabi/4.9.3/../../../arm-none-eabi/lib/armv7e-m/fpu/libc_nano.a(lib_a-fwalk.o)
 .debug_loc     0x0000000000000928       0xee /usr/lib/gcc/arm-none-eabi/4.9.3/../../../arm-none-eabi/lib/armv7e-m/fpu/libc_nano.a(lib_a-makebuf.o)
 .debug_loc     0x0000000000000a16      0x172 /usr/lib/gcc/arm-none-eabi/4.9.3/../../../arm-none-eabi/lib/armv7e-m/fpu/libc_nano.a(lib_a-nano-freer.o)
 .debug_loc     0x0000000000000b88      0x304 /usr/lib/gcc/arm-none-eabi/4.9.3/../../../arm-none-eabi/lib/armv7e-m/fpu/libc_nano.a(lib_a-nano-mallocr.o)
 .debug_loc     0x0000000000000e8c       0x4d /usr/lib/gcc/arm-none-eabi/4.9.3/../../../arm-none-eabi/lib/armv7e-m/fpu/libc_nano.a(lib_a-sbrkr.o)
 .debug_loc     0x0000000000000ed9      0x236 /usr/lib/gcc/arm-none-eabi/4.9.3/../../../arm-none-eabi/lib/armv7e-m/fpu/libc_nano.a(lib_a-stdio.o)
 .debug_loc     0x000000000000110f       0xa5 /usr/lib/gcc/arm-none-eabi/4.9.3/../../../arm-none-eabi/lib/armv7e-m/fpu/libc_nano.a(lib_a-writer.o)
 .debug_loc     0x00000000000011b4       0x4d /usr/lib/gcc/arm-none-eabi/4.9.3/../../../arm-none-eabi/lib/armv7e-m/fpu/libc_nano.a(lib_a-closer.o)
 .debug_loc     0x0000000000001201       0x79 /usr/lib/gcc/arm-none-eabi/4.9.3/../../../arm-none-eabi/lib/armv7e-m/fpu/libc_nano.a(lib_a-fstatr.o)
 .debug_loc     0x000000000000127a       0x4d /usr/lib/gcc/arm-none-eabi/4.9.3/../../../arm-none-eabi/lib/armv7e-m/fpu/libc_nano.a(lib_a-isattyr.o)
 .debug_loc     0x00000000000012c7       0xa5 /usr/lib/gcc/arm-none-eabi/4.9.3/../../../arm-none-eabi/lib/armv7e-m/fpu/libc_nano.a(lib_a-lseekr.o)
 .debug_loc     0x000000000000136c       0xa5 /usr/lib/gcc/arm-none-eabi/4.9.3/../../../arm-none-eabi/lib/armv7e-m/fpu/libc_nano.a(lib_a-readr.o)
 .debug_loc     0x0000000000001411       0xfa /usr/lib/gcc/arm-none-eabi/4.9.3/../../../arm-none-eabi/lib/armv7e-m/fpu/libc_nano.a(lib_a-reent.o)
 .debug_loc     0x000000000000150b       0x21 /usr/lib/gcc/arm-none-eabi/4.9.3/../../../arm-none-eabi/lib/armv7e-m/fpu/libnosys.a(close.o)
 .debug_loc     0x000000000000152c       0x21 /usr/lib/gcc/arm-none-eabi/4.9.3/../../../arm-none-eabi/lib/armv7e-m/fpu/libnosys.a(fstat.o)
 .debug_loc     0x000000000000154d       0x21 /usr/lib/gcc/arm-none-eabi/4.9.3/../../../arm-none-eabi/lib/armv7e-m/fpu/libnosys.a(isatty.o)
 .debug_loc     0x000000000000156e       0x42 /usr/lib/gcc/arm-none-eabi/4.9.3/../../../arm-none-eabi/lib/armv7e-m/fpu/libnosys.a(lseek.o)
 .debug_loc     0x00000000000015b0       0x42 /usr/lib/gcc/arm-none-eabi/4.9.3/../../../arm-none-eabi/lib/armv7e-m/fpu/libnosys.a(read.o)
 .debug_loc     0x00000000000015f2       0x21 /usr/lib/gcc/arm-none-eabi/4.9.3/../../../arm-none-eabi/lib/armv7e-m/fpu/libnosys.a(sbrk.o)
 .debug_loc     0x0000000000001613       0x42 /usr/lib/gcc/arm-none-eabi/4.9.3/../../../arm-none-eabi/lib/armv7e-m/fpu/libnosys.a(write.o)

.stab           0x0000000000000000       0x9c
 .stab          0x0000000000000000       0x24 /usr/lib/gcc/arm-none-eabi/4.9.3/../../../arm-none-eabi/lib/armv7e-m/fpu/libnosys.a(close.o)
 .stab          0x0000000000000024       0x18 /usr/lib/gcc/arm-none-eabi/4.9.3/../../../arm-none-eabi/lib/armv7e-m/fpu/libnosys.a(fstat.o)
                                         0x24 (size before relaxing)
 .stab          0x000000000000003c       0x18 /usr/lib/gcc/arm-none-eabi/4.9.3/../../../arm-none-eabi/lib/armv7e-m/fpu/libnosys.a(isatty.o)
                                         0x24 (size before relaxing)
 .stab          0x0000000000000054       0x18 /usr/lib/gcc/arm-none-eabi/4.9.3/../../../arm-none-eabi/lib/armv7e-m/fpu/libnosys.a(lseek.o)
                                         0x24 (size before relaxing)
 .stab          0x000000000000006c       0x18 /usr/lib/gcc/arm-none-eabi/4.9.3/../../../arm-none-eabi/lib/armv7e-m/fpu/libnosys.a(read.o)
                                         0x24 (size before relaxing)
 .stab          0x0000000000000084       0x18 /usr/lib/gcc/arm-none-eabi/4.9.3/../../../arm-none-eabi/lib/armv7e-m/fpu/libnosys.a(write.o)
                                         0x24 (size before relaxing)

.stabstr        0x0000000000000000      0x14d
 .stabstr       0x0000000000000000      0x14d /usr/lib/gcc/arm-none-eabi/4.9.3/../../../arm-none-eabi/lib/armv7e-m/fpu/libnosys.a(close.o)
