Archive member included to satisfy reference by file (symbol)

/usr/lib/gcc/arm-none-eabi/4.9.3/../../../arm-none-eabi/lib/armv7e-m/libc_nano.a(lib_a-atexit.o)
                              /usr/lib/gcc/arm-none-eabi/4.9.3/../../../arm-none-eabi/lib/armv7e-m/crt0.o (atexit)
/usr/lib/gcc/arm-none-eabi/4.9.3/../../../arm-none-eabi/lib/armv7e-m/libc_nano.a(lib_a-exit.o)
                              /usr/lib/gcc/arm-none-eabi/4.9.3/../../../arm-none-eabi/lib/armv7e-m/crt0.o (exit)
/usr/lib/gcc/arm-none-eabi/4.9.3/../../../arm-none-eabi/lib/armv7e-m/libc_nano.a(lib_a-fini.o)
                              /usr/lib/gcc/arm-none-eabi/4.9.3/../../../arm-none-eabi/lib/armv7e-m/crt0.o (__libc_fini_array)
/usr/lib/gcc/arm-none-eabi/4.9.3/../../../arm-none-eabi/lib/armv7e-m/libc_nano.a(lib_a-impure.o)
                              /usr/lib/gcc/arm-none-eabi/4.9.3/../../../arm-none-eabi/lib/armv7e-m/libc_nano.a(lib_a-exit.o) (_global_impure_ptr)
/usr/lib/gcc/arm-none-eabi/4.9.3/../../../arm-none-eabi/lib/armv7e-m/libc_nano.a(lib_a-init.o)
                              /usr/lib/gcc/arm-none-eabi/4.9.3/../../../arm-none-eabi/lib/armv7e-m/crt0.o (__libc_init_array)
/usr/lib/gcc/arm-none-eabi/4.9.3/../../../arm-none-eabi/lib/armv7e-m/libc_nano.a(lib_a-memset.o)
                              /usr/lib/gcc/arm-none-eabi/4.9.3/../../../arm-none-eabi/lib/armv7e-m/crt0.o (memset)
/usr/lib/gcc/arm-none-eabi/4.9.3/../../../arm-none-eabi/lib/armv7e-m/libc_nano.a(lib_a-puts.o)
                              src/stm32f4xx_usart_driver.o (puts)
/usr/lib/gcc/arm-none-eabi/4.9.3/../../../arm-none-eabi/lib/armv7e-m/libc_nano.a(lib_a-wbuf.o)
                              /usr/lib/gcc/arm-none-eabi/4.9.3/../../../arm-none-eabi/lib/armv7e-m/libc_nano.a(lib_a-puts.o) (__swbuf_r)
/usr/lib/gcc/arm-none-eabi/4.9.3/../../../arm-none-eabi/lib/armv7e-m/libc_nano.a(lib_a-wsetup.o)
                              /usr/lib/gcc/arm-none-eabi/4.9.3/../../../arm-none-eabi/lib/armv7e-m/libc_nano.a(lib_a-puts.o) (__swsetup_r)
/usr/lib/gcc/arm-none-eabi/4.9.3/../../../arm-none-eabi/lib/armv7e-m/libc_nano.a(lib_a-__atexit.o)
                              /usr/lib/gcc/arm-none-eabi/4.9.3/../../../arm-none-eabi/lib/armv7e-m/libc_nano.a(lib_a-atexit.o) (__register_exitproc)
/usr/lib/gcc/arm-none-eabi/4.9.3/../../../arm-none-eabi/lib/armv7e-m/libc_nano.a(lib_a-__call_atexit.o)
                              /usr/lib/gcc/arm-none-eabi/4.9.3/../../../arm-none-eabi/lib/armv7e-m/libc_nano.a(lib_a-__atexit.o) (__call_exitprocs)
/usr/lib/gcc/arm-none-eabi/4.9.3/../../../arm-none-eabi/lib/armv7e-m/libc_nano.a(lib_a-fflush.o)
                              /usr/lib/gcc/arm-none-eabi/4.9.3/../../../arm-none-eabi/lib/armv7e-m/libc_nano.a(lib_a-wbuf.o) (_fflush_r)
/usr/lib/gcc/arm-none-eabi/4.9.3/../../../arm-none-eabi/lib/armv7e-m/libc_nano.a(lib_a-findfp.o)
                              /usr/lib/gcc/arm-none-eabi/4.9.3/../../../arm-none-eabi/lib/armv7e-m/libc_nano.a(lib_a-puts.o) (__sinit)
/usr/lib/gcc/arm-none-eabi/4.9.3/../../../arm-none-eabi/lib/armv7e-m/libc_nano.a(lib_a-fwalk.o)
                              /usr/lib/gcc/arm-none-eabi/4.9.3/../../../arm-none-eabi/lib/armv7e-m/libc_nano.a(lib_a-findfp.o) (_fwalk)
/usr/lib/gcc/arm-none-eabi/4.9.3/../../../arm-none-eabi/lib/armv7e-m/libc_nano.a(lib_a-makebuf.o)
                              /usr/lib/gcc/arm-none-eabi/4.9.3/../../../arm-none-eabi/lib/armv7e-m/libc_nano.a(lib_a-wsetup.o) (__smakebuf_r)
/usr/lib/gcc/arm-none-eabi/4.9.3/../../../arm-none-eabi/lib/armv7e-m/libc_nano.a(lib_a-nano-freer.o)
                              /usr/lib/gcc/arm-none-eabi/4.9.3/../../../arm-none-eabi/lib/armv7e-m/libc_nano.a(lib_a-wsetup.o) (_free_r)
/usr/lib/gcc/arm-none-eabi/4.9.3/../../../arm-none-eabi/lib/armv7e-m/libc_nano.a(lib_a-nano-mallocr.o)
                              /usr/lib/gcc/arm-none-eabi/4.9.3/../../../arm-none-eabi/lib/armv7e-m/libc_nano.a(lib_a-findfp.o) (_malloc_r)
/usr/lib/gcc/arm-none-eabi/4.9.3/../../../arm-none-eabi/lib/armv7e-m/libc_nano.a(lib_a-sbrkr.o)
                              /usr/lib/gcc/arm-none-eabi/4.9.3/../../../arm-none-eabi/lib/armv7e-m/libc_nano.a(lib_a-nano-mallocr.o) (_sbrk_r)
/usr/lib/gcc/arm-none-eabi/4.9.3/../../../arm-none-eabi/lib/armv7e-m/libc_nano.a(lib_a-stdio.o)
                              /usr/lib/gcc/arm-none-eabi/4.9.3/../../../arm-none-eabi/lib/armv7e-m/libc_nano.a(lib_a-findfp.o) (__sread)
/usr/lib/gcc/arm-none-eabi/4.9.3/../../../arm-none-eabi/lib/armv7e-m/libc_nano.a(lib_a-writer.o)
                              /usr/lib/gcc/arm-none-eabi/4.9.3/../../../arm-none-eabi/lib/armv7e-m/libc_nano.a(lib_a-stdio.o) (_write_r)
/usr/lib/gcc/arm-none-eabi/4.9.3/../../../arm-none-eabi/lib/armv7e-m/libc_nano.a(lib_a-closer.o)
                              /usr/lib/gcc/arm-none-eabi/4.9.3/../../../arm-none-eabi/lib/armv7e-m/libc_nano.a(lib_a-stdio.o) (_close_r)
/usr/lib/gcc/arm-none-eabi/4.9.3/../../../arm-none-eabi/lib/armv7e-m/libc_nano.a(lib_a-fstatr.o)
[...]
Memory Configuration

Name             Origin             Length             Attributes
RAM              0x0000000020000000 0x0000000000050000 xrw
ROM              0x0000000008000000 0x0000000000180000 xr
*default*        0x0000000000000000 0xffffffffffffffff

Linker script and memory map

LOAD /usr/lib/gcc/arm-none-eabi/4.9.3/armv7e-m/crti.o
LOAD /usr/lib/gcc/arm-none-eabi/4.9.3/armv7e-m/crtbegin.o
LOAD /usr/lib/gcc/arm-none-eabi/4.9.3/../../../arm-none-eabi/lib/armv7e-m/crt0.o
LOAD src/stm32f413xx_rcc_driver.o
LOAD src/stm32f4xx_usart_driver.o
LOAD src/stm32f413xx_spi_driver.o
LOAD src/stm32f413xx_gpio_driver.o
LOAD main.o
LOAD startup_stm32f413zhtx.o
LOAD /usr/lib/gcc/arm-none-eabi/4.9.3/../../../arm-none-eabi/lib/armv7e-m/libc_nano.a
LOAD /usr/lib/gcc/arm-none-eabi/4.9.3/../../../arm-none-eabi/lib/armv7e-m/libm.a
START GROUP
LOAD /usr/lib/gcc/arm-none-eabi/4.9.3/armv7e-m/libgcc.a
LOAD /usr/lib/gcc/arm-none-eabi/4.9.3/../../../arm-none-eabi/lib/armv7e-m/libg_nano.a
LOAD /usr/lib/gcc/arm-none-eabi/4.9.3/../../../arm-none-eabi/lib/armv7e-m/libc_nano.a
END GROUP
START GROUP
LOAD /usr/lib/gcc/arm-none-eabi/4.9.3/armv7e-m/libgcc.a
LOAD /usr/lib/gcc/arm-none-eabi/4.9.3/../../../arm-none-eabi/lib/armv7e-m/libc_nano.a
LOAD /usr/lib/gcc/arm-none-eabi/4.9.3/../../../arm-none-eabi/lib/armv7e-m/libnosys.a
END GROUP
START GROUP
LOAD /usr/lib/gcc/arm-none-eabi/4.9.3/armv7e-m/libgcc.a
LOAD /usr/lib/gcc/arm-none-eabi/4.9.3/../../../arm-none-eabi/lib/armv7e-m/libc_nano.a
LOAD /usr/lib/gcc/arm-none-eabi/4.9.3/../../../arm-none-eabi/lib/armv7e-m/libnosys.a
END GROUP
LOAD /usr/lib/gcc/arm-none-eabi/4.9.3/armv7e-m/crtend.o
LOAD /usr/lib/gcc/arm-none-eabi/4.9.3/armv7e-m/crtn.o
                0x0000000020050000                _estack = (ORIGIN (RAM) + LENGTH (RAM))
                0x0000000000000200                _Min_Heap_Size = 0x200
                0x0000000000000400                _Min_Stack_Size = 0x400

.isr_vector     0x0000000008000000      0x1d8
                0x0000000008000000                . = ALIGN (0x4)
 *(.isr_vector)
 .isr_vector    0x0000000008000000      0x1d8 startup_stm32f413zhtx.o
                0x0000000008000000                g_pfnVectors
                0x00000000080001d8                . = ALIGN (0x4)

.text           0x00000000080001d8     0x26cc
                0x00000000080001d8                . = ALIGN (0x4)
 *(.text)
 .text          0x00000000080001d8       0xa4 /usr/lib/gcc/arm-none-eabi/4.9.3/armv7e-m/crtbegin.o
 .text          0x000000000800027c      0x170 src/stm32f413xx_rcc_driver.o
                0x000000000800027c                RCC_GetPCLK1Value
                0x000000000800032c                RCC_GetPCLK2Value
                0x00000000080003dc                RCC_GetPLLOutputClock
 .text          0x00000000080003ec      0xf20 src/stm32f4xx_usart_driver.o
                0x00000000080003ec                USART_clk
                0x00000000080005f0                USART_init
                0x00000000080006fc                USART_deinit
                0x000000000800088c                USART_transmit
                0x000000000800091c                USART_receive
                0x00000000080009c4                USART_txIT
                0x0000000008000a20                USART_rxIT
                0x0000000008000a6c                USART_IRQconfig
                0x0000000008000be4                USART_IRQpriorityconfig
                0x0000000008000c38                USART_IRQHandling
                0x0000000008000fd0                USART_SetBaudRate
                0x00000000080010c8                USART_peripheral_control
                0x0000000008001104                USART_GetFlagStatus
                0x0000000008001144                USART_ClearFlag
                0x000000000800116c                USART6_GPIO_init
                0x00000000080011b8                USART6_initUSART
                0x0000000008001224                put_char_usart
                0x000000000800124c                get_char_usart
                0x0000000008001288                setUsartBaud
                0x00000000080012bc                USART6_IRQHandler
                0x00000000080012cc                USART_ApplicationEventCallback
 .text          0x000000000800130c      0xb00 src/stm32f413xx_gpio_driver.o
                0x000000000800130c                GPIO_clk
                0x00000000080014b0                GPIO_init
                0x00000000080017e4                GPIO_deinit
                0x0000000008001928                GPIO_readpin
                0x0000000008001958                GPIO_readport
                0x0000000008001978                GPIO_writepin
                0x00000000080019c8                GPIO_writeport
                0x00000000080019e4                GPIO_togglepin
                0x0000000008001a0c                GPIO_toggleport
                0x0000000008001a28                GPIO_IRQconfig
                0x0000000008001ba0                GPIO_IRQpriorityconfig
                0x0000000008001bf4                GPIO_IRQhandling
                0x0000000008001c30                GPIO_BoardLEDSInit
                0x0000000008001cd4                GPIO_BoardButtonInit
                0x0000000008001d1c                delay
                0x0000000008001d4c                delay_debounce
                0x0000000008001dd4                digitalWrite
 .text          0x0000000008001e0c       0xa0 main.o
                0x0000000008001e0c                main
 *(.text*)
 .text.Reset_Handler
                0x0000000008001eac       0x50 startup_stm32f413zhtx.o
                0x0000000008001eac                Reset_Handler
 .text.Default_Handler
                0x0000000008001efc        0x2 startup_stm32f413zhtx.o
                0x0000000008001efc                EXTI2_IRQHandler
                0x0000000008001efc                TIM8_CC_IRQHandler
                0x0000000008001efc                DebugMon_Handler
                0x0000000008001efc                SPI4_IRQHandler
                0x0000000008001efc                I2C2_EVT_IRQHandler
                0x0000000008001efc                I2C1_ERR_IRQHandler
                0x0000000008001efc                TIM1_CC_IRQHandler
                0x0000000008001efc                QuadSPI_IRQHandler
                0x0000000008001efc                DMA2_Stream5_IRQHandler
                0x0000000008001efc                HardFault_Handler
                0x0000000008001efc                DMA1_Stream5_IRQHandler
                0x0000000008001efc                SysTick_Handler
                0x0000000008001efc                CAN3_RX1_IRQHandler
                0x0000000008001efc                PVD_IRQHandler
                0x0000000008001efc                SDIO_IRQHandler
                0x0000000008001efc                TAMP_STAMP_IRQHandler
                0x0000000008001efc                PendSV_Handler
                0x0000000008001efc                NMI_Handler
                0x0000000008001efc                CAN2_RX1_IRQHandler
                0x0000000008001efc                EXTI3_IRQHandler
                0x0000000008001efc                TIM8_TRG_COM_TIM14_IRQHandler
                0x0000000008001efc                DFSDM1_FLT1_IRQHandler
                0x0000000008001efc                TIM1_UP_TIM10_IRQHandler
                0x0000000008001efc                TIM8_UP_TIM13_IRQHandler
                0x0000000008001efc                I2C3_ER_IRQHandler
                0x0000000008001efc                USART8_IRQHandler
                0x0000000008001efc                EXTI0_IRQHandler
                0x0000000008001efc                DMA1_Stream2_IRQHandler
                0x0000000008001efc                CAN1_RX0_IRQHandler
                0x0000000008001efc                FPU_IRQHandler
                0x0000000008001efc                CAN3_SCE_IRQHandler
                0x0000000008001efc                UsageFault_Handler
                0x0000000008001efc                CAN2_SCE_IRQHandler
                0x0000000008001efc                DMA2_Stream2_IRQHandler
                0x0000000008001efc                SPI1_IRQHandler
                0x0000000008001efc                TIM1_BRK_TIM9_IRQHandler
                0x0000000008001efc                CAN2_RX0_IRQHandler
                0x0000000008001efc                DMA2_Stream3_IRQHandler
                0x0000000008001efc                USART7_IRQHandler
                0x0000000008001efc                CAN3_RX0_IRQHandler
                0x0000000008001efc                USART3_IRQHandler
                0x0000000008001efc                CAN1_RX1_IRQHandler
                0x0000000008001efc                UART5_IRQHandler
                0x0000000008001efc                DMA2_Stream0_IRQHandler
                0x0000000008001efc                TIM4_IRQHandler
                0x0000000008001efc                DMA1_Stream6_IRQHandler
                0x0000000008001efc                USART4_IRQHandler
                0x0000000008001efc                DFSDM2_FILTER3_IRQHandler
                0x0000000008001efc                DMA1_Stream1_IRQHandler
                0x0000000008001efc                TIM3_IRQHandler
                0x0000000008001efc                RCC_IRQHandler
                0x0000000008001efc                UART9_IRQHandler
                0x0000000008001efc                TIM8_BRK_TIM12_IRQHandler
                0x0000000008001efc                Default_Handler
                0x0000000008001efc                lptim1_OR_it_eit_23_IRQHandler
                0x0000000008001efc                EXTI15_10_IRQHandler
                0x0000000008001efc                ADC_IRQHandler
                0x0000000008001efc                DMA1_Stream7_IRQHandler
                0x0000000008001efc                SPI5_IRQHandler
                0x0000000008001efc                TIM7_IRQHandler
                0x0000000008001efc                CAN2_TX_IRQHandler
                0x0000000008001efc                TIM5_IRQHandler
                0x0000000008001efc                DMA2_Stream7_IRQHandler
                0x0000000008001efc                I2C3_EV_IRQHandler
                0x0000000008001efc                EXTI9_5_IRQHandler
                0x0000000008001efc                RTC_WKUP_IRQHandler
                0x0000000008001efc                SPI2_IRQHandler
                0x0000000008001efc                MemManage_Handler
                0x0000000008001efc                DMA1_Stream0_IRQHandler
                0x0000000008001efc                CAN1_TX_IRQHandler
                0x0000000008001efc                SVC_Handler
                0x0000000008001efc                EXTI4_IRQHandler
                0x0000000008001efc                RNG_IRQHandler
                0x0000000008001efc                I2C1_EVT_IRQHandler
                0x0000000008001efc                FSMC_IRQHandler
                0x0000000008001efc                CRYPTO_IRQHandler
                0x0000000008001efc                CAN3_TX_IRQHandler
                0x0000000008001efc                DFSDM2_FILTER2_IRQHandler
                0x0000000008001efc                TIM2_IRQHandler
                0x0000000008001efc                TIM1_TRG_COM_TIM11_IRQHandler
                0x0000000008001efc                DFSDM2_FILTER4_IRQHandler
                0x0000000008001efc                I2CFMP1event_IRQHandler
                0x0000000008001efc                EXTI1_IRQHandler
                0x0000000008001efc                TIM6_GLB_IT_DAC1_DAC2_IRQHandler
                0x0000000008001efc                EXTI17_RTC_Alarm_IRQHandler
                0x0000000008001efc                USART2_IRQHandler
                0x0000000008001efc                DFSDM2_FILTER1_IRQHandler
                0x0000000008001efc                DFSDM1_FLT0_IRQHandler
                0x0000000008001efc                DMA2_Stream1_IRQHandler
                0x0000000008001efc                CAN1_SCE_IRQHandler
                0x0000000008001efc                FLASH_IRQHandler
                0x0000000008001efc                I2C2_ERR_IRQHandler
                0x0000000008001efc                DMA2_Stream4_IRQHandler
                0x0000000008001efc                BusFault_Handler
                0x0000000008001efc                USART1_IRQHandler
                0x0000000008001efc                SPI3_IRQHandler
                0x0000000008001efc                DMA1_Stream4_IRQHandler
                0x0000000008001efc                I2CFMP1error_IRQHandler
                0x0000000008001efc                DMA2_Stream6_IRQHandler
                0x0000000008001efc                UART10_IRQHandler
                0x0000000008001efc                SAI1_IRQHandler
                0x0000000008001efc                DMA1_Stream3_IRQHandler
 *fill*         0x0000000008001efe        0x2 
 .text.__libc_init_array
                0x0000000008001f00       0x4c /usr/lib/gcc/arm-none-eabi/4.9.3/../../../arm-none-eabi/lib/armv7e-m/libc_nano.a(lib_a-init.o)
                0x0000000008001f00                __libc_init_array
 .text.memset   0x0000000008001f4c       0x10 /usr/lib/gcc/arm-none-eabi/4.9.3/../../../arm-none-eabi/lib/armv7e-m/libc_nano.a(lib_a-memset.o)
                0x0000000008001f4c                memset
 .text._puts_r  0x0000000008001f5c       0xf0 /usr/lib/gcc/arm-none-eabi/4.9.3/../../../arm-none-eabi/lib/armv7e-m/libc_nano.a(lib_a-puts.o)
                0x0000000008001f5c                _puts_r
 .text.puts     0x000000000800204c       0x10 /usr/lib/gcc/arm-none-eabi/4.9.3/../../../arm-none-eabi/lib/armv7e-m/libc_nano.a(lib_a-puts.o)
                0x000000000800204c                puts
 .text.__swbuf_r
                0x000000000800205c       0xa8 /usr/lib/gcc/arm-none-eabi/4.9.3/../../../arm-none-eabi/lib/armv7e-m/libc_nano.a(lib_a-wbuf.o)
                0x000000000800205c                __swbuf_r
 .text.__swsetup_r
                0x0000000008002104       0xd8 /usr/lib/gcc/arm-none-eabi/4.9.3/../../../arm-none-eabi/lib/armv7e-m/libc_nano.a(lib_a-wsetup.o)
                0x0000000008002104                __swsetup_r
 .text.__sflush_r
                0x00000000080021dc      0x108 /usr/lib/gcc/arm-none-eabi/4.9.3/../../../arm-none-eabi/lib/armv7e-m/libc_nano.a(lib_a-fflush.o)
                0x00000000080021dc                __sflush_r
 .text._fflush_r
                0x00000000080022e4       0x54 /usr/lib/gcc/arm-none-eabi/4.9.3/../../../arm-none-eabi/lib/armv7e-m/libc_nano.a(lib_a-fflush.o)
                0x00000000080022e4                _fflush_r
 .text._cleanup_r
                0x0000000008002338        0xc /usr/lib/gcc/arm-none-eabi/4.9.3/../../../arm-none-eabi/lib/armv7e-m/libc_nano.a(lib_a-findfp.o)
                0x0000000008002338                _cleanup_r
 .text.std.isra.0
                0x0000000008002344       0x48 /usr/lib/gcc/arm-none-eabi/4.9.3/../../../arm-none-eabi/lib/armv7e-m/libc_nano.a(lib_a-findfp.o)
 .text.__sfmoreglue
                0x000000000800238c       0x2c /usr/lib/gcc/arm-none-eabi/4.9.3/../../../arm-none-eabi/lib/armv7e-m/libc_nano.a(lib_a-findfp.o)
                0x000000000800238c                __sfmoreglue
 .text.__sinit  0x00000000080023b8       0x60 /usr/lib/gcc/arm-none-eabi/4.9.3/../../../arm-none-eabi/lib/armv7e-m/libc_nano.a(lib_a-findfp.o)
                0x00000000080023b8                __sinit
 .text.__sfp    0x0000000008002418       0x74 /usr/lib/gcc/arm-none-eabi/4.9.3/../../../arm-none-eabi/lib/armv7e-m/libc_nano.a(lib_a-findfp.o)
                0x0000000008002418                __sfp
 .text._fwalk_reent
                0x000000000800248c       0x3c /usr/lib/gcc/arm-none-eabi/4.9.3/../../../arm-none-eabi/lib/armv7e-m/libc_nano.a(lib_a-fwalk.o)
                0x000000000800248c                _fwalk_reent
 .text.__smakebuf_r
                0x00000000080024c8       0x9c /usr/lib/gcc/arm-none-eabi/4.9.3/../../../arm-none-eabi/lib/armv7e-m/libc_nano.a(lib_a-makebuf.o)
                0x00000000080024c8                __smakebuf_r
 .text._free_r  0x0000000008002564       0x88 /usr/lib/gcc/arm-none-eabi/4.9.3/../../../arm-none-eabi/lib/armv7e-m/libc_nano.a(lib_a-nano-freer.o)
                0x0000000008002564                _free_r
 .text._malloc_r
                0x00000000080025ec       0xac /usr/lib/gcc/arm-none-eabi/4.9.3/../../../arm-none-eabi/lib/armv7e-m/libc_nano.a(lib_a-nano-mallocr.o)
                0x00000000080025ec                _malloc_r
 .text._sbrk_r  0x0000000008002698       0x20 /usr/lib/gcc/arm-none-eabi/4.9.3/../../../arm-none-eabi/lib/armv7e-m/libc_nano.a(lib_a-sbrkr.o)
                0x0000000008002698                _sbrk_r
 .text.__sread  0x00000000080026b8       0x22 /usr/lib/gcc/arm-none-eabi/4.9.3/../../../arm-none-eabi/lib/armv7e-m/libc_nano.a(lib_a-stdio.o)
                0x00000000080026b8                __sread
 .text.__swrite
                0x00000000080026da       0x38 /usr/lib/gcc/arm-none-eabi/4.9.3/../../../arm-none-eabi/lib/armv7e-m/libc_nano.a(lib_a-stdio.o)
                0x00000000080026da                __swrite
 .text.__sseek  0x0000000008002712       0x24 /usr/lib/gcc/arm-none-eabi/4.9.3/../../../arm-none-eabi/lib/armv7e-m/libc_nano.a(lib_a-stdio.o)
                0x0000000008002712                __sseek
 .text.__sclose
                0x0000000008002736        0x8 /usr/lib/gcc/arm-none-eabi/4.9.3/../../../arm-none-eabi/lib/armv7e-m/libc_nano.a(lib_a-stdio.o)
                0x0000000008002736                __sclose
 *fill*         0x000000000800273e        0x2 
 .text._write_r
                0x0000000008002740       0x24 /usr/lib/gcc/arm-none-eabi/4.9.3/../../../arm-none-eabi/lib/armv7e-m/libc_nano.a(lib_a-writer.o)
                0x0000000008002740                _write_r
 .text._close_r
                0x0000000008002764       0x20 /usr/lib/gcc/arm-none-eabi/4.9.3/../../../arm-none-eabi/lib/armv7e-m/libc_nano.a(lib_a-closer.o)
                0x0000000008002764                _close_r
 .text._fstat_r
                0x0000000008002784       0x24 /usr/lib/gcc/arm-none-eabi/4.9.3/../../../arm-none-eabi/lib/armv7e-m/libc_nano.a(lib_a-fstatr.o)
                0x0000000008002784                _fstat_r
 .text._isatty_r
                0x00000000080027a8       0x20 /usr/lib/gcc/arm-none-eabi/4.9.3/../../../arm-none-eabi/lib/armv7e-m/libc_nano.a(lib_a-isattyr.o)
                0x00000000080027a8                _isatty_r
 .text._lseek_r
                0x00000000080027c8       0x24 /usr/lib/gcc/arm-none-eabi/4.9.3/../../../arm-none-eabi/lib/armv7e-m/libc_nano.a(lib_a-lseekr.o)
                0x00000000080027c8                _lseek_r
 .text._read_r  0x00000000080027ec       0x24 /usr/lib/gcc/arm-none-eabi/4.9.3/../../../arm-none-eabi/lib/armv7e-m/libc_nano.a(lib_a-readr.o)
                0x00000000080027ec                _read_r
 .text._close   0x0000000008002810       0x10 /usr/lib/gcc/arm-none-eabi/4.9.3/../../../arm-none-eabi/lib/armv7e-m/libnosys.a(close.o)
                0x0000000008002810                _close
 .text._fstat   0x0000000008002820       0x10 /usr/lib/gcc/arm-none-eabi/4.9.3/../../../arm-none-eabi/lib/armv7e-m/libnosys.a(fstat.o)
                0x0000000008002820                _fstat
 .text._isatty  0x0000000008002830       0x10 /usr/lib/gcc/arm-none-eabi/4.9.3/../../../arm-none-eabi/lib/armv7e-m/libnosys.a(isatty.o)
                0x0000000008002830                _isatty
 .text._lseek   0x0000000008002840       0x10 /usr/lib/gcc/arm-none-eabi/4.9.3/../../../arm-none-eabi/lib/armv7e-m/libnosys.a(lseek.o)
                0x0000000008002840                _lseek
 .text._read    0x0000000008002850       0x10 /usr/lib/gcc/arm-none-eabi/4.9.3/../../../arm-none-eabi/lib/armv7e-m/libnosys.a(read.o)
                0x0000000008002850                _read
 .text._sbrk    0x0000000008002860       0x1c /usr/lib/gcc/arm-none-eabi/4.9.3/../../../arm-none-eabi/lib/armv7e-m/libnosys.a(sbrk.o)
                0x0000000008002860                _sbrk
 .text._write   0x000000000800287c       0x10 /usr/lib/gcc/arm-none-eabi/4.9.3/../../../arm-none-eabi/lib/armv7e-m/libnosys.a(write.o)
                0x000000000800287c                _write
 *(.glue_7)
 .glue_7        0x000000000800288c        0x0 linker stubs
 *(.glue_7t)
 .glue_7t       0x000000000800288c        0x0 linker stubs
 *(.eh_frame)
 .eh_frame      0x000000000800288c        0x0 /usr/lib/gcc/arm-none-eabi/4.9.3/armv7e-m/crtbegin.o
 *(.init)
 .init          0x000000000800288c        0x4 /usr/lib/gcc/arm-none-eabi/4.9.3/armv7e-m/crti.o
                0x000000000800288c                _init
 .init          0x0000000008002890        0x8 /usr/lib/gcc/arm-none-eabi/4.9.3/armv7e-m/crtn.o
 *(.fini)
 .fini          0x0000000008002898        0x4 /usr/lib/gcc/arm-none-eabi/4.9.3/armv7e-m/crti.o
                0x0000000008002898                _fini
 .fini          0x000000000800289c        0x8 /usr/lib/gcc/arm-none-eabi/4.9.3/armv7e-m/crtn.o
                0x00000000080028a4                . = ALIGN (0x4)
                0x00000000080028a4                _etext = .

.vfp11_veneer   0x00000000080028a4        0x0
 .vfp11_veneer  0x00000000080028a4        0x0 linker stubs

.v4_bx          0x00000000080028a4        0x0
 .v4_bx         0x00000000080028a4        0x0 linker stubs

.iplt           0x00000000080028a4        0x0
 .iplt          0x00000000080028a4        0x0 /usr/lib/gcc/arm-none-eabi/4.9.3/armv7e-m/crtbegin.o

.rodata         0x00000000080028a4       0x74
                0x00000000080028a4                . = ALIGN (0x4)
 *(.rodata)
 .rodata        0x00000000080028a4        0xc src/stm32f4xx_usart_driver.o
 *(.rodata*)
 .rodata.str1.1
                0x00000000080028b0        0x2 /usr/lib/gcc/arm-none-eabi/4.9.3/../../../arm-none-eabi/lib/armv7e-m/libc_nano.a(lib_a-impure.o)
 *fill*         0x00000000080028b2        0x2 
 .rodata._global_impure_ptr
                0x00000000080028b4        0x4 /usr/lib/gcc/arm-none-eabi/4.9.3/../../../arm-none-eabi/lib/armv7e-m/libc_nano.a(lib_a-impure.o)
                0x00000000080028b4                _global_impure_ptr
 .rodata.__sf_fake_stdin
                0x00000000080028b8       0x20 /usr/lib/gcc/arm-none-eabi/4.9.3/../../../arm-none-eabi/lib/armv7e-m/libc_nano.a(lib_a-findfp.o)
                0x00000000080028b8                __sf_fake_stdin
 .rodata.__sf_fake_stdout
                0x00000000080028d8       0x20 /usr/lib/gcc/arm-none-eabi/4.9.3/../../../arm-none-eabi/lib/armv7e-m/libc_nano.a(lib_a-findfp.o)
                0x00000000080028d8                __sf_fake_stdout
 .rodata.__sf_fake_stderr
                0x00000000080028f8       0x20 /usr/lib/gcc/arm-none-eabi/4.9.3/../../../arm-none-eabi/lib/armv7e-m/libc_nano.a(lib_a-findfp.o)
                0x00000000080028f8                __sf_fake_stderr
                0x0000000008002918                . = ALIGN (0x4)

.rel.dyn        0x0000000008002918        0x0
 .rel.iplt      0x0000000008002918        0x0 /usr/lib/gcc/arm-none-eabi/4.9.3/armv7e-m/crtbegin.o

.ARM.extab      0x0000000008002918        0x0
                0x0000000008002918                . = ALIGN (0x4)
 *(.ARM.extab* .gnu.linkonce.armextab.*)
                0x0000000008002918                . = ALIGN (0x4)

.ARM            0x0000000008002918        0x0
                0x0000000008002918                . = ALIGN (0x4)
                0x0000000008002918                __exidx_start = .
 *(.ARM.exidx*)
                0x0000000008002918                __exidx_end = .
                0x0000000008002918                . = ALIGN (0x4)

.preinit_array  0x0000000008002918        0x0
                0x0000000008002918                . = ALIGN (0x4)
                0x0000000008002918                PROVIDE (__preinit_array_start, .)
 *(.preinit_array*)
                0x0000000008002918                PROVIDE (__preinit_array_end, .)
                0x0000000008002918                . = ALIGN (0x4)

.init_array     0x0000000008002918        0x4
                0x0000000008002918                . = ALIGN (0x4)
                0x0000000008002918                PROVIDE (__init_array_start, .)
 *(SORT(.init_array.*))
 *(.init_array*)
 .init_array    0x0000000008002918        0x4 /usr/lib/gcc/arm-none-eabi/4.9.3/armv7e-m/crtbegin.o
                0x000000000800291c                PROVIDE (__init_array_end, .)
                0x000000000800291c                . = ALIGN (0x4)

.fini_array     0x000000000800291c        0x4
                0x000000000800291c                . = ALIGN (0x4)
                0x000000000800291c                PROVIDE (__fini_array_start, .)
 *(SORT(.fini_array.*))
 *(.fini_array*)
 .fini_array    0x000000000800291c        0x4 /usr/lib/gcc/arm-none-eabi/4.9.3/armv7e-m/crtbegin.o
                0x0000000008002920                PROVIDE (__fini_array_end, .)
                0x0000000008002920                . = ALIGN (0x4)
                0x0000000008002920                _sidata = LOADADDR (.data)

.data           0x0000000020000000       0x7c load address 0x0000000008002920
                0x0000000020000000                . = ALIGN (0x4)
                0x0000000020000000                _sdata = .
 *(.data)
 .data          0x0000000020000000       0x18 src/stm32f413xx_rcc_driver.o
                0x0000000020000000                AHB_Prescaler
                0x0000000020000014                APBx_Prescaler
 *(.data*)
 .data.impure_data
                0x0000000020000018       0x60 /usr/lib/gcc/arm-none-eabi/4.9.3/../../../arm-none-eabi/lib/armv7e-m/libc_nano.a(lib_a-impure.o)
 .data._impure_ptr
                0x0000000020000078        0x4 /usr/lib/gcc/arm-none-eabi/4.9.3/../../../arm-none-eabi/lib/armv7e-m/libc_nano.a(lib_a-impure.o)
                0x0000000020000078                _impure_ptr
                0x000000002000007c                . = ALIGN (0x4)
                0x000000002000007c                _edata = .

.jcr            0x000000002000007c        0x0 load address 0x000000000800299c
 .jcr           0x000000002000007c        0x0 /usr/lib/gcc/arm-none-eabi/4.9.3/armv7e-m/crtbegin.o

.tm_clone_table
                0x000000002000007c        0x0 load address 0x000000000800299c
 .tm_clone_table
                0x000000002000007c        0x0 /usr/lib/gcc/arm-none-eabi/4.9.3/armv7e-m/crtbegin.o
 .tm_clone_table
                0x000000002000007c        0x0 /usr/lib/gcc/arm-none-eabi/4.9.3/armv7e-m/crtend.o

.igot.plt       0x000000002000007c        0x0 load address 0x000000000800299c
 .igot.plt      0x000000002000007c        0x0 /usr/lib/gcc/arm-none-eabi/4.9.3/armv7e-m/crtbegin.o
                0x000000002000007c                . = ALIGN (0x4)

.bss            0x000000002000007c       0x54 load address 0x000000000800299c
                0x000000002000007c                _sbss = .
                0x000000002000007c                __bss_start__ = _sbss
 *(.bss)
 .bss           0x000000002000007c       0x1c /usr/lib/gcc/arm-none-eabi/4.9.3/armv7e-m/crtbegin.o
 .bss           0x0000000020000098        0x2 src/stm32f4xx_usart_driver.o
                0x0000000020000098                rxComplete
 *(.bss*)
 *fill*         0x000000002000009a        0x2 
 .bss.__malloc_sbrk_start
                0x000000002000009c        0x4 /usr/lib/gcc/arm-none-eabi/4.9.3/../../../arm-none-eabi/lib/armv7e-m/libc_nano.a(lib_a-nano-mallocr.o)
                0x000000002000009c                __malloc_sbrk_start
 .bss.__malloc_free_list
                0x00000000200000a0        0x4 /usr/lib/gcc/arm-none-eabi/4.9.3/../../../arm-none-eabi/lib/armv7e-m/libc_nano.a(lib_a-nano-mallocr.o)
                0x00000000200000a0                __malloc_free_list
 .bss.heap_end.4079
                0x00000000200000a4        0x4 /usr/lib/gcc/arm-none-eabi/4.9.3/../../../arm-none-eabi/lib/armv7e-m/libnosys.a(sbrk.o)
 *(COMMON)
 COMMON         0x00000000200000a8       0x24 src/stm32f4xx_usart_driver.o
                0x00000000200000a8                USART6Handle
 COMMON         0x00000000200000cc        0x4 /usr/lib/gcc/arm-none-eabi/4.9.3/../../../arm-none-eabi/lib/armv7e-m/libc_nano.a(lib_a-reent.o)
                0x00000000200000cc                errno
                0x00000000200000d0                . = ALIGN (0x4)
                0x00000000200000d0                _ebss = .
                0x00000000200000d0                __bss_end__ = _ebss

._user_heap_stack
                0x00000000200000d0      0x600 load address 0x000000000800299c
                0x00000000200000d0                . = ALIGN (0x8)
                0x00000000200000d0                PROVIDE (end, .)
                [!provide]                        PROVIDE (_end, .)
                0x00000000200002d0                . = (. + _Min_Heap_Size)
 *fill*         0x00000000200000d0      0x200 
                0x00000000200006d0                . = (. + _Min_Stack_Size)
 *fill*         0x00000000200002d0      0x400 
                0x00000000200006d0                . = ALIGN (0x8)

/DISCARD/
 libc.a(*)
 libm.a(*)
 libgcc.a(*)

.ARM.attributes
                0x0000000000000000       0x2a
 *(.ARM.attributes)
 .ARM.attributes
                0x0000000000000000       0x1e /usr/lib/gcc/arm-none-eabi/4.9.3/armv7e-m/crti.o
 .ARM.attributes
                0x000000000000001e       0x2e /usr/lib/gcc/arm-none-eabi/4.9.3/armv7e-m/crtbegin.o
 .ARM.attributes
                0x000000000000004c       0x33 src/stm32f413xx_rcc_driver.o
 .ARM.attributes
                0x000000000000007f       0x33 src/stm32f4xx_usart_driver.o
 .ARM.attributes
                0x00000000000000b2       0x33 src/stm32f413xx_gpio_driver.o
 .ARM.attributes
                0x00000000000000e5       0x33 main.o
 .ARM.attributes
                0x0000000000000118       0x21 startup_stm32f413zhtx.o
 .ARM.attributes
                0x0000000000000139       0x2e /usr/lib/gcc/arm-none-eabi/4.9.3/../../../arm-none-eabi/lib/armv7e-m/libc_nano.a(lib_a-impure.o)
 .ARM.attributes
                0x0000000000000167       0x2e /usr/lib/gcc/arm-none-eabi/4.9.3/../../../arm-none-eabi/lib/armv7e-m/libc_nano.a(lib_a-init.o)
 .ARM.attributes
                0x0000000000000195       0x2e /usr/lib/gcc/arm-none-eabi/4.9.3/../../../arm-none-eabi/lib/armv7e-m/libc_nano.a(lib_a-memset.o)
 .ARM.attributes
                0x00000000000001c3       0x2e /usr/lib/gcc/arm-none-eabi/4.9.3/../../../arm-none-eabi/lib/armv7e-m/libc_nano.a(lib_a-puts.o)
 .ARM.attributes
                0x00000000000001f1       0x2e /usr/lib/gcc/arm-none-eabi/4.9.3/../../../arm-none-eabi/lib/armv7e-m/libc_nano.a(lib_a-wbuf.o)
 .ARM.attributes
                0x000000000000021f       0x2e /usr/lib/gcc/arm-none-eabi/4.9.3/../../../arm-none-eabi/lib/armv7e-m/libc_nano.a(lib_a-wsetup.o)
 .ARM.attributes
                0x000000000000024d       0x2e /usr/lib/gcc/arm-none-eabi/4.9.3/../../../arm-none-eabi/lib/armv7e-m/libc_nano.a(lib_a-fflush.o)
 .ARM.attributes
                0x000000000000027b       0x2e /usr/lib/gcc/arm-none-eabi/4.9.3/../../../arm-none-eabi/lib/armv7e-m/libc_nano.a(lib_a-findfp.o)
 .ARM.attributes
                0x00000000000002a9       0x2e /usr/lib/gcc/arm-none-eabi/4.9.3/../../../arm-none-eabi/lib/armv7e-m/libc_nano.a(lib_a-fwalk.o)
 .ARM.attributes
                0x00000000000002d7       0x2e /usr/lib/gcc/arm-none-eabi/4.9.3/../../../arm-none-eabi/lib/armv7e-m/libc_nano.a(lib_a-makebuf.o)
 .ARM.attributes
                0x0000000000000305       0x2e /usr/lib/gcc/arm-none-eabi/4.9.3/../../../arm-none-eabi/lib/armv7e-m/libc_nano.a(lib_a-nano-freer.o)
 .ARM.attributes
                0x0000000000000333       0x2e /usr/lib/gcc/arm-none-eabi/4.9.3/../../../arm-none-eabi/lib/armv7e-m/libc_nano.a(lib_a-nano-mallocr.o)
 .ARM.attributes
                0x0000000000000361       0x2e /usr/lib/gcc/arm-none-eabi/4.9.3/../../../arm-none-eabi/lib/armv7e-m/libc_nano.a(lib_a-sbrkr.o)
 .ARM.attributes
                0x000000000000038f       0x2e /usr/lib/gcc/arm-none-eabi/4.9.3/../../../arm-none-eabi/lib/armv7e-m/libc_nano.a(lib_a-stdio.o)
 .ARM.attributes
                0x00000000000003bd       0x2e /usr/lib/gcc/arm-none-eabi/4.9.3/../../../arm-none-eabi/lib/armv7e-m/libc_nano.a(lib_a-writer.o)
 .ARM.attributes
                0x00000000000003eb       0x2e /usr/lib/gcc/arm-none-eabi/4.9.3/../../../arm-none-eabi/lib/armv7e-m/libc_nano.a(lib_a-closer.o)
 .ARM.attributes
                0x0000000000000419       0x2e /usr/lib/gcc/arm-none-eabi/4.9.3/../../../arm-none-eabi/lib/armv7e-m/libc_nano.a(lib_a-fstatr.o)
 .ARM.attributes
                0x0000000000000447       0x2e /usr/lib/gcc/arm-none-eabi/4.9.3/../../../arm-none-eabi/lib/armv7e-m/libc_nano.a(lib_a-isattyr.o)
 .ARM.attributes
                0x0000000000000475       0x2e /usr/lib/gcc/arm-none-eabi/4.9.3/../../../arm-none-eabi/lib/armv7e-m/libc_nano.a(lib_a-lseekr.o)
 .ARM.attributes
                0x00000000000004a3       0x2e /usr/lib/gcc/arm-none-eabi/4.9.3/../../../arm-none-eabi/lib/armv7e-m/libc_nano.a(lib_a-readr.o)
 .ARM.attributes
                0x00000000000004d1       0x2e /usr/lib/gcc/arm-none-eabi/4.9.3/../../../arm-none-eabi/lib/armv7e-m/libc_nano.a(lib_a-reent.o)
 .ARM.attributes
                0x00000000000004ff       0x2e /usr/lib/gcc/arm-none-eabi/4.9.3/../../../arm-none-eabi/lib/armv7e-m/libnosys.a(close.o)
 .ARM.attributes
                0x000000000000052d       0x2e /usr/lib/gcc/arm-none-eabi/4.9.3/../../../arm-none-eabi/lib/armv7e-m/libnosys.a(fstat.o)
 .ARM.attributes
                0x000000000000055b       0x2e /usr/lib/gcc/arm-none-eabi/4.9.3/../../../arm-none-eabi/lib/armv7e-m/libnosys.a(isatty.o)
 .ARM.attributes
                0x0000000000000589       0x2e /usr/lib/gcc/arm-none-eabi/4.9.3/../../../arm-none-eabi/lib/armv7e-m/libnosys.a(lseek.o)
 .ARM.attributes
                0x00000000000005b7       0x2e /usr/lib/gcc/arm-none-eabi/4.9.3/../../../arm-none-eabi/lib/armv7e-m/libnosys.a(read.o)
 .ARM.attributes
                0x00000000000005e5       0x2e /usr/lib/gcc/arm-none-eabi/4.9.3/../../../arm-none-eabi/lib/armv7e-m/libnosys.a(sbrk.o)
 .ARM.attributes
                0x0000000000000613       0x2e /usr/lib/gcc/arm-none-eabi/4.9.3/../../../arm-none-eabi/lib/armv7e-m/libnosys.a(write.o)
 .ARM.attributes
                0x0000000000000641       0x2e /usr/lib/gcc/arm-none-eabi/4.9.3/armv7e-m/crtend.o
 .ARM.attributes
                0x000000000000066f       0x1e /usr/lib/gcc/arm-none-eabi/4.9.3/armv7e-m/crtn.o
OUTPUT(final.elf elf32-littlearm)

.comment        0x0000000000000000       0x70
 .comment       0x0000000000000000       0x38 /usr/lib/gcc/arm-none-eabi/4.9.3/armv7e-m/crtbegin.o
                                         0x39 (size before relaxing)
 .comment       0x0000000000000038       0x39 src/stm32f413xx_rcc_driver.o
 .comment       0x0000000000000038       0x39 src/stm32f4xx_usart_driver.o
 .comment       0x0000000000000038       0x39 src/stm32f413xx_gpio_driver.o
 .comment       0x0000000000000038       0x39 main.o
 .comment       0x0000000000000038       0x38 /usr/lib/gcc/arm-none-eabi/4.9.3/../../../arm-none-eabi/lib/armv7e-m/libc_nano.a(lib_a-impure.o)
                                         0x39 (size before relaxing)
 .comment       0x0000000000000070       0x39 /usr/lib/gcc/arm-none-eabi/4.9.3/../../../arm-none-eabi/lib/armv7e-m/libc_nano.a(lib_a-init.o)
 .comment       0x0000000000000070       0x39 /usr/lib/gcc/arm-none-eabi/4.9.3/../../../arm-none-eabi/lib/armv7e-m/libc_nano.a(lib_a-memset.o)
 .comment       0x0000000000000070       0x39 /usr/lib/gcc/arm-none-eabi/4.9.3/../../../arm-none-eabi/lib/armv7e-m/libc_nano.a(lib_a-puts.o)
 .comment       0x0000000000000070       0x39 /usr/lib/gcc/arm-none-eabi/4.9.3/../../../arm-none-eabi/lib/armv7e-m/libc_nano.a(lib_a-wbuf.o)
 .comment       0x0000000000000070       0x39 /usr/lib/gcc/arm-none-eabi/4.9.3/../../../arm-none-eabi/lib/armv7e-m/libc_nano.a(lib_a-wsetup.o)
 .comment       0x0000000000000070       0x39 /usr/lib/gcc/arm-none-eabi/4.9.3/../../../arm-none-eabi/lib/armv7e-m/libc_nano.a(lib_a-fflush.o)
 .comment       0x0000000000000070       0x39 /usr/lib/gcc/arm-none-eabi/4.9.3/../../../arm-none-eabi/lib/armv7e-m/libc_nano.a(lib_a-findfp.o)
 .comment       0x0000000000000070       0x39 /usr/lib/gcc/arm-none-eabi/4.9.3/../../../arm-none-eabi/lib/armv7e-m/libc_nano.a(lib_a-fwalk.o)
 .comment       0x0000000000000070       0x39 /usr/lib/gcc/arm-none-eabi/4.9.3/../../../arm-none-eabi/lib/armv7e-m/libc_nano.a(lib_a-makebuf.o)
 .comment       0x0000000000000070       0x39 /usr/lib/gcc/arm-none-eabi/4.9.3/../../../arm-none-eabi/lib/armv7e-m/libc_nano.a(lib_a-nano-freer.o)
 .comment       0x0000000000000070       0x39 /usr/lib/gcc/arm-none-eabi/4.9.3/../../../arm-none-eabi/lib/armv7e-m/libc_nano.a(lib_a-nano-mallocr.o)
 .comment       0x0000000000000070       0x39 /usr/lib/gcc/arm-none-eabi/4.9.3/../../../arm-none-eabi/lib/armv7e-m/libc_nano.a(lib_a-sbrkr.o)
 .comment       0x0000000000000070       0x39 /usr/lib/gcc/arm-none-eabi/4.9.3/../../../arm-none-eabi/lib/armv7e-m/libc_nano.a(lib_a-stdio.o)
 .comment       0x0000000000000070       0x39 /usr/lib/gcc/arm-none-eabi/4.9.3/../../../arm-none-eabi/lib/armv7e-m/libc_nano.a(lib_a-writer.o)
 .comment       0x0000000000000070       0x39 /usr/lib/gcc/arm-none-eabi/4.9.3/../../../arm-none-eabi/lib/armv7e-m/libc_nano.a(lib_a-closer.o)
 .comment       0x0000000000000070       0x39 /usr/lib/gcc/arm-none-eabi/4.9.3/../../../arm-none-eabi/lib/armv7e-m/libc_nano.a(lib_a-fstatr.o)
 .comment       0x0000000000000070       0x39 /usr/lib/gcc/arm-none-eabi/4.9.3/../../../arm-none-eabi/lib/armv7e-m/libc_nano.a(lib_a-isattyr.o)
 .comment       0x0000000000000070       0x39 /usr/lib/gcc/arm-none-eabi/4.9.3/../../../arm-none-eabi/lib/armv7e-m/libc_nano.a(lib_a-lseekr.o)
 .comment       0x0000000000000070       0x39 /usr/lib/gcc/arm-none-eabi/4.9.3/../../../arm-none-eabi/lib/armv7e-m/libc_nano.a(lib_a-readr.o)
 .comment       0x0000000000000070       0x39 /usr/lib/gcc/arm-none-eabi/4.9.3/../../../arm-none-eabi/lib/armv7e-m/libc_nano.a(lib_a-reent.o)
 .comment       0x0000000000000070       0x39 /usr/lib/gcc/arm-none-eabi/4.9.3/../../../arm-none-eabi/lib/armv7e-m/libnosys.a(close.o)
 .comment       0x0000000000000070       0x39 /usr/lib/gcc/arm-none-eabi/4.9.3/../../../arm-none-eabi/lib/armv7e-m/libnosys.a(fstat.o)
 .comment       0x0000000000000070       0x39 /usr/lib/gcc/arm-none-eabi/4.9.3/../../../arm-none-eabi/lib/armv7e-m/libnosys.a(isatty.o)
 .comment       0x0000000000000070       0x39 /usr/lib/gcc/arm-none-eabi/4.9.3/../../../arm-none-eabi/lib/armv7e-m/libnosys.a(lseek.o)
 .comment       0x0000000000000070       0x39 /usr/lib/gcc/arm-none-eabi/4.9.3/../../../arm-none-eabi/lib/armv7e-m/libnosys.a(read.o)
 .comment       0x0000000000000070       0x39 /usr/lib/gcc/arm-none-eabi/4.9.3/../../../arm-none-eabi/lib/armv7e-m/libnosys.a(sbrk.o)
 .comment       0x0000000000000070       0x39 /usr/lib/gcc/arm-none-eabi/4.9.3/../../../arm-none-eabi/lib/armv7e-m/libnosys.a(write.o)
 .comment       0x0000000000000070       0x39 /usr/lib/gcc/arm-none-eabi/4.9.3/armv7e-m/crtend.o

.debug_info     0x0000000000000000     0xd30c
 .debug_info    0x0000000000000000      0x3fe src/stm32f413xx_rcc_driver.o
 .debug_info    0x00000000000003fe     0x1068 src/stm32f4xx_usart_driver.o
 .debug_info    0x0000000000001466      0xc0c src/stm32f413xx_gpio_driver.o
 .debug_info    0x0000000000002072      0x2b4 main.o
 .debug_info    0x0000000000002326       0x65 startup_stm32f413zhtx.o
 .debug_info    0x000000000000238b      0x7d3 /usr/lib/gcc/arm-none-eabi/4.9.3/../../../arm-none-eabi/lib/armv7e-m/libc_nano.a(lib_a-impure.o)
 .debug_info    0x0000000000002b5e      0x105 /usr/lib/gcc/arm-none-eabi/4.9.3/../../../arm-none-eabi/lib/armv7e-m/libc_nano.a(lib_a-init.o)
 .debug_info    0x0000000000002c63       0xd3 /usr/lib/gcc/arm-none-eabi/4.9.3/../../../arm-none-eabi/lib/armv7e-m/libc_nano.a(lib_a-memset.o)
 .debug_info    0x0000000000002d36      0x924 /usr/lib/gcc/arm-none-eabi/4.9.3/../../../arm-none-eabi/lib/armv7e-m/libc_nano.a(lib_a-puts.o)
 .debug_info    0x000000000000365a      0x916 /usr/lib/gcc/arm-none-eabi/4.9.3/../../../arm-none-eabi/lib/armv7e-m/libc_nano.a(lib_a-wbuf.o)
 .debug_info    0x0000000000003f70      0x881 /usr/lib/gcc/arm-none-eabi/4.9.3/../../../arm-none-eabi/lib/armv7e-m/libc_nano.a(lib_a-wsetup.o)
 .debug_info    0x00000000000047f1      0xa00 /usr/lib/gcc/arm-none-eabi/4.9.3/../../../arm-none-eabi/lib/armv7e-m/libc_nano.a(lib_a-fflush.o)
 .debug_info    0x00000000000051f1      0xd5a /usr/lib/gcc/arm-none-eabi/4.9.3/../../../arm-none-eabi/lib/armv7e-m/libc_nano.a(lib_a-findfp.o)
 .debug_info    0x0000000000005f4b      0x846 /usr/lib/gcc/arm-none-eabi/4.9.3/../../../arm-none-eabi/lib/armv7e-m/libc_nano.a(lib_a-fwalk.o)
 .debug_info    0x0000000000006791      0x98c /usr/lib/gcc/arm-none-eabi/4.9.3/../../../arm-none-eabi/lib/armv7e-m/libc_nano.a(lib_a-makebuf.o)
 .debug_info    0x000000000000711d      0x81a /usr/lib/gcc/arm-none-eabi/4.9.3/../../../arm-none-eabi/lib/armv7e-m/libc_nano.a(lib_a-nano-freer.o)
 .debug_info    0x0000000000007937      0x8fb /usr/lib/gcc/arm-none-eabi/4.9.3/../../../arm-none-eabi/lib/armv7e-m/libc_nano.a(lib_a-nano-mallocr.o)
 .debug_info    0x0000000000008232      0x7a0 /usr/lib/gcc/arm-none-eabi/4.9.3/../../../arm-none-eabi/lib/armv7e-m/libc_nano.a(lib_a-sbrkr.o)
 .debug_info    0x00000000000089d2      0xa36 /usr/lib/gcc/arm-none-eabi/4.9.3/../../../arm-none-eabi/lib/armv7e-m/libc_nano.a(lib_a-stdio.o)
 .debug_info    0x0000000000009408      0x7d5 /usr/lib/gcc/arm-none-eabi/4.9.3/../../../arm-none-eabi/lib/armv7e-m/libc_nano.a(lib_a-writer.o)
 .debug_info    0x0000000000009bdd      0x78c /usr/lib/gcc/arm-none-eabi/4.9.3/../../../arm-none-eabi/lib/armv7e-m/libc_nano.a(lib_a-closer.o)
 .debug_info    0x000000000000a369      0x90a /usr/lib/gcc/arm-none-eabi/4.9.3/../../../arm-none-eabi/lib/armv7e-m/libc_nano.a(lib_a-fstatr.o)
 .debug_info    0x000000000000ac73      0x78c /usr/lib/gcc/arm-none-eabi/4.9.3/../../../arm-none-eabi/lib/armv7e-m/libc_nano.a(lib_a-isattyr.o)
 .debug_info    0x000000000000b3ff      0x7b8 /usr/lib/gcc/arm-none-eabi/4.9.3/../../../arm-none-eabi/lib/armv7e-m/libc_nano.a(lib_a-lseekr.o)
 .debug_info    0x000000000000bbb7      0x7ce /usr/lib/gcc/arm-none-eabi/4.9.3/../../../arm-none-eabi/lib/armv7e-m/libc_nano.a(lib_a-readr.o)
 .debug_info    0x000000000000c385      0x8fb /usr/lib/gcc/arm-none-eabi/4.9.3/../../../arm-none-eabi/lib/armv7e-m/libc_nano.a(lib_a-reent.o)
 .debug_info    0x000000000000cc80       0xae /usr/lib/gcc/arm-none-eabi/4.9.3/../../../arm-none-eabi/lib/armv7e-m/libnosys.a(close.o)
 .debug_info    0x000000000000cd2e      0x22d /usr/lib/gcc/arm-none-eabi/4.9.3/../../../arm-none-eabi/lib/armv7e-m/libnosys.a(fstat.o)
 .debug_info    0x000000000000cf5b       0xae /usr/lib/gcc/arm-none-eabi/4.9.3/../../../arm-none-eabi/lib/armv7e-m/libnosys.a(isatty.o)
 .debug_info    0x000000000000d009       0xca /usr/lib/gcc/arm-none-eabi/4.9.3/../../../arm-none-eabi/lib/armv7e-m/libnosys.a(lseek.o)
 .debug_info    0x000000000000d0d3       0xd0 /usr/lib/gcc/arm-none-eabi/4.9.3/../../../arm-none-eabi/lib/armv7e-m/libnosys.a(read.o)
 .debug_info    0x000000000000d1a3       0x99 /usr/lib/gcc/arm-none-eabi/4.9.3/../../../arm-none-eabi/lib/armv7e-m/libnosys.a(sbrk.o)
 .debug_info    0x000000000000d23c       0xd0 /usr/lib/gcc/arm-none-eabi/4.9.3/../../../arm-none-eabi/lib/armv7e-m/libnosys.a(write.o)

.debug_abbrev   0x0000000000000000     0x2d54
 .debug_abbrev  0x0000000000000000       0xde src/stm32f413xx_rcc_driver.o
 .debug_abbrev  0x00000000000000de      0x22f src/stm32f4xx_usart_driver.o
 .debug_abbrev  0x000000000000030d      0x1f4 src/stm32f413xx_gpio_driver.o
 .debug_abbrev  0x0000000000000501       0xee main.o
 .debug_abbrev  0x00000000000005ef       0x12 startup_stm32f413zhtx.o
 .debug_abbrev  0x0000000000000601      0x136 /usr/lib/gcc/arm-none-eabi/4.9.3/../../../arm-none-eabi/lib/armv7e-m/libc_nano.a(lib_a-impure.o)
 .debug_abbrev  0x0000000000000737       0xba /usr/lib/gcc/arm-none-eabi/4.9.3/../../../arm-none-eabi/lib/armv7e-m/libc_nano.a(lib_a-init.o)
 .debug_abbrev  0x00000000000007f1       0x8e /usr/lib/gcc/arm-none-eabi/4.9.3/../../../arm-none-eabi/lib/armv7e-m/libc_nano.a(lib_a-memset.o)
 .debug_abbrev  0x000000000000087f      0x202 /usr/lib/gcc/arm-none-eabi/4.9.3/../../../arm-none-eabi/lib/armv7e-m/libc_nano.a(lib_a-puts.o)
 .debug_abbrev  0x0000000000000a81      0x1f7 /usr/lib/gcc/arm-none-eabi/4.9.3/../../../arm-none-eabi/lib/armv7e-m/libc_nano.a(lib_a-wbuf.o)
 .debug_abbrev  0x0000000000000c78      0x1a5 /usr/lib/gcc/arm-none-eabi/4.9.3/../../../arm-none-eabi/lib/armv7e-m/libc_nano.a(lib_a-wsetup.o)
 .debug_abbrev  0x0000000000000e1d      0x24e /usr/lib/gcc/arm-none-eabi/4.9.3/../../../arm-none-eabi/lib/armv7e-m/libc_nano.a(lib_a-fflush.o)
 .debug_abbrev  0x000000000000106b      0x300 /usr/lib/gcc/arm-none-eabi/4.9.3/../../../arm-none-eabi/lib/armv7e-m/libc_nano.a(lib_a-findfp.o)
 .debug_abbrev  0x000000000000136b      0x176 /usr/lib/gcc/arm-none-eabi/4.9.3/../../../arm-none-eabi/lib/armv7e-m/libc_nano.a(lib_a-fwalk.o)
 .debug_abbrev  0x00000000000014e1      0x1ab /usr/lib/gcc/arm-none-eabi/4.9.3/../../../arm-none-eabi/lib/armv7e-m/libc_nano.a(lib_a-makebuf.o)
 .debug_abbrev  0x000000000000168c      0x1b6 /usr/lib/gcc/arm-none-eabi/4.9.3/../../../arm-none-eabi/lib/armv7e-m/libc_nano.a(lib_a-nano-freer.o)
 .debug_abbrev  0x0000000000001842      0x250 /usr/lib/gcc/arm-none-eabi/4.9.3/../../../arm-none-eabi/lib/armv7e-m/libc_nano.a(lib_a-nano-mallocr.o)
 .debug_abbrev  0x0000000000001a92      0x1a2 /usr/lib/gcc/arm-none-eabi/4.9.3/../../../arm-none-eabi/lib/armv7e-m/libc_nano.a(lib_a-sbrkr.o)
 .debug_abbrev  0x0000000000001c34      0x1eb /usr/lib/gcc/arm-none-eabi/4.9.3/../../../arm-none-eabi/lib/armv7e-m/libc_nano.a(lib_a-stdio.o)
 .debug_abbrev  0x0000000000001e1f      0x199 /usr/lib/gcc/arm-none-eabi/4.9.3/../../../arm-none-eabi/lib/armv7e-m/libc_nano.a(lib_a-writer.o)
 .debug_abbrev  0x0000000000001fb8      0x194 /usr/lib/gcc/arm-none-eabi/4.9.3/../../../arm-none-eabi/lib/armv7e-m/libc_nano.a(lib_a-closer.o)
 .debug_abbrev  0x000000000000214c      0x1a3 /usr/lib/gcc/arm-none-eabi/4.9.3/../../../arm-none-eabi/lib/armv7e-m/libc_nano.a(lib_a-fstatr.o)
 .debug_abbrev  0x00000000000022ef      0x194 /usr/lib/gcc/arm-none-eabi/4.9.3/../../../arm-none-eabi/lib/armv7e-m/libc_nano.a(lib_a-isattyr.o)
 .debug_abbrev  0x0000000000002483      0x1a3 /usr/lib/gcc/arm-none-eabi/4.9.3/../../../arm-none-eabi/lib/armv7e-m/libc_nano.a(lib_a-lseekr.o)
 .debug_abbrev  0x0000000000002626      0x194 /usr/lib/gcc/arm-none-eabi/4.9.3/../../../arm-none-eabi/lib/armv7e-m/libc_nano.a(lib_a-readr.o)
 .debug_abbrev  0x00000000000027ba      0x1f2 /usr/lib/gcc/arm-none-eabi/4.9.3/../../../arm-none-eabi/lib/armv7e-m/libc_nano.a(lib_a-reent.o)
 .debug_abbrev  0x00000000000029ac       0x66 /usr/lib/gcc/arm-none-eabi/4.9.3/../../../arm-none-eabi/lib/armv7e-m/libnosys.a(close.o)
 .debug_abbrev  0x0000000000002a12       0xbb /usr/lib/gcc/arm-none-eabi/4.9.3/../../../arm-none-eabi/lib/armv7e-m/libnosys.a(fstat.o)
 .debug_abbrev  0x0000000000002acd       0x66 /usr/lib/gcc/arm-none-eabi/4.9.3/../../../arm-none-eabi/lib/armv7e-m/libnosys.a(isatty.o)
 .debug_abbrev  0x0000000000002b33       0x84 /usr/lib/gcc/arm-none-eabi/4.9.3/../../../arm-none-eabi/lib/armv7e-m/libnosys.a(lseek.o)
 .debug_abbrev  0x0000000000002bb7       0x8d /usr/lib/gcc/arm-none-eabi/4.9.3/../../../arm-none-eabi/lib/armv7e-m/libnosys.a(read.o)
 .debug_abbrev  0x0000000000002c44       0x83 /usr/lib/gcc/arm-none-eabi/4.9.3/../../../arm-none-eabi/lib/armv7e-m/libnosys.a(sbrk.o)
 .debug_abbrev  0x0000000000002cc7       0x8d /usr/lib/gcc/arm-none-eabi/4.9.3/../../../arm-none-eabi/lib/armv7e-m/libnosys.a(write.o)

.debug_aranges  0x0000000000000000      0x4d8
 .debug_aranges
                0x0000000000000000       0x20 src/stm32f413xx_rcc_driver.o
 .debug_aranges
                0x0000000000000020       0x20 src/stm32f4xx_usart_driver.o
 .debug_aranges
                0x0000000000000040       0x20 src/stm32f413xx_gpio_driver.o
 .debug_aranges
                0x0000000000000060       0x20 main.o
 .debug_aranges
                0x0000000000000080       0x28 startup_stm32f413zhtx.o
 .debug_aranges
                0x00000000000000a8       0x18 /usr/lib/gcc/arm-none-eabi/4.9.3/../../../arm-none-eabi/lib/armv7e-m/libc_nano.a(lib_a-impure.o)
 .debug_aranges
                0x00000000000000c0       0x20 /usr/lib/gcc/arm-none-eabi/4.9.3/../../../arm-none-eabi/lib/armv7e-m/libc_nano.a(lib_a-init.o)
 .debug_aranges
                0x00000000000000e0       0x20 /usr/lib/gcc/arm-none-eabi/4.9.3/../../../arm-none-eabi/lib/armv7e-m/libc_nano.a(lib_a-memset.o)
 .debug_aranges
                0x0000000000000100       0x28 /usr/lib/gcc/arm-none-eabi/4.9.3/../../../arm-none-eabi/lib/armv7e-m/libc_nano.a(lib_a-puts.o)
 .debug_aranges
                0x0000000000000128       0x28 /usr/lib/gcc/arm-none-eabi/4.9.3/../../../arm-none-eabi/lib/armv7e-m/libc_nano.a(lib_a-wbuf.o)
 .debug_aranges
                0x0000000000000150       0x20 /usr/lib/gcc/arm-none-eabi/4.9.3/../../../arm-none-eabi/lib/armv7e-m/libc_nano.a(lib_a-wsetup.o)
 .debug_aranges
                0x0000000000000170       0x30 /usr/lib/gcc/arm-none-eabi/4.9.3/../../../arm-none-eabi/lib/armv7e-m/libc_nano.a(lib_a-fflush.o)
 .debug_aranges
                0x00000000000001a0       0x88 /usr/lib/gcc/arm-none-eabi/4.9.3/../../../arm-none-eabi/lib/armv7e-m/libc_nano.a(lib_a-findfp.o)
 .debug_aranges
                0x0000000000000228       0x28 /usr/lib/gcc/arm-none-eabi/4.9.3/../../../arm-none-eabi/lib/armv7e-m/libc_nano.a(lib_a-fwalk.o)
 .debug_aranges
                0x0000000000000250       0x20 /usr/lib/gcc/arm-none-eabi/4.9.3/../../../arm-none-eabi/lib/armv7e-m/libc_nano.a(lib_a-makebuf.o)
 .debug_aranges
                0x0000000000000270       0x20 /usr/lib/gcc/arm-none-eabi/4.9.3/../../../arm-none-eabi/lib/armv7e-m/libc_nano.a(lib_a-nano-freer.o)
 .debug_aranges
                0x0000000000000290       0x20 /usr/lib/gcc/arm-none-eabi/4.9.3/../../../arm-none-eabi/lib/armv7e-m/libc_nano.a(lib_a-nano-mallocr.o)
 .debug_aranges
                0x00000000000002b0       0x20 /usr/lib/gcc/arm-none-eabi/4.9.3/../../../arm-none-eabi/lib/armv7e-m/libc_nano.a(lib_a-sbrkr.o)
 .debug_aranges
                0x00000000000002d0       0x40 /usr/lib/gcc/arm-none-eabi/4.9.3/../../../arm-none-eabi/lib/armv7e-m/libc_nano.a(lib_a-stdio.o)
 .debug_aranges
                0x0000000000000310       0x20 /usr/lib/gcc/arm-none-eabi/4.9.3/../../../arm-none-eabi/lib/armv7e-m/libc_nano.a(lib_a-writer.o)
 .debug_aranges
                0x0000000000000330       0x20 /usr/lib/gcc/arm-none-eabi/4.9.3/../../../arm-none-eabi/lib/armv7e-m/libc_nano.a(lib_a-closer.o)
 .debug_aranges
                0x0000000000000350       0x20 /usr/lib/gcc/arm-none-eabi/4.9.3/../../../arm-none-eabi/lib/armv7e-m/libc_nano.a(lib_a-fstatr.o)
 .debug_aranges
                0x0000000000000370       0x20 /usr/lib/gcc/arm-none-eabi/4.9.3/../../../arm-none-eabi/lib/armv7e-m/libc_nano.a(lib_a-isattyr.o)
 .debug_aranges
                0x0000000000000390       0x20 /usr/lib/gcc/arm-none-eabi/4.9.3/../../../arm-none-eabi/lib/armv7e-m/libc_nano.a(lib_a-lseekr.o)
 .debug_aranges
                0x00000000000003b0       0x20 /usr/lib/gcc/arm-none-eabi/4.9.3/../../../arm-none-eabi/lib/armv7e-m/libc_nano.a(lib_a-readr.o)
 .debug_aranges
                0x00000000000003d0       0x28 /usr/lib/gcc/arm-none-eabi/4.9.3/../../../arm-none-eabi/lib/armv7e-m/libc_nano.a(lib_a-reent.o)
 .debug_aranges
                0x00000000000003f8       0x20 /usr/lib/gcc/arm-none-eabi/4.9.3/../../../arm-none-eabi/lib/armv7e-m/libnosys.a(close.o)
 .debug_aranges
                0x0000000000000418       0x20 /usr/lib/gcc/arm-none-eabi/4.9.3/../../../arm-none-eabi/lib/armv7e-m/libnosys.a(fstat.o)
 .debug_aranges
                0x0000000000000438       0x20 /usr/lib/gcc/arm-none-eabi/4.9.3/../../../arm-none-eabi/lib/armv7e-m/libnosys.a(isatty.o)
 .debug_aranges
                0x0000000000000458       0x20 /usr/lib/gcc/arm-none-eabi/4.9.3/../../../arm-none-eabi/lib/armv7e-m/libnosys.a(lseek.o)
 .debug_aranges
                0x0000000000000478       0x20 /usr/lib/gcc/arm-none-eabi/4.9.3/../../../arm-none-eabi/lib/armv7e-m/libnosys.a(read.o)
 .debug_aranges
                0x0000000000000498       0x20 /usr/lib/gcc/arm-none-eabi/4.9.3/../../../arm-none-eabi/lib/armv7e-m/libnosys.a(sbrk.o)
 .debug_aranges
                0x00000000000004b8       0x20 /usr/lib/gcc/arm-none-eabi/4.9.3/../../../arm-none-eabi/lib/armv7e-m/libnosys.a(write.o)

.debug_line     0x0000000000000000     0x2b80
 .debug_line    0x0000000000000000       0xea src/stm32f413xx_rcc_driver.o
 .debug_line    0x00000000000000ea      0x324 src/stm32f4xx_usart_driver.o
 .debug_line    0x000000000000040e      0x275 src/stm32f413xx_gpio_driver.o
 .debug_line    0x0000000000000683       0xf2 main.o
 .debug_line    0x0000000000000775       0x79 startup_stm32f413zhtx.o
 .debug_line    0x00000000000007ee       0xf1 /usr/lib/gcc/arm-none-eabi/4.9.3/../../../arm-none-eabi/lib/armv7e-m/libc_nano.a(lib_a-impure.o)
 .debug_line    0x00000000000008df       0xb6 /usr/lib/gcc/arm-none-eabi/4.9.3/../../../arm-none-eabi/lib/armv7e-m/libc_nano.a(lib_a-init.o)
 .debug_line    0x0000000000000995       0xee /usr/lib/gcc/arm-none-eabi/4.9.3/../../../arm-none-eabi/lib/armv7e-m/libc_nano.a(lib_a-memset.o)
 .debug_line    0x0000000000000a83      0x1f8 /usr/lib/gcc/arm-none-eabi/4.9.3/../../../arm-none-eabi/lib/armv7e-m/libc_nano.a(lib_a-puts.o)
 .debug_line    0x0000000000000c7b      0x1cc /usr/lib/gcc/arm-none-eabi/4.9.3/../../../arm-none-eabi/lib/armv7e-m/libc_nano.a(lib_a-wbuf.o)
 .debug_line    0x0000000000000e47      0x1bf /usr/lib/gcc/arm-none-eabi/4.9.3/../../../arm-none-eabi/lib/armv7e-m/libc_nano.a(lib_a-wsetup.o)
 .debug_line    0x0000000000001006      0x24e /usr/lib/gcc/arm-none-eabi/4.9.3/../../../arm-none-eabi/lib/armv7e-m/libc_nano.a(lib_a-fflush.o)
 .debug_line    0x0000000000001254      0x2c8 /usr/lib/gcc/arm-none-eabi/4.9.3/../../../arm-none-eabi/lib/armv7e-m/libc_nano.a(lib_a-findfp.o)
 .debug_line    0x000000000000151c      0x1b7 /usr/lib/gcc/arm-none-eabi/4.9.3/../../../arm-none-eabi/lib/armv7e-m/libc_nano.a(lib_a-fwalk.o)
 .debug_line    0x00000000000016d3      0x1b1 /usr/lib/gcc/arm-none-eabi/4.9.3/../../../arm-none-eabi/lib/armv7e-m/libc_nano.a(lib_a-makebuf.o)
 .debug_line    0x0000000000001884      0x149 /usr/lib/gcc/arm-none-eabi/4.9.3/../../../arm-none-eabi/lib/armv7e-m/libc_nano.a(lib_a-nano-freer.o)
 .debug_line    0x00000000000019cd      0x199 /usr/lib/gcc/arm-none-eabi/4.9.3/../../../arm-none-eabi/lib/armv7e-m/libc_nano.a(lib_a-nano-mallocr.o)
 .debug_line    0x0000000000001b66      0x162 /usr/lib/gcc/arm-none-eabi/4.9.3/../../../arm-none-eabi/lib/armv7e-m/libc_nano.a(lib_a-sbrkr.o)
 .debug_line    0x0000000000001cc8      0x1d4 /usr/lib/gcc/arm-none-eabi/4.9.3/../../../arm-none-eabi/lib/armv7e-m/libc_nano.a(lib_a-stdio.o)
 .debug_line    0x0000000000001e9c      0x162 /usr/lib/gcc/arm-none-eabi/4.9.3/../../../arm-none-eabi/lib/armv7e-m/libc_nano.a(lib_a-writer.o)
 .debug_line    0x0000000000001ffe      0x163 /usr/lib/gcc/arm-none-eabi/4.9.3/../../../arm-none-eabi/lib/armv7e-m/libc_nano.a(lib_a-closer.o)
 .debug_line    0x0000000000002161      0x178 /usr/lib/gcc/arm-none-eabi/4.9.3/../../../arm-none-eabi/lib/armv7e-m/libc_nano.a(lib_a-fstatr.o)
 .debug_line    0x00000000000022d9      0x164 /usr/lib/gcc/arm-none-eabi/4.9.3/../../../arm-none-eabi/lib/armv7e-m/libc_nano.a(lib_a-isattyr.o)
 .debug_line    0x000000000000243d      0x162 /usr/lib/gcc/arm-none-eabi/4.9.3/../../../arm-none-eabi/lib/armv7e-m/libc_nano.a(lib_a-lseekr.o)
 .debug_line    0x000000000000259f      0x161 /usr/lib/gcc/arm-none-eabi/4.9.3/../../../arm-none-eabi/lib/armv7e-m/libc_nano.a(lib_a-readr.o)
 .debug_line    0x0000000000002700      0x19d /usr/lib/gcc/arm-none-eabi/4.9.3/../../../arm-none-eabi/lib/armv7e-m/libc_nano.a(lib_a-reent.o)
 .debug_line    0x000000000000289d       0x5a /usr/lib/gcc/arm-none-eabi/4.9.3/../../../arm-none-eabi/lib/armv7e-m/libnosys.a(close.o)
 .debug_line    0x00000000000028f7       0xc9 /usr/lib/gcc/arm-none-eabi/4.9.3/../../../arm-none-eabi/lib/armv7e-m/libnosys.a(fstat.o)
 .debug_line    0x00000000000029c0       0x5b /usr/lib/gcc/arm-none-eabi/4.9.3/../../../arm-none-eabi/lib/armv7e-m/libnosys.a(isatty.o)
 .debug_line    0x0000000000002a1b       0x5a /usr/lib/gcc/arm-none-eabi/4.9.3/../../../arm-none-eabi/lib/armv7e-m/libnosys.a(lseek.o)
 .debug_line    0x0000000000002a75       0x59 /usr/lib/gcc/arm-none-eabi/4.9.3/../../../arm-none-eabi/lib/armv7e-m/libnosys.a(read.o)
 .debug_line    0x0000000000002ace       0x58 /usr/lib/gcc/arm-none-eabi/4.9.3/../../../arm-none-eabi/lib/armv7e-m/libnosys.a(sbrk.o)
 .debug_line    0x0000000000002b26       0x5a /usr/lib/gcc/arm-none-eabi/4.9.3/../../../arm-none-eabi/lib/armv7e-m/libnosys.a(write.o)

.debug_str      0x0000000000000000     0x27c7
 .debug_str     0x0000000000000000      0x30b src/stm32f413xx_rcc_driver.o
                                        0x363 (size before relaxing)
 .debug_str     0x000000000000030b     0x1293 src/stm32f4xx_usart_driver.o
                                       0x155d (size before relaxing)
 .debug_str     0x000000000000159e      0x1c4 src/stm32f413xx_gpio_driver.o
                                        0xda5 (size before relaxing)
 .debug_str     0x0000000000001762       0x1c main.o
                                        0x35c (size before relaxing)
 .debug_str     0x000000000000177e      0x48d /usr/lib/gcc/arm-none-eabi/4.9.3/../../../arm-none-eabi/lib/armv7e-m/libc_nano.a(lib_a-impure.o)
                                        0x57d (size before relaxing)
 .debug_str     0x0000000000001c0b       0xf3 /usr/lib/gcc/arm-none-eabi/4.9.3/../../../arm-none-eabi/lib/armv7e-m/libc_nano.a(lib_a-init.o)
                                        0x234 (size before relaxing)
 .debug_str     0x0000000000001cfe       0xa0 /usr/lib/gcc/arm-none-eabi/4.9.3/../../../arm-none-eabi/lib/armv7e-m/libc_nano.a(lib_a-memset.o)
                                        0x1d5 (size before relaxing)
 .debug_str     0x0000000000001d9e       0xd0 /usr/lib/gcc/arm-none-eabi/4.9.3/../../../arm-none-eabi/lib/armv7e-m/libc_nano.a(lib_a-puts.o)
                                        0x5a3 (size before relaxing)
 .debug_str     0x0000000000001e6e       0x3d /usr/lib/gcc/arm-none-eabi/4.9.3/../../../arm-none-eabi/lib/armv7e-m/libc_nano.a(lib_a-wbuf.o)
                                        0x5a1 (size before relaxing)
 .debug_str     0x0000000000001eab       0x42 /usr/lib/gcc/arm-none-eabi/4.9.3/../../../arm-none-eabi/lib/armv7e-m/libc_nano.a(lib_a-wsetup.o)
                                        0x59c (size before relaxing)
 .debug_str     0x0000000000001eed       0x5d /usr/lib/gcc/arm-none-eabi/4.9.3/../../../arm-none-eabi/lib/armv7e-m/libc_nano.a(lib_a-fflush.o)
                                        0x5dd (size before relaxing)
 .debug_str     0x0000000000001f4a      0x195 /usr/lib/gcc/arm-none-eabi/4.9.3/../../../arm-none-eabi/lib/armv7e-m/libc_nano.a(lib_a-findfp.o)
                                        0x729 (size before relaxing)
 .debug_str     0x00000000000020df       0x3b /usr/lib/gcc/arm-none-eabi/4.9.3/../../../arm-none-eabi/lib/armv7e-m/libc_nano.a(lib_a-fwalk.o)
                                        0x543 (size before relaxing)
 .debug_str     0x000000000000211a      0x115 /usr/lib/gcc/arm-none-eabi/4.9.3/../../../arm-none-eabi/lib/armv7e-m/libc_nano.a(lib_a-makebuf.o)
                                        0x640 (size before relaxing)
 .debug_str     0x000000000000222f       0xfb /usr/lib/gcc/arm-none-eabi/4.9.3/../../../arm-none-eabi/lib/armv7e-m/libc_nano.a(lib_a-nano-freer.o)
                                        0x596 (size before relaxing)
 .debug_str     0x000000000000232a       0x50 /usr/lib/gcc/arm-none-eabi/4.9.3/../../../arm-none-eabi/lib/armv7e-m/libc_nano.a(lib_a-nano-mallocr.o)
                                        0x5cb (size before relaxing)
 .debug_str     0x000000000000237a       0x37 /usr/lib/gcc/arm-none-eabi/4.9.3/../../../arm-none-eabi/lib/armv7e-m/libc_nano.a(lib_a-sbrkr.o)
                                        0x535 (size before relaxing)
 .debug_str     0x00000000000023b1       0x8c /usr/lib/gcc/arm-none-eabi/4.9.3/../../../arm-none-eabi/lib/armv7e-m/libc_nano.a(lib_a-stdio.o)
                                        0x599 (size before relaxing)
 .debug_str     0x000000000000243d       0x2d /usr/lib/gcc/arm-none-eabi/4.9.3/../../../arm-none-eabi/lib/armv7e-m/libc_nano.a(lib_a-writer.o)
                                        0x532 (size before relaxing)
 .debug_str     0x000000000000246a       0x2d /usr/lib/gcc/arm-none-eabi/4.9.3/../../../arm-none-eabi/lib/armv7e-m/libc_nano.a(lib_a-closer.o)
                                        0x522 (size before relaxing)
 .debug_str     0x0000000000002497       0x3a /usr/lib/gcc/arm-none-eabi/4.9.3/../../../arm-none-eabi/lib/armv7e-m/libc_nano.a(lib_a-fstatr.o)
                                        0x615 (size before relaxing)
 .debug_str     0x00000000000024d1       0x36 /usr/lib/gcc/arm-none-eabi/4.9.3/../../../arm-none-eabi/lib/armv7e-m/libc_nano.a(lib_a-isattyr.o)
                                        0x52c (size before relaxing)
 .debug_str     0x0000000000002507       0x34 /usr/lib/gcc/arm-none-eabi/4.9.3/../../../arm-none-eabi/lib/armv7e-m/libc_nano.a(lib_a-lseekr.o)
                                        0x530 (size before relaxing)
 .debug_str     0x000000000000253b       0x2c /usr/lib/gcc/arm-none-eabi/4.9.3/../../../arm-none-eabi/lib/armv7e-m/libc_nano.a(lib_a-readr.o)
                                        0x530 (size before relaxing)
 .debug_str     0x0000000000002567       0x58 /usr/lib/gcc/arm-none-eabi/4.9.3/../../../arm-none-eabi/lib/armv7e-m/libc_nano.a(lib_a-reent.o)
                                        0x55d (size before relaxing)
 .debug_str     0x00000000000025bf      0x105 /usr/lib/gcc/arm-none-eabi/4.9.3/../../../arm-none-eabi/lib/armv7e-m/libnosys.a(close.o)
                                        0x1a4 (size before relaxing)
 .debug_str     0x00000000000026c4       0x29 /usr/lib/gcc/arm-none-eabi/4.9.3/../../../arm-none-eabi/lib/armv7e-m/libnosys.a(fstat.o)
                                        0x291 (size before relaxing)
 .debug_str     0x00000000000026ed       0x2a /usr/lib/gcc/arm-none-eabi/4.9.3/../../../arm-none-eabi/lib/armv7e-m/libnosys.a(isatty.o)
                                        0x1a4 (size before relaxing)
 .debug_str     0x0000000000002717       0x29 /usr/lib/gcc/arm-none-eabi/4.9.3/../../../arm-none-eabi/lib/armv7e-m/libnosys.a(lseek.o)
                                        0x1a2 (size before relaxing)
 .debug_str     0x0000000000002740       0x28 /usr/lib/gcc/arm-none-eabi/4.9.3/../../../arm-none-eabi/lib/armv7e-m/libnosys.a(read.o)
                                        0x1a0 (size before relaxing)
 .debug_str     0x0000000000002768       0x36 /usr/lib/gcc/arm-none-eabi/4.9.3/../../../arm-none-eabi/lib/armv7e-m/libnosys.a(sbrk.o)
                                        0x124 (size before relaxing)
 .debug_str     0x000000000000279e       0x29 /usr/lib/gcc/arm-none-eabi/4.9.3/../../../arm-none-eabi/lib/armv7e-m/libnosys.a(write.o)
                                        0x1a2 (size before relaxing)

.debug_frame    0x0000000000000000      0xcb8
 .debug_frame   0x0000000000000000       0x78 src/stm32f413xx_rcc_driver.o
 .debug_frame   0x0000000000000078      0x318 src/stm32f4xx_usart_driver.o
 .debug_frame   0x0000000000000390      0x2ac src/stm32f413xx_gpio_driver.o
 .debug_frame   0x000000000000063c       0x30 main.o
 .debug_frame   0x000000000000066c       0x2c /usr/lib/gcc/arm-none-eabi/4.9.3/../../../arm-none-eabi/lib/armv7e-m/libc_nano.a(lib_a-init.o)
 .debug_frame   0x0000000000000698       0x20 /usr/lib/gcc/arm-none-eabi/4.9.3/../../../arm-none-eabi/lib/armv7e-m/libc_nano.a(lib_a-memset.o)
 .debug_frame   0x00000000000006b8       0x3c /usr/lib/gcc/arm-none-eabi/4.9.3/../../../arm-none-eabi/lib/armv7e-m/libc_nano.a(lib_a-puts.o)
 .debug_frame   0x00000000000006f4       0x3c /usr/lib/gcc/arm-none-eabi/4.9.3/../../../arm-none-eabi/lib/armv7e-m/libc_nano.a(lib_a-wbuf.o)
 .debug_frame   0x0000000000000730       0x2c /usr/lib/gcc/arm-none-eabi/4.9.3/../../../arm-none-eabi/lib/armv7e-m/libc_nano.a(lib_a-wsetup.o)
 .debug_frame   0x000000000000075c       0x68 /usr/lib/gcc/arm-none-eabi/4.9.3/../../../arm-none-eabi/lib/armv7e-m/libc_nano.a(lib_a-fflush.o)
 .debug_frame   0x00000000000007c4      0x11c /usr/lib/gcc/arm-none-eabi/4.9.3/../../../arm-none-eabi/lib/armv7e-m/libc_nano.a(lib_a-findfp.o)
 .debug_frame   0x00000000000008e0       0x54 /usr/lib/gcc/arm-none-eabi/4.9.3/../../../arm-none-eabi/lib/armv7e-m/libc_nano.a(lib_a-fwalk.o)
 .debug_frame   0x0000000000000934       0x34 /usr/lib/gcc/arm-none-eabi/4.9.3/../../../arm-none-eabi/lib/armv7e-m/libc_nano.a(lib_a-makebuf.o)
 .debug_frame   0x0000000000000968       0x2c /usr/lib/gcc/arm-none-eabi/4.9.3/../../../arm-none-eabi/lib/armv7e-m/libc_nano.a(lib_a-nano-freer.o)
 .debug_frame   0x0000000000000994       0x2c /usr/lib/gcc/arm-none-eabi/4.9.3/../../../arm-none-eabi/lib/armv7e-m/libc_nano.a(lib_a-nano-mallocr.o)
 .debug_frame   0x00000000000009c0       0x2c /usr/lib/gcc/arm-none-eabi/4.9.3/../../../arm-none-eabi/lib/armv7e-m/libc_nano.a(lib_a-sbrkr.o)
 .debug_frame   0x00000000000009ec       0x88 /usr/lib/gcc/arm-none-eabi/4.9.3/../../../arm-none-eabi/lib/armv7e-m/libc_nano.a(lib_a-stdio.o)
 .debug_frame   0x0000000000000a74       0x2c /usr/lib/gcc/arm-none-eabi/4.9.3/../../../arm-none-eabi/lib/armv7e-m/libc_nano.a(lib_a-writer.o)
 .debug_frame   0x0000000000000aa0       0x2c /usr/lib/gcc/arm-none-eabi/4.9.3/../../../arm-none-eabi/lib/armv7e-m/libc_nano.a(lib_a-closer.o)
 .debug_frame   0x0000000000000acc       0x2c /usr/lib/gcc/arm-none-eabi/4.9.3/../../../arm-none-eabi/lib/armv7e-m/libc_nano.a(lib_a-fstatr.o)
 .debug_frame   0x0000000000000af8       0x2c /usr/lib/gcc/arm-none-eabi/4.9.3/../../../arm-none-eabi/lib/armv7e-m/libc_nano.a(lib_a-isattyr.o)
 .debug_frame   0x0000000000000b24       0x2c /usr/lib/gcc/arm-none-eabi/4.9.3/../../../arm-none-eabi/lib/armv7e-m/libc_nano.a(lib_a-lseekr.o)
 .debug_frame   0x0000000000000b50       0x2c /usr/lib/gcc/arm-none-eabi/4.9.3/../../../arm-none-eabi/lib/armv7e-m/libc_nano.a(lib_a-readr.o)
 .debug_frame   0x0000000000000b7c       0x5c /usr/lib/gcc/arm-none-eabi/4.9.3/../../../arm-none-eabi/lib/armv7e-m/libc_nano.a(lib_a-reent.o)
 .debug_frame   0x0000000000000bd8       0x20 /usr/lib/gcc/arm-none-eabi/4.9.3/../../../arm-none-eabi/lib/armv7e-m/libnosys.a(close.o)
 .debug_frame   0x0000000000000bf8       0x20 /usr/lib/gcc/arm-none-eabi/4.9.3/../../../arm-none-eabi/lib/armv7e-m/libnosys.a(fstat.o)
 .debug_frame   0x0000000000000c18       0x20 /usr/lib/gcc/arm-none-eabi/4.9.3/../../../arm-none-eabi/lib/armv7e-m/libnosys.a(isatty.o)
 .debug_frame   0x0000000000000c38       0x20 /usr/lib/gcc/arm-none-eabi/4.9.3/../../../arm-none-eabi/lib/armv7e-m/libnosys.a(lseek.o)
 .debug_frame   0x0000000000000c58       0x20 /usr/lib/gcc/arm-none-eabi/4.9.3/../../../arm-none-eabi/lib/armv7e-m/libnosys.a(read.o)
 .debug_frame   0x0000000000000c78       0x20 /usr/lib/gcc/arm-none-eabi/4.9.3/../../../arm-none-eabi/lib/armv7e-m/libnosys.a(sbrk.o)
 .debug_frame   0x0000000000000c98       0x20 /usr/lib/gcc/arm-none-eabi/4.9.3/../../../arm-none-eabi/lib/armv7e-m/libnosys.a(write.o)

.debug_ranges   0x0000000000000000      0x2f0
 .debug_ranges  0x0000000000000000       0x20 startup_stm32f413zhtx.o
 .debug_ranges  0x0000000000000020       0x10 /usr/lib/gcc/arm-none-eabi/4.9.3/../../../arm-none-eabi/lib/armv7e-m/libc_nano.a(lib_a-init.o)
 .debug_ranges  0x0000000000000030       0x10 /usr/lib/gcc/arm-none-eabi/4.9.3/../../../arm-none-eabi/lib/armv7e-m/libc_nano.a(lib_a-memset.o)
 .debug_ranges  0x0000000000000040       0x30 /usr/lib/gcc/arm-none-eabi/4.9.3/../../../arm-none-eabi/lib/armv7e-m/libc_nano.a(lib_a-puts.o)
 .debug_ranges  0x0000000000000070       0x18 /usr/lib/gcc/arm-none-eabi/4.9.3/../../../arm-none-eabi/lib/armv7e-m/libc_nano.a(lib_a-wbuf.o)
 .debug_ranges  0x0000000000000088       0x30 /usr/lib/gcc/arm-none-eabi/4.9.3/../../../arm-none-eabi/lib/armv7e-m/libc_nano.a(lib_a-wsetup.o)
 .debug_ranges  0x00000000000000b8       0x20 /usr/lib/gcc/arm-none-eabi/4.9.3/../../../arm-none-eabi/lib/armv7e-m/libc_nano.a(lib_a-fflush.o)
 .debug_ranges  0x00000000000000d8       0x78 /usr/lib/gcc/arm-none-eabi/4.9.3/../../../arm-none-eabi/lib/armv7e-m/libc_nano.a(lib_a-findfp.o)
 .debug_ranges  0x0000000000000150       0x18 /usr/lib/gcc/arm-none-eabi/4.9.3/../../../arm-none-eabi/lib/armv7e-m/libc_nano.a(lib_a-fwalk.o)
 .debug_ranges  0x0000000000000168       0x10 /usr/lib/gcc/arm-none-eabi/4.9.3/../../../arm-none-eabi/lib/armv7e-m/libc_nano.a(lib_a-makebuf.o)
 .debug_ranges  0x0000000000000178       0x28 /usr/lib/gcc/arm-none-eabi/4.9.3/../../../arm-none-eabi/lib/armv7e-m/libc_nano.a(lib_a-nano-freer.o)
 .debug_ranges  0x00000000000001a0       0x28 /usr/lib/gcc/arm-none-eabi/4.9.3/../../../arm-none-eabi/lib/armv7e-m/libc_nano.a(lib_a-nano-mallocr.o)
 .debug_ranges  0x00000000000001c8       0x10 /usr/lib/gcc/arm-none-eabi/4.9.3/../../../arm-none-eabi/lib/armv7e-m/libc_nano.a(lib_a-sbrkr.o)
 .debug_ranges  0x00000000000001d8       0x30 /usr/lib/gcc/arm-none-eabi/4.9.3/../../../arm-none-eabi/lib/armv7e-m/libc_nano.a(lib_a-stdio.o)
 .debug_ranges  0x0000000000000208       0x10 /usr/lib/gcc/arm-none-eabi/4.9.3/../../../arm-none-eabi/lib/armv7e-m/libc_nano.a(lib_a-writer.o)
 .debug_ranges  0x0000000000000218       0x10 /usr/lib/gcc/arm-none-eabi/4.9.3/../../../arm-none-eabi/lib/armv7e-m/libc_nano.a(lib_a-closer.o)
 .debug_ranges  0x0000000000000228       0x10 /usr/lib/gcc/arm-none-eabi/4.9.3/../../../arm-none-eabi/lib/armv7e-m/libc_nano.a(lib_a-fstatr.o)
 .debug_ranges  0x0000000000000238       0x10 /usr/lib/gcc/arm-none-eabi/4.9.3/../../../arm-none-eabi/lib/armv7e-m/libc_nano.a(lib_a-isattyr.o)
 .debug_ranges  0x0000000000000248       0x10 /usr/lib/gcc/arm-none-eabi/4.9.3/../../../arm-none-eabi/lib/armv7e-m/libc_nano.a(lib_a-lseekr.o)
 .debug_ranges  0x0000000000000258       0x10 /usr/lib/gcc/arm-none-eabi/4.9.3/../../../arm-none-eabi/lib/armv7e-m/libc_nano.a(lib_a-readr.o)
 .debug_ranges  0x0000000000000268       0x18 /usr/lib/gcc/arm-none-eabi/4.9.3/../../../arm-none-eabi/lib/armv7e-m/libc_nano.a(lib_a-reent.o)
 .debug_ranges  0x0000000000000280       0x10 /usr/lib/gcc/arm-none-eabi/4.9.3/../../../arm-none-eabi/lib/armv7e-m/libnosys.a(close.o)
 .debug_ranges  0x0000000000000290       0x10 /usr/lib/gcc/arm-none-eabi/4.9.3/../../../arm-none-eabi/lib/armv7e-m/libnosys.a(fstat.o)
 .debug_ranges  0x00000000000002a0       0x10 /usr/lib/gcc/arm-none-eabi/4.9.3/../../../arm-none-eabi/lib/armv7e-m/libnosys.a(isatty.o)
 .debug_ranges  0x00000000000002b0       0x10 /usr/lib/gcc/arm-none-eabi/4.9.3/../../../arm-none-eabi/lib/armv7e-m/libnosys.a(lseek.o)
 .debug_ranges  0x00000000000002c0       0x10 /usr/lib/gcc/arm-none-eabi/4.9.3/../../../arm-none-eabi/lib/armv7e-m/libnosys.a(read.o)
 .debug_ranges  0x00000000000002d0       0x10 /usr/lib/gcc/arm-none-eabi/4.9.3/../../../arm-none-eabi/lib/armv7e-m/libnosys.a(sbrk.o)
 .debug_ranges  0x00000000000002e0       0x10 /usr/lib/gcc/arm-none-eabi/4.9.3/../../../arm-none-eabi/lib/armv7e-m/libnosys.a(write.o)

.debug_loc      0x0000000000000000     0x1655
 .debug_loc     0x0000000000000000       0x54 /usr/lib/gcc/arm-none-eabi/4.9.3/../../../arm-none-eabi/lib/armv7e-m/libc_nano.a(lib_a-init.o)
 .debug_loc     0x0000000000000054       0x57 /usr/lib/gcc/arm-none-eabi/4.9.3/../../../arm-none-eabi/lib/armv7e-m/libc_nano.a(lib_a-memset.o)
 .debug_loc     0x00000000000000ab      0x197 /usr/lib/gcc/arm-none-eabi/4.9.3/../../../arm-none-eabi/lib/armv7e-m/libc_nano.a(lib_a-puts.o)
 .debug_loc     0x0000000000000242      0x11e /usr/lib/gcc/arm-none-eabi/4.9.3/../../../arm-none-eabi/lib/armv7e-m/libc_nano.a(lib_a-wbuf.o)
 .debug_loc     0x0000000000000360       0x5d /usr/lib/gcc/arm-none-eabi/4.9.3/../../../arm-none-eabi/lib/armv7e-m/libc_nano.a(lib_a-wsetup.o)
 .debug_loc     0x00000000000003bd      0x24c /usr/lib/gcc/arm-none-eabi/4.9.3/../../../arm-none-eabi/lib/armv7e-m/libc_nano.a(lib_a-fflush.o)
 .debug_loc     0x0000000000000609      0x200 /usr/lib/gcc/arm-none-eabi/4.9.3/../../../arm-none-eabi/lib/armv7e-m/libc_nano.a(lib_a-findfp.o)
 .debug_loc     0x0000000000000809      0x11f /usr/lib/gcc/arm-none-eabi/4.9.3/../../../arm-none-eabi/lib/armv7e-m/libc_nano.a(lib_a-fwalk.o)
 .debug_loc     0x0000000000000928       0xee /usr/lib/gcc/arm-none-eabi/4.9.3/../../../arm-none-eabi/lib/armv7e-m/libc_nano.a(lib_a-makebuf.o)
 .debug_loc     0x0000000000000a16      0x172 /usr/lib/gcc/arm-none-eabi/4.9.3/../../../arm-none-eabi/lib/armv7e-m/libc_nano.a(lib_a-nano-freer.o)
 .debug_loc     0x0000000000000b88      0x304 /usr/lib/gcc/arm-none-eabi/4.9.3/../../../arm-none-eabi/lib/armv7e-m/libc_nano.a(lib_a-nano-mallocr.o)
 .debug_loc     0x0000000000000e8c       0x4d /usr/lib/gcc/arm-none-eabi/4.9.3/../../../arm-none-eabi/lib/armv7e-m/libc_nano.a(lib_a-sbrkr.o)
 .debug_loc     0x0000000000000ed9      0x236 /usr/lib/gcc/arm-none-eabi/4.9.3/../../../arm-none-eabi/lib/armv7e-m/libc_nano.a(lib_a-stdio.o)
 .debug_loc     0x000000000000110f       0xa5 /usr/lib/gcc/arm-none-eabi/4.9.3/../../../arm-none-eabi/lib/armv7e-m/libc_nano.a(lib_a-writer.o)
 .debug_loc     0x00000000000011b4       0x4d /usr/lib/gcc/arm-none-eabi/4.9.3/../../../arm-none-eabi/lib/armv7e-m/libc_nano.a(lib_a-closer.o)
 .debug_loc     0x0000000000001201       0x79 /usr/lib/gcc/arm-none-eabi/4.9.3/../../../arm-none-eabi/lib/armv7e-m/libc_nano.a(lib_a-fstatr.o)
 .debug_loc     0x000000000000127a       0x4d /usr/lib/gcc/arm-none-eabi/4.9.3/../../../arm-none-eabi/lib/armv7e-m/libc_nano.a(lib_a-isattyr.o)
 .debug_loc     0x00000000000012c7       0xa5 /usr/lib/gcc/arm-none-eabi/4.9.3/../../../arm-none-eabi/lib/armv7e-m/libc_nano.a(lib_a-lseekr.o)
 .debug_loc     0x000000000000136c       0xa5 /usr/lib/gcc/arm-none-eabi/4.9.3/../../../arm-none-eabi/lib/armv7e-m/libc_nano.a(lib_a-readr.o)
 .debug_loc     0x0000000000001411       0xfa /usr/lib/gcc/arm-none-eabi/4.9.3/../../../arm-none-eabi/lib/armv7e-m/libc_nano.a(lib_a-reent.o)
 .debug_loc     0x000000000000150b       0x21 /usr/lib/gcc/arm-none-eabi/4.9.3/../../../arm-none-eabi/lib/armv7e-m/libnosys.a(close.o)
 .debug_loc     0x000000000000152c       0x21 /usr/lib/gcc/arm-none-eabi/4.9.3/../../../arm-none-eabi/lib/armv7e-m/libnosys.a(fstat.o)
 .debug_loc     0x000000000000154d       0x21 /usr/lib/gcc/arm-none-eabi/4.9.3/../../../arm-none-eabi/lib/armv7e-m/libnosys.a(isatty.o)
 .debug_loc     0x000000000000156e       0x42 /usr/lib/gcc/arm-none-eabi/4.9.3/../../../arm-none-eabi/lib/armv7e-m/libnosys.a(lseek.o)
 .debug_loc     0x00000000000015b0       0x42 /usr/lib/gcc/arm-none-eabi/4.9.3/../../../arm-none-eabi/lib/armv7e-m/libnosys.a(read.o)
 .debug_loc     0x00000000000015f2       0x21 /usr/lib/gcc/arm-none-eabi/4.9.3/../../../arm-none-eabi/lib/armv7e-m/libnosys.a(sbrk.o)
 .debug_loc     0x0000000000001613       0x42 /usr/lib/gcc/arm-none-eabi/4.9.3/../../../arm-none-eabi/lib/armv7e-m/libnosys.a(write.o)

.stab           0x0000000000000000       0x9c
 .stab          0x0000000000000000       0x24 /usr/lib/gcc/arm-none-eabi/4.9.3/../../../arm-none-eabi/lib/armv7e-m/libnosys.a(close.o)
 .stab          0x0000000000000024       0x18 /usr/lib/gcc/arm-none-eabi/4.9.3/../../../arm-none-eabi/lib/armv7e-m/libnosys.a(fstat.o)
                                         0x24 (size before relaxing)
 .stab          0x000000000000003c       0x18 /usr/lib/gcc/arm-none-eabi/4.9.3/../../../arm-none-eabi/lib/armv7e-m/libnosys.a(isatty.o)
                                         0x24 (size before relaxing)
 .stab          0x0000000000000054       0x18 /usr/lib/gcc/arm-none-eabi/4.9.3/../../../arm-none-eabi/lib/armv7e-m/libnosys.a(lseek.o)
                                         0x24 (size before relaxing)
 .stab          0x000000000000006c       0x18 /usr/lib/gcc/arm-none-eabi/4.9.3/../../../arm-none-eabi/lib/armv7e-m/libnosys.a(read.o)
                                         0x24 (size before relaxing)
 .stab          0x0000000000000084       0x18 /usr/lib/gcc/arm-none-eabi/4.9.3/../../../arm-none-eabi/lib/armv7e-m/libnosys.a(write.o)
                                         0x24 (size before relaxing)

.stabstr        0x0000000000000000      0x14d
 .stabstr       0x0000000000000000      0x14d /usr/lib/gcc/arm-none-eabi/4.9.3/../../../arm-none-eabi/lib/armv7e-m/libnosys.a(close.o)
